src/components/CreateFormulaForm.tsx(81,69): error TS2345: Argument of type '{ method: string; body: string; }' is not assignable to parameter of type 'string'.
src/components/CreateFormulaForm.tsx(100,69): error TS2345: Argument of type '{ method: string; body: string; }' is not assignable to parameter of type 'string'.
src/components/CreateFormulaForm.tsx(103,32): error TS2339: Property 'id' does not exist on type 'Response'.
src/components/pos/invoice-template.ts(131,32): error TS7006: Parameter 'item' implicitly has an 'any' type.
src/components/pos/thermal-printer.tsx(158,20): error TS2345: Argument of type '{ billNumber: string; billDate: string; customerDetails: { name: string; }; salesMan: string; items: { name: string; sku: string; quantity: number; price: string; total: number; mrp: number; }[]; subtotal: number; ... 8 more ...; notes: string; }' is not assignable to parameter of type 'ReceiptData'.
  Types of property 'items' are incompatible.
    Type '{ name: string; sku: string; quantity: number; price: string; total: number; mrp: number; }[]' is not assignable to type 'ReceiptItem[]'.
      Property 'id' is missing in type '{ name: string; sku: string; quantity: number; price: string; total: number; mrp: number; }' but required in type 'ReceiptItem'.
src/components/ui/sidebar.tsx(6,10): error TS2724: '"@/hooks/use-mobile"' has no exported member named 'useIsMobile'. Did you mean 'useMobile'?
src/main.tsx(129,11): error TS18046: 'error' is of type 'unknown'.
src/pages/add-item-dashboard.tsx(605,13): error TS18046: 'networkError' is of type 'unknown'.
src/pages/add-item-dashboard.tsx(605,50): error TS18046: 'networkError' is of type 'unknown'.
src/pages/add-item-dashboard.tsx(610,13): error TS18046: 'networkError' is of type 'unknown'.
src/pages/add-item-dashboard.tsx(611,11): error TS18046: 'networkError' is of type 'unknown'.
src/pages/add-item-dashboard.tsx(612,11): error TS18046: 'networkError' is of type 'unknown'.
src/pages/add-item-dashboard.tsx(613,11): error TS18046: 'networkError' is of type 'unknown'.
src/pages/add-item-dashboard.tsx(614,11): error TS18046: 'networkError' is of type 'unknown'.
src/pages/add-item-dashboard.tsx(779,19): error TS2339: Property 'name' does not exist on type 'UseFormReturn<{ itemCode: string; itemName: string; manufacturerName: string; supplierName: string; alias: string; aboutProduct: string; itemProductType: string; department: string; mainCategory: string; ... 19 more ...; itemIngredients: string; }, any, { ...; }>'.
src/pages/add-item-dashboard.tsx(781,25): error TS2339: Property 'name' does not exist on type 'UseFormReturn<{ itemCode: string; itemName: string; manufacturerName: string; supplierName: string; alias: string; aboutProduct: string; itemProductType: string; department: string; mainCategory: string; ... 19 more ...; itemIngredients: string; }, any, { ...; }>'.
src/pages/add-item-dashboard.tsx(785,19): error TS2339: Property 'itemCode' does not exist on type 'UseFormReturn<{ itemCode: string; itemName: string; manufacturerName: string; supplierName: string; alias: string; aboutProduct: string; itemProductType: string; department: string; mainCategory: string; ... 19 more ...; itemIngredients: string; }, any, { ...; }>'.
src/pages/add-item-dashboard.tsx(787,25): error TS2339: Property 'itemCode' does not exist on type 'UseFormReturn<{ itemCode: string; itemName: string; manufacturerName: string; supplierName: string; alias: string; aboutProduct: string; itemProductType: string; department: string; mainCategory: string; ... 19 more ...; itemIngredients: string; }, any, { ...; }>'.
src/pages/add-item-dashboard.tsx(792,19): error TS2339: Property 'price' does not exist on type 'UseFormReturn<{ itemCode: string; itemName: string; manufacturerName: string; supplierName: string; alias: string; aboutProduct: string; itemProductType: string; department: string; mainCategory: string; ... 19 more ...; itemIngredients: string; }, any, { ...; }>'.
src/pages/add-item-dashboard.tsx(795,41): error TS2339: Property 'price' does not exist on type 'UseFormReturn<{ itemCode: string; itemName: string; manufacturerName: string; supplierName: string; alias: string; aboutProduct: string; itemProductType: string; department: string; mainCategory: string; ... 19 more ...; itemIngredients: string; }, any, { ...; }>'.
src/pages/add-item-dashboard.tsx(804,18): error TS2339: Property 'cost' does not exist on type 'UseFormReturn<{ itemCode: string; itemName: string; manufacturerName: string; supplierName: string; alias: string; aboutProduct: string; itemProductType: string; department: string; mainCategory: string; ... 19 more ...; itemIngredients: string; }, any, { ...; }>'.
src/pages/add-item-dashboard.tsx(805,40): error TS2339: Property 'cost' does not exist on type 'UseFormReturn<{ itemCode: string; itemName: string; manufacturerName: string; supplierName: string; alias: string; aboutProduct: string; itemProductType: string; department: string; mainCategory: string; ... 19 more ...; itemIngredients: string; }, any, { ...; }>'.
src/pages/add-item-dashboard.tsx(814,18): error TS2339: Property 'mrp' does not exist on type 'UseFormReturn<{ itemCode: string; itemName: string; manufacturerName: string; supplierName: string; alias: string; aboutProduct: string; itemProductType: string; department: string; mainCategory: string; ... 19 more ...; itemIngredients: string; }, any, { ...; }>'.
src/pages/add-item-dashboard.tsx(815,39): error TS2339: Property 'mrp' does not exist on type 'UseFormReturn<{ itemCode: string; itemName: string; manufacturerName: string; supplierName: string; alias: string; aboutProduct: string; itemProductType: string; department: string; mainCategory: string; ... 19 more ...; itemIngredients: string; }, any, { ...; }>'.
src/pages/add-item-dashboard.tsx(816,41): error TS2339: Property 'price' does not exist on type 'UseFormReturn<{ itemCode: string; itemName: string; manufacturerName: string; supplierName: string; alias: string; aboutProduct: string; itemProductType: string; department: string; mainCategory: string; ... 19 more ...; itemIngredients: string; }, any, { ...; }>'.
src/pages/add-item-dashboard.tsx(825,18): error TS2339: Property 'stockQuantity' does not exist on type 'UseFormReturn<{ itemCode: string; itemName: string; manufacturerName: string; supplierName: string; alias: string; aboutProduct: string; itemProductType: string; department: string; mainCategory: string; ... 19 more ...; itemIngredients: string; }, any, { ...; }>'.
src/pages/add-item-dashboard.tsx(826,39): error TS2339: Property 'stockQuantity' does not exist on type 'UseFormReturn<{ itemCode: string; itemName: string; manufacturerName: string; supplierName: string; alias: string; aboutProduct: string; itemProductType: string; department: string; mainCategory: string; ... 19 more ...; itemIngredients: string; }, any, { ...; }>'.
src/pages/add-item-dashboard.tsx(835,18): error TS2339: Property 'alertThreshold' does not exist on type 'UseFormReturn<{ itemCode: string; itemName: string; manufacturerName: string; supplierName: string; alias: string; aboutProduct: string; itemProductType: string; department: string; mainCategory: string; ... 19 more ...; itemIngredients: string; }, any, { ...; }>'.
src/pages/add-item-dashboard.tsx(836,43): error TS2339: Property 'alertThreshold' does not exist on type 'UseFormReturn<{ itemCode: string; itemName: string; manufacturerName: string; supplierName: string; alias: string; aboutProduct: string; itemProductType: string; department: string; mainCategory: string; ... 19 more ...; itemIngredients: string; }, any, { ...; }>'.
src/pages/add-item-dashboard.tsx(843,18): error TS2339: Property 'cgstRate' does not exist on type 'UseFormReturn<{ itemCode: string; itemName: string; manufacturerName: string; supplierName: string; alias: string; aboutProduct: string; itemProductType: string; department: string; mainCategory: string; ... 19 more ...; itemIngredients: string; }, any, { ...; }>'.
src/pages/add-item-dashboard.tsx(844,40): error TS2339: Property 'cgstRate' does not exist on type 'UseFormReturn<{ itemCode: string; itemName: string; manufacturerName: string; supplierName: string; alias: string; aboutProduct: string; itemProductType: string; department: string; mainCategory: string; ... 19 more ...; itemIngredients: string; }, any, { ...; }>'.
src/pages/add-item-dashboard.tsx(850,18): error TS2339: Property 'sgstRate' does not exist on type 'UseFormReturn<{ itemCode: string; itemName: string; manufacturerName: string; supplierName: string; alias: string; aboutProduct: string; itemProductType: string; department: string; mainCategory: string; ... 19 more ...; itemIngredients: string; }, any, { ...; }>'.
src/pages/add-item-dashboard.tsx(851,40): error TS2339: Property 'sgstRate' does not exist on type 'UseFormReturn<{ itemCode: string; itemName: string; manufacturerName: string; supplierName: string; alias: string; aboutProduct: string; itemProductType: string; department: string; mainCategory: string; ... 19 more ...; itemIngredients: string; }, any, { ...; }>'.
src/pages/add-item-dashboard.tsx(857,18): error TS2339: Property 'igstRate' does not exist on type 'UseFormReturn<{ itemCode: string; itemName: string; manufacturerName: string; supplierName: string; alias: string; aboutProduct: string; itemProductType: string; department: string; mainCategory: string; ... 19 more ...; itemIngredients: string; }, any, { ...; }>'.
src/pages/add-item-dashboard.tsx(858,40): error TS2339: Property 'igstRate' does not exist on type 'UseFormReturn<{ itemCode: string; itemName: string; manufacturerName: string; supplierName: string; alias: string; aboutProduct: string; itemProductType: string; department: string; mainCategory: string; ... 19 more ...; itemIngredients: string; }, any, { ...; }>'.
src/pages/add-item-dashboard.tsx(886,16): error TS2339: Property 'name' does not exist on type 'UseFormReturn<{ itemCode: string; itemName: string; manufacturerName: string; supplierName: string; alias: string; aboutProduct: string; itemProductType: string; department: string; mainCategory: string; ... 19 more ...; itemIngredients: string; }, any, { ...; }>'.
src/pages/add-item-dashboard.tsx(887,16): error TS2339: Property 'itemCode' does not exist on type 'UseFormReturn<{ itemCode: string; itemName: string; manufacturerName: string; supplierName: string; alias: string; aboutProduct: string; itemProductType: string; department: string; mainCategory: string; ... 19 more ...; itemIngredients: string; }, any, { ...; }>'.
src/pages/add-item-dashboard.tsx(888,27): error TS2339: Property 'price' does not exist on type 'UseFormReturn<{ itemCode: string; itemName: string; manufacturerName: string; supplierName: string; alias: string; aboutProduct: string; itemProductType: string; department: string; mainCategory: string; ... 19 more ...; itemIngredients: string; }, any, { ...; }>'.
src/pages/add-item-dashboard.tsx(889,27): error TS2339: Property 'cost' does not exist on type 'UseFormReturn<{ itemCode: string; itemName: string; manufacturerName: string; supplierName: string; alias: string; aboutProduct: string; itemProductType: string; department: string; mainCategory: string; ... 19 more ...; itemIngredients: string; }, any, { ...; }>'.
src/pages/add-item-dashboard.tsx(890,25): error TS2339: Property 'stockQuantity' does not exist on type 'UseFormReturn<{ itemCode: string; itemName: string; manufacturerName: string; supplierName: string; alias: string; aboutProduct: string; itemProductType: string; department: string; mainCategory: string; ... 19 more ...; itemIngredients: string; }, any, { ...; }>'.
src/pages/add-item-dashboard.tsx(891,16): error TS2339: Property 'aboutProduct' does not exist on type 'UseFormReturn<{ itemCode: string; itemName: string; manufacturerName: string; supplierName: string; alias: string; aboutProduct: string; itemProductType: string; department: string; mainCategory: string; ... 19 more ...; itemIngredients: string; }, any, { ...; }>'.
src/pages/add-item-dashboard.tsx(957,24): error TS2339: Property 'taxRate' does not exist on type '{ image: string | null; id: number; name: string; description: string | null; active: boolean; updatedAt: Date; brand: string | null; createdAt: Date; taxCalculationMethod: string | null; ... 61 more ...; itemIngredients: string | null; }'.
src/pages/add-item-dashboard.tsx(957,49): error TS2339: Property 'taxRate' does not exist on type '{ image: string | null; id: number; name: string; description: string | null; active: boolean; updatedAt: Date; brand: string | null; createdAt: Date; taxCalculationMethod: string | null; ... 61 more ...; itemIngredients: string | null; }'.
src/pages/add-item-dashboard.tsx(1850,36): error TS2304: Cannot find name 'createExampleProduct'.
src/pages/add-item-dashboard.tsx(3181,46): error TS18046: 'categories' is of type 'unknown'.
src/pages/add-item-professional.tsx(57,3): error TS2305: Module '"@/lib/gst-calculator"' has no exported member 'suggestGSTRate'.
src/pages/add-item-professional.tsx(60,3): error TS2305: Module '"@/lib/gst-calculator"' has no exported member 'validateHSNCode'.
src/pages/add-item-professional.tsx(286,29): error TS7006: Parameter 'cat' implicitly has an 'any' type.
src/pages/add-item-professional.tsx(291,28): error TS7006: Parameter 'codeRaw' implicitly has an 'any' type.
src/pages/add-item-professional.tsx(1584,85): error TS7006: Parameter 'tc' implicitly has an 'any' type.
src/pages/add-item-professional.tsx(1650,76): error TS7006: Parameter 'c' implicitly has an 'any' type.
src/pages/add-item-professional.tsx(1701,77): error TS7006: Parameter 'c' implicitly has an 'any' type.
src/pages/add-item-professional.tsx(1705,76): error TS7006: Parameter 'c' implicitly has an 'any' type.
src/pages/add-item-professional.tsx(1717,58): error TS7006: Parameter 'cat' implicitly has an 'any' type.
src/pages/brands.tsx(227,26): error TS18046: 'brands' is of type 'unknown'.
src/pages/brands.tsx(232,23): error TS18046: 'brands' is of type 'unknown'.
src/pages/brands.tsx(233,25): error TS18046: 'brands' is of type 'unknown'.
src/pages/cash-register-dashboard.tsx(915,17): error TS2322: Type 'boolean | null' is not assignable to type 'boolean | undefined'.
  Type 'null' is not assignable to type 'boolean | undefined'.
src/pages/categories.tsx(217,30): error TS18046: 'categories' is of type 'unknown'.
src/pages/categories.tsx(222,27): error TS18046: 'categories' is of type 'unknown'.
src/pages/categories.tsx(223,25): error TS18046: 'categories' is of type 'unknown'.
src/pages/create-product-formula.tsx(82,71): error TS2345: Argument of type '{ method: string; headers: { 'Content-Type': string; }; body: string; }' is not assignable to parameter of type 'string'.
src/pages/custom-label-printing.tsx(171,71): error TS2345: Argument of type '{ method: string; body: string; }' is not assignable to parameter of type 'string'.
src/pages/custom-label-printing.tsx(188,48): error TS2345: Argument of type '{ method: string; body: string; }' is not assignable to parameter of type 'string'.
src/pages/custom-label-printing.tsx(205,74): error TS2345: Argument of type '{ method: string; }' is not assignable to parameter of type 'string'.
src/pages/custom-label-printing.tsx(218,64): error TS2345: Argument of type '{ method: string; body: string; }' is not assignable to parameter of type 'string'.
src/pages/custom-label-printing.tsx(235,86): error TS2345: Argument of type '{ method: string; }' is not assignable to parameter of type 'string'.
src/pages/custom-label-printing.tsx(251,9): error TS18046: 'templates' is of type 'unknown'.
src/pages/custom-label-printing.tsx(252,31): error TS18046: 'templates' is of type 'unknown'.
src/pages/custom-label-printing.tsx(252,84): error TS18046: 'templates' is of type 'unknown'.
src/pages/custom-label-printing.tsx(258,9): error TS18046: 'printers' is of type 'unknown'.
src/pages/custom-label-printing.tsx(259,30): error TS18046: 'printers' is of type 'unknown'.
src/pages/custom-label-printing.tsx(259,76): error TS18046: 'printers' is of type 'unknown'.
src/pages/custom-label-printing.tsx(405,16): error TS18046: 'templates' is of type 'unknown'.
src/pages/custom-label-printing.tsx(473,16): error TS18046: 'printers' is of type 'unknown'.
src/pages/custom-label-printing.tsx(541,20): error TS18046: 'products' is of type 'unknown'.
src/pages/custom-label-printing.tsx(555,37): error TS18046: 'products' is of type 'unknown'.
src/pages/custom-label-printing.tsx(617,14): error TS18046: 'printJobs' is of type 'unknown'.
src/pages/custom-label-printing.tsx(622,15): error TS18046: 'printJobs' is of type 'unknown'.
src/pages/expense-categories.tsx(111,30): error TS18046: 'categories' is of type 'unknown'.
src/pages/expense-categories.tsx(315,36): error TS18046: 'categories' is of type 'unknown'.
src/pages/expense-management.tsx(143,28): error TS18046: 'expenses' is of type 'unknown'.
src/pages/expense-management.tsx(191,9): error TS2322: Type 'unknown' is not assignable to type 'ReactNode'.
src/pages/expense-management.tsx(232,32): error TS18046: 'categories' is of type 'unknown'.
src/pages/expense-management.tsx(327,32): error TS18046: 'suppliers' is of type 'unknown'.
src/pages/expense-management.tsx(439,61): error TS2339: Property 'totalExpenses' does not exist on type '{}'.
src/pages/expense-management.tsx(448,60): error TS2339: Property 'pendingExpenses' does not exist on type '{}'.
src/pages/expense-management.tsx(457,61): error TS2339: Property 'thisMonthTotal' does not exist on type '{}'.
src/pages/expense-management.tsx(466,61): error TS2339: Property 'lastMonthTotal' does not exist on type '{}'.
src/pages/expense-management.tsx(505,20): error TS18046: 'categories' is of type 'unknown'.
src/pages/manufacturing-dashboard.tsx(190,5): error TS2769: No overload matches this call.
  Overload 1 of 3, '(options: DefinedInitialDataOptions<ManufacturingStats, Error, ManufacturingStats, readonly unknown[]>, queryClient?: QueryClient | undefined): DefinedUseQueryResult<...>', gave the following error.
    Type '() => Promise<Response>' is not assignable to type 'QueryFunction<ManufacturingStats, readonly unknown[]>'.
      Type 'Promise<Response>' is not assignable to type 'ManufacturingStats | Promise<ManufacturingStats>'.
        Type 'Promise<Response>' is not assignable to type 'Promise<ManufacturingStats>'.
          Type 'Response' is missing the following properties from type 'ManufacturingStats': totalOrders, ordersInProgress, completedToday, qualityIssues, and 4 more.
  Overload 2 of 3, '(options: UndefinedInitialDataOptions<ManufacturingStats, Error, ManufacturingStats, readonly unknown[]>, queryClient?: QueryClient | undefined): UseQueryResult<...>', gave the following error.
    Type '() => Promise<Response>' is not assignable to type 'unique symbol | QueryFunction<ManufacturingStats, readonly unknown[], never> | undefined'.
      Type '() => Promise<Response>' is not assignable to type 'QueryFunction<ManufacturingStats, readonly unknown[], never>'.
        Type 'Promise<Response>' is not assignable to type 'ManufacturingStats | Promise<ManufacturingStats>'.
          Type 'Promise<Response>' is not assignable to type 'Promise<ManufacturingStats>'.
            Type 'Response' is missing the following properties from type 'ManufacturingStats': totalOrders, ordersInProgress, completedToday, qualityIssues, and 4 more.
  Overload 3 of 3, '(options: UseQueryOptions<ManufacturingStats, Error, ManufacturingStats, readonly unknown[]>, queryClient?: QueryClient | undefined): UseQueryResult<...>', gave the following error.
    Type '() => Promise<Response>' is not assignable to type 'unique symbol | QueryFunction<ManufacturingStats, readonly unknown[], never> | undefined'.
      Type '() => Promise<Response>' is not assignable to type 'QueryFunction<ManufacturingStats, readonly unknown[], never>'.
        Type 'Promise<Response>' is not assignable to type 'ManufacturingStats | Promise<ManufacturingStats>'.
          Type 'Promise<Response>' is not assignable to type 'Promise<ManufacturingStats>'.
            Type 'Response' is missing the following properties from type 'ManufacturingStats': totalOrders, ordersInProgress, completedToday, qualityIssues, and 4 more.
src/pages/manufacturing-dashboard.tsx(190,20): error TS2554: Expected 2-3 arguments, but got 1.
src/pages/manufacturing-dashboard.tsx(195,5): error TS2769: No overload matches this call.
  Overload 1 of 3, '(options: DefinedInitialDataOptions<{ id: number; status: string | null; updatedAt: Date; createdAt: Date; orderNumber: string; productId: number; notes: string | null; expiryDate: Date | null; targetQuantity: number; ... 8 more ...; assignedUserId: number | null; }[], Error, { ...; }[], readonly unknown[]>, queryClient?: QueryClient | undefined): DefinedUseQueryResult<...>', gave the following error.
    Type '() => Promise<Response>' is not assignable to type 'QueryFunction<{ id: number; status: string | null; updatedAt: Date; createdAt: Date; orderNumber: string; productId: number; notes: string | null; expiryDate: Date | null; targetQuantity: number; ... 8 more ...; assignedUserId: number | null; }[], readonly unknown[]>'.
      Type 'Promise<Response>' is not assignable to type '{ id: number; status: string | null; updatedAt: Date; createdAt: Date; orderNumber: string; productId: number; notes: string | null; expiryDate: Date | null; targetQuantity: number; ... 8 more ...; assignedUserId: number | null; }[] | Promise<...>'.
        Type 'Promise<Response>' is not assignable to type 'Promise<{ id: number; status: string | null; updatedAt: Date; createdAt: Date; orderNumber: string; productId: number; notes: string | null; expiryDate: Date | null; targetQuantity: number; ... 8 more ...; assignedUserId: number | null; }[]>'.
          Type 'Response' is missing the following properties from type '{ id: number; status: string | null; updatedAt: Date; createdAt: Date; orderNumber: string; productId: number; notes: string | null; expiryDate: Date | null; targetQuantity: number; ... 8 more ...; assignedUserId: number | null; }[]': length, pop, push, concat, and 35 more.
  Overload 2 of 3, '(options: UndefinedInitialDataOptions<{ id: number; status: string | null; updatedAt: Date; createdAt: Date; orderNumber: string; productId: number; notes: string | null; expiryDate: Date | null; targetQuantity: number; ... 8 more ...; assignedUserId: number | null; }[], Error, { ...; }[], readonly unknown[]>, queryClient?: QueryClient | undefined): UseQueryResult<...>', gave the following error.
    Type '() => Promise<Response>' is not assignable to type 'unique symbol | QueryFunction<{ id: number; status: string | null; updatedAt: Date; createdAt: Date; orderNumber: string; productId: number; notes: string | null; expiryDate: Date | null; ... 9 more ...; assignedUserId: number | null; }[], readonly unknown[], never> | undefined'.
      Type '() => Promise<Response>' is not assignable to type 'QueryFunction<{ id: number; status: string | null; updatedAt: Date; createdAt: Date; orderNumber: string; productId: number; notes: string | null; expiryDate: Date | null; targetQuantity: number; ... 8 more ...; assignedUserId: number | null; }[], readonly unknown[], never>'.
        Type 'Promise<Response>' is not assignable to type '{ id: number; status: string | null; updatedAt: Date; createdAt: Date; orderNumber: string; productId: number; notes: string | null; expiryDate: Date | null; targetQuantity: number; ... 8 more ...; assignedUserId: number | null; }[] | Promise<...>'.
          Type 'Promise<Response>' is not assignable to type 'Promise<{ id: number; status: string | null; updatedAt: Date; createdAt: Date; orderNumber: string; productId: number; notes: string | null; expiryDate: Date | null; targetQuantity: number; ... 8 more ...; assignedUserId: number | null; }[]>'.
            Type 'Response' is missing the following properties from type '{ id: number; status: string | null; updatedAt: Date; createdAt: Date; orderNumber: string; productId: number; notes: string | null; expiryDate: Date | null; targetQuantity: number; ... 8 more ...; assignedUserId: number | null; }[]': length, pop, push, concat, and 35 more.
  Overload 3 of 3, '(options: UseQueryOptions<{ id: number; status: string | null; updatedAt: Date; createdAt: Date; orderNumber: string; productId: number; notes: string | null; expiryDate: Date | null; targetQuantity: number; ... 8 more ...; assignedUserId: number | null; }[], Error, { ...; }[], readonly unknown[]>, queryClient?: QueryClient | undefined): UseQueryResult<...>', gave the following error.
    Type '() => Promise<Response>' is not assignable to type 'unique symbol | QueryFunction<{ id: number; status: string | null; updatedAt: Date; createdAt: Date; orderNumber: string; productId: number; notes: string | null; expiryDate: Date | null; ... 9 more ...; assignedUserId: number | null; }[], readonly unknown[], never> | undefined'.
      Type '() => Promise<Response>' is not assignable to type 'QueryFunction<{ id: number; status: string | null; updatedAt: Date; createdAt: Date; orderNumber: string; productId: number; notes: string | null; expiryDate: Date | null; targetQuantity: number; ... 8 more ...; assignedUserId: number | null; }[], readonly unknown[], never>'.
        Type 'Promise<Response>' is not assignable to type '{ id: number; status: string | null; updatedAt: Date; createdAt: Date; orderNumber: string; productId: number; notes: string | null; expiryDate: Date | null; targetQuantity: number; ... 8 more ...; assignedUserId: number | null; }[] | Promise<...>'.
          Type 'Promise<Response>' is not assignable to type 'Promise<{ id: number; status: string | null; updatedAt: Date; createdAt: Date; orderNumber: string; productId: number; notes: string | null; expiryDate: Date | null; targetQuantity: number; ... 8 more ...; assignedUserId: number | null; }[]>'.
            Type 'Response' is missing the following properties from type '{ id: number; status: string | null; updatedAt: Date; createdAt: Date; orderNumber: string; productId: number; notes: string | null; expiryDate: Date | null; targetQuantity: number; ... 8 more ...; assignedUserId: number | null; }[]': length, pop, push, concat, and 35 more.
src/pages/manufacturing-dashboard.tsx(195,20): error TS2554: Expected 2-3 arguments, but got 1.
src/pages/manufacturing-dashboard.tsx(200,5): error TS2769: No overload matches this call.
  Overload 1 of 3, '(options: DefinedInitialDataOptions<{ id: number; status: string | null; createdAt: Date; productId: number; quantity: number; expiryDate: Date | null; batchNumber: string; manufacturingDate: Date; ... 4 more ...; storageLocation: string | null; }[], Error, { ...; }[], readonly unknown[]>, queryClient?: QueryClient | undefined): DefinedUseQueryResult<...>', gave the following error.
    Type '() => Promise<Response>' is not assignable to type 'QueryFunction<{ id: number; status: string | null; createdAt: Date; productId: number; quantity: number; expiryDate: Date | null; batchNumber: string; manufacturingDate: Date; manufacturingOrderId: number | null; costPerUnit: string | null; totalCost: string | null; qualityGrade: string | null; storageLocation: stri...'.
      Type 'Promise<Response>' is not assignable to type '{ id: number; status: string | null; createdAt: Date; productId: number; quantity: number; expiryDate: Date | null; batchNumber: string; manufacturingDate: Date; manufacturingOrderId: number | null; costPerUnit: string | null; totalCost: string | null; qualityGrade: string | null; storageLocation: string | null; }[]...'.
        Type 'Promise<Response>' is not assignable to type 'Promise<{ id: number; status: string | null; createdAt: Date; productId: number; quantity: number; expiryDate: Date | null; batchNumber: string; manufacturingDate: Date; manufacturingOrderId: number | null; costPerUnit: string | null; totalCost: string | null; qualityGrade: string | null; storageLocation: string | n...'.
          Type 'Response' is missing the following properties from type '{ id: number; status: string | null; createdAt: Date; productId: number; quantity: number; expiryDate: Date | null; batchNumber: string; manufacturingDate: Date; manufacturingOrderId: number | null; costPerUnit: string | null; totalCost: string | null; qualityGrade: string | null; storageLocation: string | null; }[]': length, pop, push, concat, and 35 more.
  Overload 2 of 3, '(options: UndefinedInitialDataOptions<{ id: number; status: string | null; createdAt: Date; productId: number; quantity: number; expiryDate: Date | null; batchNumber: string; manufacturingDate: Date; ... 4 more ...; storageLocation: string | null; }[], Error, { ...; }[], readonly unknown[]>, queryClient?: QueryClient | undefined): UseQueryResult<...>', gave the following error.
    Type '() => Promise<Response>' is not assignable to type 'unique symbol | QueryFunction<{ id: number; status: string | null; createdAt: Date; productId: number; quantity: number; expiryDate: Date | null; batchNumber: string; manufacturingDate: Date; ... 4 more ...; storageLocation: string | null; }[], readonly unknown[], never> | undefined'.
      Type '() => Promise<Response>' is not assignable to type 'QueryFunction<{ id: number; status: string | null; createdAt: Date; productId: number; quantity: number; expiryDate: Date | null; batchNumber: string; manufacturingDate: Date; manufacturingOrderId: number | null; costPerUnit: string | null; totalCost: string | null; qualityGrade: string | null; storageLocation: stri...'.
        Type 'Promise<Response>' is not assignable to type '{ id: number; status: string | null; createdAt: Date; productId: number; quantity: number; expiryDate: Date | null; batchNumber: string; manufacturingDate: Date; manufacturingOrderId: number | null; costPerUnit: string | null; totalCost: string | null; qualityGrade: string | null; storageLocation: string | null; }[]...'.
          Type 'Promise<Response>' is not assignable to type 'Promise<{ id: number; status: string | null; createdAt: Date; productId: number; quantity: number; expiryDate: Date | null; batchNumber: string; manufacturingDate: Date; manufacturingOrderId: number | null; costPerUnit: string | null; totalCost: string | null; qualityGrade: string | null; storageLocation: string | n...'.
            Type 'Response' is missing the following properties from type '{ id: number; status: string | null; createdAt: Date; productId: number; quantity: number; expiryDate: Date | null; batchNumber: string; manufacturingDate: Date; manufacturingOrderId: number | null; costPerUnit: string | null; totalCost: string | null; qualityGrade: string | null; storageLocation: string | null; }[]': length, pop, push, concat, and 35 more.
  Overload 3 of 3, '(options: UseQueryOptions<{ id: number; status: string | null; createdAt: Date; productId: number; quantity: number; expiryDate: Date | null; batchNumber: string; manufacturingDate: Date; ... 4 more ...; storageLocation: string | null; }[], Error, { ...; }[], readonly unknown[]>, queryClient?: QueryClient | undefined): UseQueryResult<...>', gave the following error.
    Type '() => Promise<Response>' is not assignable to type 'unique symbol | QueryFunction<{ id: number; status: string | null; createdAt: Date; productId: number; quantity: number; expiryDate: Date | null; batchNumber: string; manufacturingDate: Date; ... 4 more ...; storageLocation: string | null; }[], readonly unknown[], never> | undefined'.
      Type '() => Promise<Response>' is not assignable to type 'QueryFunction<{ id: number; status: string | null; createdAt: Date; productId: number; quantity: number; expiryDate: Date | null; batchNumber: string; manufacturingDate: Date; manufacturingOrderId: number | null; costPerUnit: string | null; totalCost: string | null; qualityGrade: string | null; storageLocation: stri...'.
        Type 'Promise<Response>' is not assignable to type '{ id: number; status: string | null; createdAt: Date; productId: number; quantity: number; expiryDate: Date | null; batchNumber: string; manufacturingDate: Date; manufacturingOrderId: number | null; costPerUnit: string | null; totalCost: string | null; qualityGrade: string | null; storageLocation: string | null; }[]...'.
          Type 'Promise<Response>' is not assignable to type 'Promise<{ id: number; status: string | null; createdAt: Date; productId: number; quantity: number; expiryDate: Date | null; batchNumber: string; manufacturingDate: Date; manufacturingOrderId: number | null; costPerUnit: string | null; totalCost: string | null; qualityGrade: string | null; storageLocation: string | n...'.
            Type 'Response' is missing the following properties from type '{ id: number; status: string | null; createdAt: Date; productId: number; quantity: number; expiryDate: Date | null; batchNumber: string; manufacturingDate: Date; manufacturingOrderId: number | null; costPerUnit: string | null; totalCost: string | null; qualityGrade: string | null; storageLocation: string | null; }[]': length, pop, push, concat, and 35 more.
src/pages/manufacturing-dashboard.tsx(200,20): error TS2554: Expected 2-3 arguments, but got 1.
src/pages/manufacturing-dashboard.tsx(205,5): error TS2769: No overload matches this call.
  Overload 1 of 3, '(options: DefinedInitialDataOptions<{ id: number; createdAt: Date; notes: string | null; manufacturingOrderId: number | null; batchId: number | null; checkType: string; checkDate: Date; checkResult: string; inspectorUserId: number; correctiveAction: string | null; reCheckRequired: boolean | null; reCheckDate: Date | null; }[], Error, { ...; }[], readonly unknown[]>, queryClient?: QueryClient | undefined): DefinedUseQueryResult<...>', gave the following error.
    Type '() => Promise<Response>' is not assignable to type 'QueryFunction<{ id: number; createdAt: Date; notes: string | null; manufacturingOrderId: number | null; batchId: number | null; checkType: string; checkDate: Date; checkResult: string; inspectorUserId: number; correctiveAction: string | null; reCheckRequired: boolean | null; reCheckDate: Date | null; }[], readonly u...'.
      Type 'Promise<Response>' is not assignable to type '{ id: number; createdAt: Date; notes: string | null; manufacturingOrderId: number | null; batchId: number | null; checkType: string; checkDate: Date; checkResult: string; inspectorUserId: number; correctiveAction: string | null; reCheckRequired: boolean | null; reCheckDate: Date | null; }[] | Promise<...>'.
        Type 'Promise<Response>' is not assignable to type 'Promise<{ id: number; createdAt: Date; notes: string | null; manufacturingOrderId: number | null; batchId: number | null; checkType: string; checkDate: Date; checkResult: string; inspectorUserId: number; correctiveAction: string | null; reCheckRequired: boolean | null; reCheckDate: Date | null; }[]>'.
          Type 'Response' is missing the following properties from type '{ id: number; createdAt: Date; notes: string | null; manufacturingOrderId: number | null; batchId: number | null; checkType: string; checkDate: Date; checkResult: string; inspectorUserId: number; correctiveAction: string | null; reCheckRequired: boolean | null; reCheckDate: Date | null; }[]': length, pop, push, concat, and 35 more.
  Overload 2 of 3, '(options: UndefinedInitialDataOptions<{ id: number; createdAt: Date; notes: string | null; manufacturingOrderId: number | null; batchId: number | null; checkType: string; checkDate: Date; checkResult: string; inspectorUserId: number; correctiveAction: string | null; reCheckRequired: boolean | null; reCheckDate: Date | null; }[], Error, { ...; }[], readonly unknown[]>, queryClient?: QueryClient | undefined): UseQueryResult<...>', gave the following error.
    Type '() => Promise<Response>' is not assignable to type 'unique symbol | QueryFunction<{ id: number; createdAt: Date; notes: string | null; manufacturingOrderId: number | null; batchId: number | null; checkType: string; checkDate: Date; ... 4 more ...; reCheckDate: Date | null; }[], readonly unknown[], never> | undefined'.
      Type '() => Promise<Response>' is not assignable to type 'QueryFunction<{ id: number; createdAt: Date; notes: string | null; manufacturingOrderId: number | null; batchId: number | null; checkType: string; checkDate: Date; checkResult: string; inspectorUserId: number; correctiveAction: string | null; reCheckRequired: boolean | null; reCheckDate: Date | null; }[], readonly u...'.
        Type 'Promise<Response>' is not assignable to type '{ id: number; createdAt: Date; notes: string | null; manufacturingOrderId: number | null; batchId: number | null; checkType: string; checkDate: Date; checkResult: string; inspectorUserId: number; correctiveAction: string | null; reCheckRequired: boolean | null; reCheckDate: Date | null; }[] | Promise<...>'.
          Type 'Promise<Response>' is not assignable to type 'Promise<{ id: number; createdAt: Date; notes: string | null; manufacturingOrderId: number | null; batchId: number | null; checkType: string; checkDate: Date; checkResult: string; inspectorUserId: number; correctiveAction: string | null; reCheckRequired: boolean | null; reCheckDate: Date | null; }[]>'.
            Type 'Response' is missing the following properties from type '{ id: number; createdAt: Date; notes: string | null; manufacturingOrderId: number | null; batchId: number | null; checkType: string; checkDate: Date; checkResult: string; inspectorUserId: number; correctiveAction: string | null; reCheckRequired: boolean | null; reCheckDate: Date | null; }[]': length, pop, push, concat, and 35 more.
  Overload 3 of 3, '(options: UseQueryOptions<{ id: number; createdAt: Date; notes: string | null; manufacturingOrderId: number | null; batchId: number | null; checkType: string; checkDate: Date; checkResult: string; inspectorUserId: number; correctiveAction: string | null; reCheckRequired: boolean | null; reCheckDate: Date | null; }[], Error, { ...; }[], readonly unknown[]>, queryClient?: QueryClient | undefined): UseQueryResult<...>', gave the following error.
    Type '() => Promise<Response>' is not assignable to type 'unique symbol | QueryFunction<{ id: number; createdAt: Date; notes: string | null; manufacturingOrderId: number | null; batchId: number | null; checkType: string; checkDate: Date; ... 4 more ...; reCheckDate: Date | null; }[], readonly unknown[], never> | undefined'.
      Type '() => Promise<Response>' is not assignable to type 'QueryFunction<{ id: number; createdAt: Date; notes: string | null; manufacturingOrderId: number | null; batchId: number | null; checkType: string; checkDate: Date; checkResult: string; inspectorUserId: number; correctiveAction: string | null; reCheckRequired: boolean | null; reCheckDate: Date | null; }[], readonly u...'.
        Type 'Promise<Response>' is not assignable to type '{ id: number; createdAt: Date; notes: string | null; manufacturingOrderId: number | null; batchId: number | null; checkType: string; checkDate: Date; checkResult: string; inspectorUserId: number; correctiveAction: string | null; reCheckRequired: boolean | null; reCheckDate: Date | null; }[] | Promise<...>'.
          Type 'Promise<Response>' is not assignable to type 'Promise<{ id: number; createdAt: Date; notes: string | null; manufacturingOrderId: number | null; batchId: number | null; checkType: string; checkDate: Date; checkResult: string; inspectorUserId: number; correctiveAction: string | null; reCheckRequired: boolean | null; reCheckDate: Date | null; }[]>'.
            Type 'Response' is missing the following properties from type '{ id: number; createdAt: Date; notes: string | null; manufacturingOrderId: number | null; batchId: number | null; checkType: string; checkDate: Date; checkResult: string; inspectorUserId: number; correctiveAction: string | null; reCheckRequired: boolean | null; reCheckDate: Date | null; }[]': length, pop, push, concat, and 35 more.
src/pages/manufacturing-dashboard.tsx(205,20): error TS2554: Expected 2-3 arguments, but got 1.
src/pages/manufacturing-dashboard.tsx(210,5): error TS2769: No overload matches this call.
  Overload 1 of 3, '(options: DefinedInitialDataOptions<{ id: number; name: string; description: string | null; unit: string; active: boolean | null; updatedAt: Date; createdAt: Date; supplierId: number | null; unitCost: string; storageLocation: string | null; currentStock: string | null; minStockLevel: string | null; expiryTracking: boolean | null; }[], Error, { ...; }[], readonly unknown[]>, queryClient?: QueryClient | undefined): DefinedUseQueryResult<...>', gave the following error.
    Type '() => Promise<Response>' is not assignable to type 'QueryFunction<{ id: number; name: string; description: string | null; unit: string; active: boolean | null; updatedAt: Date; createdAt: Date; supplierId: number | null; unitCost: string; storageLocation: string | null; currentStock: string | null; minStockLevel: string | null; expiryTracking: boolean | null; }[], re...'.
      Type 'Promise<Response>' is not assignable to type '{ id: number; name: string; description: string | null; unit: string; active: boolean | null; updatedAt: Date; createdAt: Date; supplierId: number | null; unitCost: string; storageLocation: string | null; currentStock: string | null; minStockLevel: string | null; expiryTracking: boolean | null; }[] | Promise<...>'.
        Type 'Promise<Response>' is not assignable to type 'Promise<{ id: number; name: string; description: string | null; unit: string; active: boolean | null; updatedAt: Date; createdAt: Date; supplierId: number | null; unitCost: string; storageLocation: string | null; currentStock: string | null; minStockLevel: string | null; expiryTracking: boolean | null; }[]>'.
          Type 'Response' is missing the following properties from type '{ id: number; name: string; description: string | null; unit: string; active: boolean | null; updatedAt: Date; createdAt: Date; supplierId: number | null; unitCost: string; storageLocation: string | null; currentStock: string | null; minStockLevel: string | null; expiryTracking: boolean | null; }[]': length, pop, push, concat, and 35 more.
  Overload 2 of 3, '(options: UndefinedInitialDataOptions<{ id: number; name: string; description: string | null; unit: string; active: boolean | null; updatedAt: Date; createdAt: Date; supplierId: number | null; unitCost: string; storageLocation: string | null; currentStock: string | null; minStockLevel: string | null; expiryTracking: boolean | null; }[], Error, { ...; }[], readonly unknown[]>, queryClient?: QueryClient | undefined): UseQueryResult<...>', gave the following error.
    Type '() => Promise<Response>' is not assignable to type 'unique symbol | QueryFunction<{ id: number; name: string; description: string | null; unit: string; active: boolean | null; updatedAt: Date; createdAt: Date; supplierId: number | null; ... 4 more ...; expiryTracking: boolean | null; }[], readonly unknown[], never> | undefined'.
      Type '() => Promise<Response>' is not assignable to type 'QueryFunction<{ id: number; name: string; description: string | null; unit: string; active: boolean | null; updatedAt: Date; createdAt: Date; supplierId: number | null; unitCost: string; storageLocation: string | null; currentStock: string | null; minStockLevel: string | null; expiryTracking: boolean | null; }[], re...'.
        Type 'Promise<Response>' is not assignable to type '{ id: number; name: string; description: string | null; unit: string; active: boolean | null; updatedAt: Date; createdAt: Date; supplierId: number | null; unitCost: string; storageLocation: string | null; currentStock: string | null; minStockLevel: string | null; expiryTracking: boolean | null; }[] | Promise<...>'.
          Type 'Promise<Response>' is not assignable to type 'Promise<{ id: number; name: string; description: string | null; unit: string; active: boolean | null; updatedAt: Date; createdAt: Date; supplierId: number | null; unitCost: string; storageLocation: string | null; currentStock: string | null; minStockLevel: string | null; expiryTracking: boolean | null; }[]>'.
            Type 'Response' is missing the following properties from type '{ id: number; name: string; description: string | null; unit: string; active: boolean | null; updatedAt: Date; createdAt: Date; supplierId: number | null; unitCost: string; storageLocation: string | null; currentStock: string | null; minStockLevel: string | null; expiryTracking: boolean | null; }[]': length, pop, push, concat, and 35 more.
  Overload 3 of 3, '(options: UseQueryOptions<{ id: number; name: string; description: string | null; unit: string; active: boolean | null; updatedAt: Date; createdAt: Date; supplierId: number | null; unitCost: string; storageLocation: string | null; currentStock: string | null; minStockLevel: string | null; expiryTracking: boolean | null; }[], Error, { ...; }[], readonly unknown[]>, queryClient?: QueryClient | undefined): UseQueryResult<...>', gave the following error.
    Type '() => Promise<Response>' is not assignable to type 'unique symbol | QueryFunction<{ id: number; name: string; description: string | null; unit: string; active: boolean | null; updatedAt: Date; createdAt: Date; supplierId: number | null; ... 4 more ...; expiryTracking: boolean | null; }[], readonly unknown[], never> | undefined'.
      Type '() => Promise<Response>' is not assignable to type 'QueryFunction<{ id: number; name: string; description: string | null; unit: string; active: boolean | null; updatedAt: Date; createdAt: Date; supplierId: number | null; unitCost: string; storageLocation: string | null; currentStock: string | null; minStockLevel: string | null; expiryTracking: boolean | null; }[], re...'.
        Type 'Promise<Response>' is not assignable to type '{ id: number; name: string; description: string | null; unit: string; active: boolean | null; updatedAt: Date; createdAt: Date; supplierId: number | null; unitCost: string; storageLocation: string | null; currentStock: string | null; minStockLevel: string | null; expiryTracking: boolean | null; }[] | Promise<...>'.
          Type 'Promise<Response>' is not assignable to type 'Promise<{ id: number; name: string; description: string | null; unit: string; active: boolean | null; updatedAt: Date; createdAt: Date; supplierId: number | null; unitCost: string; storageLocation: string | null; currentStock: string | null; minStockLevel: string | null; expiryTracking: boolean | null; }[]>'.
            Type 'Response' is missing the following properties from type '{ id: number; name: string; description: string | null; unit: string; active: boolean | null; updatedAt: Date; createdAt: Date; supplierId: number | null; unitCost: string; storageLocation: string | null; currentStock: string | null; minStockLevel: string | null; expiryTracking: boolean | null; }[]': length, pop, push, concat, and 35 more.
src/pages/manufacturing-dashboard.tsx(210,20): error TS2554: Expected 2-3 arguments, but got 1.
src/pages/manufacturing-dashboard.tsx(215,5): error TS2769: No overload matches this call.
  Overload 1 of 3, '(options: DefinedInitialDataOptions<{ id: number; name: string; description: string | null; active: boolean | null; updatedAt: Date; createdAt: Date; productId: number; outputQuantity: number; estimatedTime: number | null; instructions: string | null; }[], Error, { ...; }[], readonly unknown[]>, queryClient?: QueryClient | undefined): DefinedUseQueryResult<...>', gave the following error.
    Type '() => Promise<Response>' is not assignable to type 'QueryFunction<{ id: number; name: string; description: string | null; active: boolean | null; updatedAt: Date; createdAt: Date; productId: number; outputQuantity: number; estimatedTime: number | null; instructions: string | null; }[], readonly unknown[]>'.
      Type 'Promise<Response>' is not assignable to type '{ id: number; name: string; description: string | null; active: boolean | null; updatedAt: Date; createdAt: Date; productId: number; outputQuantity: number; estimatedTime: number | null; instructions: string | null; }[] | Promise<...>'.
        Type 'Promise<Response>' is not assignable to type 'Promise<{ id: number; name: string; description: string | null; active: boolean | null; updatedAt: Date; createdAt: Date; productId: number; outputQuantity: number; estimatedTime: number | null; instructions: string | null; }[]>'.
          Type 'Response' is missing the following properties from type '{ id: number; name: string; description: string | null; active: boolean | null; updatedAt: Date; createdAt: Date; productId: number; outputQuantity: number; estimatedTime: number | null; instructions: string | null; }[]': length, pop, push, concat, and 35 more.
  Overload 2 of 3, '(options: UndefinedInitialDataOptions<{ id: number; name: string; description: string | null; active: boolean | null; updatedAt: Date; createdAt: Date; productId: number; outputQuantity: number; estimatedTime: number | null; instructions: string | null; }[], Error, { ...; }[], readonly unknown[]>, queryClient?: QueryClient | undefined): UseQueryResult<...>', gave the following error.
    Type '() => Promise<Response>' is not assignable to type 'unique symbol | QueryFunction<{ id: number; name: string; description: string | null; active: boolean | null; updatedAt: Date; createdAt: Date; productId: number; outputQuantity: number; estimatedTime: number | null; instructions: string | null; }[], readonly unknown[], never> | undefined'.
      Type '() => Promise<Response>' is not assignable to type 'QueryFunction<{ id: number; name: string; description: string | null; active: boolean | null; updatedAt: Date; createdAt: Date; productId: number; outputQuantity: number; estimatedTime: number | null; instructions: string | null; }[], readonly unknown[], never>'.
        Type 'Promise<Response>' is not assignable to type '{ id: number; name: string; description: string | null; active: boolean | null; updatedAt: Date; createdAt: Date; productId: number; outputQuantity: number; estimatedTime: number | null; instructions: string | null; }[] | Promise<...>'.
          Type 'Promise<Response>' is not assignable to type 'Promise<{ id: number; name: string; description: string | null; active: boolean | null; updatedAt: Date; createdAt: Date; productId: number; outputQuantity: number; estimatedTime: number | null; instructions: string | null; }[]>'.
            Type 'Response' is missing the following properties from type '{ id: number; name: string; description: string | null; active: boolean | null; updatedAt: Date; createdAt: Date; productId: number; outputQuantity: number; estimatedTime: number | null; instructions: string | null; }[]': length, pop, push, concat, and 35 more.
  Overload 3 of 3, '(options: UseQueryOptions<{ id: number; name: string; description: string | null; active: boolean | null; updatedAt: Date; createdAt: Date; productId: number; outputQuantity: number; estimatedTime: number | null; instructions: string | null; }[], Error, { ...; }[], readonly unknown[]>, queryClient?: QueryClient | undefined): UseQueryResult<...>', gave the following error.
    Type '() => Promise<Response>' is not assignable to type 'unique symbol | QueryFunction<{ id: number; name: string; description: string | null; active: boolean | null; updatedAt: Date; createdAt: Date; productId: number; outputQuantity: number; estimatedTime: number | null; instructions: string | null; }[], readonly unknown[], never> | undefined'.
      Type '() => Promise<Response>' is not assignable to type 'QueryFunction<{ id: number; name: string; description: string | null; active: boolean | null; updatedAt: Date; createdAt: Date; productId: number; outputQuantity: number; estimatedTime: number | null; instructions: string | null; }[], readonly unknown[], never>'.
        Type 'Promise<Response>' is not assignable to type '{ id: number; name: string; description: string | null; active: boolean | null; updatedAt: Date; createdAt: Date; productId: number; outputQuantity: number; estimatedTime: number | null; instructions: string | null; }[] | Promise<...>'.
          Type 'Promise<Response>' is not assignable to type 'Promise<{ id: number; name: string; description: string | null; active: boolean | null; updatedAt: Date; createdAt: Date; productId: number; outputQuantity: number; estimatedTime: number | null; instructions: string | null; }[]>'.
            Type 'Response' is missing the following properties from type '{ id: number; name: string; description: string | null; active: boolean | null; updatedAt: Date; createdAt: Date; productId: number; outputQuantity: number; estimatedTime: number | null; instructions: string | null; }[]': length, pop, push, concat, and 35 more.
src/pages/manufacturing-dashboard.tsx(215,20): error TS2554: Expected 2-3 arguments, but got 1.
src/pages/manufacturing-dashboard.tsx(220,5): error TS2769: No overload matches this call.
  Overload 1 of 3, '(options: DefinedInitialDataOptions<{ image: string | null; id: number; name: string; description: string | null; active: boolean; updatedAt: Date; brand: string | null; createdAt: Date; taxCalculationMethod: string | null; ... 61 more ...; itemIngredients: string | null; }[], Error, { ...; }[], readonly unknown[]>, queryClient?: QueryClient | undefined): DefinedUseQueryResult<...>', gave the following error.
    Type '() => Promise<Response>' is not assignable to type 'QueryFunction<{ image: string | null; id: number; name: string; description: string | null; active: boolean; updatedAt: Date; brand: string | null; createdAt: Date; taxCalculationMethod: string | null; ... 61 more ...; itemIngredients: string | null; }[], readonly unknown[]>'.
      Type 'Promise<Response>' is not assignable to type '{ image: string | null; id: number; name: string; description: string | null; active: boolean; updatedAt: Date; brand: string | null; createdAt: Date; taxCalculationMethod: string | null; ... 61 more ...; itemIngredients: string | null; }[] | Promise<...>'.
        Type 'Promise<Response>' is not assignable to type 'Promise<{ image: string | null; id: number; name: string; description: string | null; active: boolean; updatedAt: Date; brand: string | null; createdAt: Date; taxCalculationMethod: string | null; ... 61 more ...; itemIngredients: string | null; }[]>'.
          Type 'Response' is missing the following properties from type '{ image: string | null; id: number; name: string; description: string | null; active: boolean; updatedAt: Date; brand: string | null; createdAt: Date; taxCalculationMethod: string | null; ... 61 more ...; itemIngredients: string | null; }[]': length, pop, push, concat, and 35 more.
  Overload 2 of 3, '(options: UndefinedInitialDataOptions<{ image: string | null; id: number; name: string; description: string | null; active: boolean; updatedAt: Date; brand: string | null; createdAt: Date; taxCalculationMethod: string | null; ... 61 more ...; itemIngredients: string | null; }[], Error, { ...; }[], readonly unknown[]>, queryClient?: QueryClient | undefined): UseQueryResult<...>', gave the following error.
    Type '() => Promise<Response>' is not assignable to type 'unique symbol | QueryFunction<{ image: string | null; id: number; name: string; description: string | null; active: boolean; updatedAt: Date; brand: string | null; createdAt: Date; taxCalculationMethod: string | null; ... 61 more ...; itemIngredients: string | null; }[], readonly unknown[], never> | undefined'.
      Type '() => Promise<Response>' is not assignable to type 'QueryFunction<{ image: string | null; id: number; name: string; description: string | null; active: boolean; updatedAt: Date; brand: string | null; createdAt: Date; taxCalculationMethod: string | null; ... 61 more ...; itemIngredients: string | null; }[], readonly unknown[], never>'.
        Type 'Promise<Response>' is not assignable to type '{ image: string | null; id: number; name: string; description: string | null; active: boolean; updatedAt: Date; brand: string | null; createdAt: Date; taxCalculationMethod: string | null; ... 61 more ...; itemIngredients: string | null; }[] | Promise<...>'.
          Type 'Promise<Response>' is not assignable to type 'Promise<{ image: string | null; id: number; name: string; description: string | null; active: boolean; updatedAt: Date; brand: string | null; createdAt: Date; taxCalculationMethod: string | null; ... 61 more ...; itemIngredients: string | null; }[]>'.
            Type 'Response' is missing the following properties from type '{ image: string | null; id: number; name: string; description: string | null; active: boolean; updatedAt: Date; brand: string | null; createdAt: Date; taxCalculationMethod: string | null; ... 61 more ...; itemIngredients: string | null; }[]': length, pop, push, concat, and 35 more.
  Overload 3 of 3, '(options: UseQueryOptions<{ image: string | null; id: number; name: string; description: string | null; active: boolean; updatedAt: Date; brand: string | null; createdAt: Date; taxCalculationMethod: string | null; ... 61 more ...; itemIngredients: string | null; }[], Error, { ...; }[], readonly unknown[]>, queryClient?: QueryClient | undefined): UseQueryResult<...>', gave the following error.
    Type '() => Promise<Response>' is not assignable to type 'unique symbol | QueryFunction<{ image: string | null; id: number; name: string; description: string | null; active: boolean; updatedAt: Date; brand: string | null; createdAt: Date; taxCalculationMethod: string | null; ... 61 more ...; itemIngredients: string | null; }[], readonly unknown[], never> | undefined'.
      Type '() => Promise<Response>' is not assignable to type 'QueryFunction<{ image: string | null; id: number; name: string; description: string | null; active: boolean; updatedAt: Date; brand: string | null; createdAt: Date; taxCalculationMethod: string | null; ... 61 more ...; itemIngredients: string | null; }[], readonly unknown[], never>'.
        Type 'Promise<Response>' is not assignable to type '{ image: string | null; id: number; name: string; description: string | null; active: boolean; updatedAt: Date; brand: string | null; createdAt: Date; taxCalculationMethod: string | null; ... 61 more ...; itemIngredients: string | null; }[] | Promise<...>'.
          Type 'Promise<Response>' is not assignable to type 'Promise<{ image: string | null; id: number; name: string; description: string | null; active: boolean; updatedAt: Date; brand: string | null; createdAt: Date; taxCalculationMethod: string | null; ... 61 more ...; itemIngredients: string | null; }[]>'.
            Type 'Response' is missing the following properties from type '{ image: string | null; id: number; name: string; description: string | null; active: boolean; updatedAt: Date; brand: string | null; createdAt: Date; taxCalculationMethod: string | null; ... 61 more ...; itemIngredients: string | null; }[]': length, pop, push, concat, and 35 more.
src/pages/manufacturing-dashboard.tsx(220,20): error TS2554: Expected 2-3 arguments, but got 1.
src/pages/manufacturing-dashboard.tsx(225,5): error TS2769: No overload matches this call.
  Overload 1 of 3, '(options: DefinedInitialDataOptions<{ image: string | null; id: number; name: string; description: string | null; active: boolean; updatedAt: Date; brand: string | null; createdAt: Date; taxCalculationMethod: string | null; ... 61 more ...; itemIngredients: string | null; }[], Error, { ...; }[], readonly unknown[]>, queryClient?: QueryClient | undefined): DefinedUseQueryResult<...>', gave the following error.
    Type '() => Promise<Response>' is not assignable to type 'QueryFunction<{ image: string | null; id: number; name: string; description: string | null; active: boolean; updatedAt: Date; brand: string | null; createdAt: Date; taxCalculationMethod: string | null; ... 61 more ...; itemIngredients: string | null; }[], readonly unknown[]>'.
      Type 'Promise<Response>' is not assignable to type '{ image: string | null; id: number; name: string; description: string | null; active: boolean; updatedAt: Date; brand: string | null; createdAt: Date; taxCalculationMethod: string | null; ... 61 more ...; itemIngredients: string | null; }[] | Promise<...>'.
        Type 'Promise<Response>' is not assignable to type 'Promise<{ image: string | null; id: number; name: string; description: string | null; active: boolean; updatedAt: Date; brand: string | null; createdAt: Date; taxCalculationMethod: string | null; ... 61 more ...; itemIngredients: string | null; }[]>'.
          Type 'Response' is missing the following properties from type '{ image: string | null; id: number; name: string; description: string | null; active: boolean; updatedAt: Date; brand: string | null; createdAt: Date; taxCalculationMethod: string | null; ... 61 more ...; itemIngredients: string | null; }[]': length, pop, push, concat, and 35 more.
  Overload 2 of 3, '(options: UndefinedInitialDataOptions<{ image: string | null; id: number; name: string; description: string | null; active: boolean; updatedAt: Date; brand: string | null; createdAt: Date; taxCalculationMethod: string | null; ... 61 more ...; itemIngredients: string | null; }[], Error, { ...; }[], readonly unknown[]>, queryClient?: QueryClient | undefined): UseQueryResult<...>', gave the following error.
    Type '() => Promise<Response>' is not assignable to type 'unique symbol | QueryFunction<{ image: string | null; id: number; name: string; description: string | null; active: boolean; updatedAt: Date; brand: string | null; createdAt: Date; taxCalculationMethod: string | null; ... 61 more ...; itemIngredients: string | null; }[], readonly unknown[], never> | undefined'.
      Type '() => Promise<Response>' is not assignable to type 'QueryFunction<{ image: string | null; id: number; name: string; description: string | null; active: boolean; updatedAt: Date; brand: string | null; createdAt: Date; taxCalculationMethod: string | null; ... 61 more ...; itemIngredients: string | null; }[], readonly unknown[], never>'.
        Type 'Promise<Response>' is not assignable to type '{ image: string | null; id: number; name: string; description: string | null; active: boolean; updatedAt: Date; brand: string | null; createdAt: Date; taxCalculationMethod: string | null; ... 61 more ...; itemIngredients: string | null; }[] | Promise<...>'.
          Type 'Promise<Response>' is not assignable to type 'Promise<{ image: string | null; id: number; name: string; description: string | null; active: boolean; updatedAt: Date; brand: string | null; createdAt: Date; taxCalculationMethod: string | null; ... 61 more ...; itemIngredients: string | null; }[]>'.
            Type 'Response' is missing the following properties from type '{ image: string | null; id: number; name: string; description: string | null; active: boolean; updatedAt: Date; brand: string | null; createdAt: Date; taxCalculationMethod: string | null; ... 61 more ...; itemIngredients: string | null; }[]': length, pop, push, concat, and 35 more.
  Overload 3 of 3, '(options: UseQueryOptions<{ image: string | null; id: number; name: string; description: string | null; active: boolean; updatedAt: Date; brand: string | null; createdAt: Date; taxCalculationMethod: string | null; ... 61 more ...; itemIngredients: string | null; }[], Error, { ...; }[], readonly unknown[]>, queryClient?: QueryClient | undefined): UseQueryResult<...>', gave the following error.
    Type '() => Promise<Response>' is not assignable to type 'unique symbol | QueryFunction<{ image: string | null; id: number; name: string; description: string | null; active: boolean; updatedAt: Date; brand: string | null; createdAt: Date; taxCalculationMethod: string | null; ... 61 more ...; itemIngredients: string | null; }[], readonly unknown[], never> | undefined'.
      Type '() => Promise<Response>' is not assignable to type 'QueryFunction<{ image: string | null; id: number; name: string; description: string | null; active: boolean; updatedAt: Date; brand: string | null; createdAt: Date; taxCalculationMethod: string | null; ... 61 more ...; itemIngredients: string | null; }[], readonly unknown[], never>'.
        Type 'Promise<Response>' is not assignable to type '{ image: string | null; id: number; name: string; description: string | null; active: boolean; updatedAt: Date; brand: string | null; createdAt: Date; taxCalculationMethod: string | null; ... 61 more ...; itemIngredients: string | null; }[] | Promise<...>'.
          Type 'Promise<Response>' is not assignable to type 'Promise<{ image: string | null; id: number; name: string; description: string | null; active: boolean; updatedAt: Date; brand: string | null; createdAt: Date; taxCalculationMethod: string | null; ... 61 more ...; itemIngredients: string | null; }[]>'.
            Type 'Response' is missing the following properties from type '{ image: string | null; id: number; name: string; description: string | null; active: boolean; updatedAt: Date; brand: string | null; createdAt: Date; taxCalculationMethod: string | null; ... 61 more ...; itemIngredients: string | null; }[]': length, pop, push, concat, and 35 more.
src/pages/manufacturing-dashboard.tsx(225,20): error TS2554: Expected 2-3 arguments, but got 1.
src/pages/manufacturing-dashboard.tsx(230,5): error TS2769: No overload matches this call.
  Overload 1 of 3, '(options: DefinedInitialDataOptions<{ image: string | null; id: number; role: "admin" | "cashier" | "manager"; name: string; email: string; password: string; username: string; active: boolean; createdAt: Date; }[], Error, { ...; }[], readonly unknown[]>, queryClient?: QueryClient | undefined): DefinedUseQueryResult<...>', gave the following error.
    Type '() => Promise<Response>' is not assignable to type 'QueryFunction<{ image: string | null; id: number; role: "admin" | "cashier" | "manager"; name: string; email: string; password: string; username: string; active: boolean; createdAt: Date; }[], readonly unknown[]>'.
      Type 'Promise<Response>' is not assignable to type '{ image: string | null; id: number; role: "admin" | "cashier" | "manager"; name: string; email: string; password: string; username: string; active: boolean; createdAt: Date; }[] | Promise<{ image: string | null; ... 7 more ...; createdAt: Date; }[]>'.
        Type 'Promise<Response>' is not assignable to type 'Promise<{ image: string | null; id: number; role: "admin" | "cashier" | "manager"; name: string; email: string; password: string; username: string; active: boolean; createdAt: Date; }[]>'.
          Type 'Response' is missing the following properties from type '{ image: string | null; id: number; role: "admin" | "cashier" | "manager"; name: string; email: string; password: string; username: string; active: boolean; createdAt: Date; }[]': length, pop, push, concat, and 35 more.
  Overload 2 of 3, '(options: UndefinedInitialDataOptions<{ image: string | null; id: number; role: "admin" | "cashier" | "manager"; name: string; email: string; password: string; username: string; active: boolean; createdAt: Date; }[], Error, { ...; }[], readonly unknown[]>, queryClient?: QueryClient | undefined): UseQueryResult<...>', gave the following error.
    Type '() => Promise<Response>' is not assignable to type 'unique symbol | QueryFunction<{ image: string | null; id: number; role: "admin" | "cashier" | "manager"; name: string; email: string; password: string; username: string; active: boolean; createdAt: Date; }[], readonly unknown[], never> | undefined'.
      Type '() => Promise<Response>' is not assignable to type 'QueryFunction<{ image: string | null; id: number; role: "admin" | "cashier" | "manager"; name: string; email: string; password: string; username: string; active: boolean; createdAt: Date; }[], readonly unknown[], never>'.
        Type 'Promise<Response>' is not assignable to type '{ image: string | null; id: number; role: "admin" | "cashier" | "manager"; name: string; email: string; password: string; username: string; active: boolean; createdAt: Date; }[] | Promise<{ image: string | null; ... 7 more ...; createdAt: Date; }[]>'.
          Type 'Promise<Response>' is not assignable to type 'Promise<{ image: string | null; id: number; role: "admin" | "cashier" | "manager"; name: string; email: string; password: string; username: string; active: boolean; createdAt: Date; }[]>'.
            Type 'Response' is missing the following properties from type '{ image: string | null; id: number; role: "admin" | "cashier" | "manager"; name: string; email: string; password: string; username: string; active: boolean; createdAt: Date; }[]': length, pop, push, concat, and 35 more.
  Overload 3 of 3, '(options: UseQueryOptions<{ image: string | null; id: number; role: "admin" | "cashier" | "manager"; name: string; email: string; password: string; username: string; active: boolean; createdAt: Date; }[], Error, { ...; }[], readonly unknown[]>, queryClient?: QueryClient | undefined): UseQueryResult<...>', gave the following error.
    Type '() => Promise<Response>' is not assignable to type 'unique symbol | QueryFunction<{ image: string | null; id: number; role: "admin" | "cashier" | "manager"; name: string; email: string; password: string; username: string; active: boolean; createdAt: Date; }[], readonly unknown[], never> | undefined'.
      Type '() => Promise<Response>' is not assignable to type 'QueryFunction<{ image: string | null; id: number; role: "admin" | "cashier" | "manager"; name: string; email: string; password: string; username: string; active: boolean; createdAt: Date; }[], readonly unknown[], never>'.
        Type 'Promise<Response>' is not assignable to type '{ image: string | null; id: number; role: "admin" | "cashier" | "manager"; name: string; email: string; password: string; username: string; active: boolean; createdAt: Date; }[] | Promise<{ image: string | null; ... 7 more ...; createdAt: Date; }[]>'.
          Type 'Promise<Response>' is not assignable to type 'Promise<{ image: string | null; id: number; role: "admin" | "cashier" | "manager"; name: string; email: string; password: string; username: string; active: boolean; createdAt: Date; }[]>'.
            Type 'Response' is missing the following properties from type '{ image: string | null; id: number; role: "admin" | "cashier" | "manager"; name: string; email: string; password: string; username: string; active: boolean; createdAt: Date; }[]': length, pop, push, concat, and 35 more.
src/pages/manufacturing-dashboard.tsx(230,20): error TS2554: Expected 2-3 arguments, but got 1.
src/pages/manufacturing-dashboard.tsx(247,54): error TS2345: Argument of type '{ method: string; body: string; }' is not assignable to parameter of type 'string'.
src/pages/manufacturing-dashboard.tsx(303,72): error TS2345: Argument of type '{ method: string; body: string; }' is not assignable to parameter of type 'string'.
src/pages/manufacturing-dashboard.tsx(391,19): error TS2322: Type 'never[] | NonNullable<NoInfer<TQueryFnData>>' is not assignable to type 'any[]'.
  Type '{}' is missing the following properties from type 'any[]': length, pop, push, concat, and 35 more.
src/pages/manufacturing-dashboard.tsx(392,19): error TS2322: Type 'never[] | NoInfer<TQueryFnData>' is not assignable to type 'any[]'.
  Type 'NoInfer<TQueryFnData>' is not assignable to type 'any[]'.
    Type 'TQueryFnData' is not assignable to type 'any[]'.
src/pages/manufacturing-dashboard.tsx(678,72): error TS2339: Property 'totalOrders' does not exist on type 'NonNullable<NoInfer<TQueryFnData>>'.
src/pages/manufacturing-dashboard.tsx(680,38): error TS2339: Property 'ordersInProgress' does not exist on type 'NonNullable<NoInfer<TQueryFnData>>'.
src/pages/manufacturing-dashboard.tsx(690,72): error TS2339: Property 'completedToday' does not exist on type 'NonNullable<NoInfer<TQueryFnData>>'.
src/pages/manufacturing-dashboard.tsx(692,57): error TS2339: Property 'qualityPassRate' does not exist on type 'NonNullable<NoInfer<TQueryFnData>>'.
src/pages/manufacturing-dashboard.tsx(702,72): error TS2339: Property 'qualityIssues' does not exist on type 'NonNullable<NoInfer<TQueryFnData>>'.
src/pages/manufacturing-dashboard.tsx(714,72): error TS2339: Property 'rawMaterialsLow' does not exist on type 'NonNullable<NoInfer<TQueryFnData>>'.
src/pages/manufacturing-dashboard.tsx(744,42): error TS2339: Property 'slice' does not exist on type 'never[] | NoInfer<TQueryFnData>'.
  Property 'slice' does not exist on type 'NoInfer<TQueryFnData>'.
src/pages/manufacturing-dashboard.tsx(744,59): error TS7006: Parameter 'order' implicitly has an 'any' type.
src/pages/manufacturing-dashboard.tsx(769,36): error TS2339: Property 'slice' does not exist on type 'never[] | NoInfer<TQueryFnData>'.
  Property 'slice' does not exist on type 'NoInfer<TQueryFnData>'.
src/pages/manufacturing-dashboard.tsx(769,53): error TS7006: Parameter 'check' implicitly has an 'any' type.
src/pages/manufacturing-dashboard.tsx(806,42): error TS2339: Property 'map' does not exist on type 'never[] | NoInfer<TQueryFnData>'.
  Property 'map' does not exist on type 'NoInfer<TQueryFnData>'.
src/pages/manufacturing-dashboard.tsx(806,47): error TS7006: Parameter 'order' implicitly has an 'any' type.
src/pages/manufacturing-dashboard.tsx(864,43): error TS2339: Property 'map' does not exist on type 'never[] | NoInfer<TQueryFnData>'.
  Property 'map' does not exist on type 'NoInfer<TQueryFnData>'.
src/pages/manufacturing-dashboard.tsx(864,48): error TS7006: Parameter 'batch' implicitly has an 'any' type.
src/pages/manufacturing-dashboard.tsx(912,36): error TS2339: Property 'map' does not exist on type 'never[] | NoInfer<TQueryFnData>'.
  Property 'map' does not exist on type 'NoInfer<TQueryFnData>'.
src/pages/manufacturing-dashboard.tsx(912,41): error TS7006: Parameter 'check' implicitly has an 'any' type.
src/pages/manufacturing-dashboard.tsx(955,35): error TS2339: Property 'map' does not exist on type 'never[] | NoInfer<TQueryFnData>'.
  Property 'map' does not exist on type 'NoInfer<TQueryFnData>'.
src/pages/manufacturing-dashboard.tsx(955,40): error TS7006: Parameter 'material' implicitly has an 'any' type.
src/pages/manufacturing-dashboard.tsx(998,30): error TS2339: Property 'map' does not exist on type 'never[] | NoInfer<TQueryFnData>'.
  Property 'map' does not exist on type 'NoInfer<TQueryFnData>'.
src/pages/manufacturing-dashboard.tsx(998,35): error TS7006: Parameter 'recipe' implicitly has an 'any' type.
src/pages/offer-reports.tsx(113,12): error TS7053: Element implicitly has an 'any' type because expression of type 'any' can't be used to index type '{}'.
src/pages/offer-reports.tsx(114,9): error TS7053: Element implicitly has an 'any' type because expression of type 'any' can't be used to index type '{}'.
src/pages/offer-reports.tsx(116,7): error TS7053: Element implicitly has an 'any' type because expression of type 'any' can't be used to index type '{}'.
src/pages/offer-reports.tsx(118,9): error TS7053: Element implicitly has an 'any' type because expression of type 'any' can't be used to index type '{}'.
src/pages/payroll-enhanced.tsx(69,24): error TS18046: 'payrollRecords' is of type 'unknown'.
src/pages/print-labels-enhanced.tsx(3113,64): error TS2304: Cannot find name 'perfectAlignment'.
src/pages/print-labels-enhanced.tsx(3130,64): error TS2304: Cannot find name 'addDateData'.
src/pages/print-labels-enhanced.tsx(3148,64): error TS2304: Cannot find name 'opcanAnalysis'.
src/pages/print-labels-enhanced.tsx(3281,47): error TS2339: Property 'createdAt' does not exist on type 'LabelTemplate'.
src/pages/print-labels-enhanced.tsx(3281,58): error TS2339: Property 'updatedAt' does not exist on type 'LabelTemplate'.
src/pages/printer-receipt-editor.tsx(61,5): error TS2353: Object literal may only specify known properties, and 'printDensity' does not exist in type 'ReceiptCustomization | (() => ReceiptCustomization)'.
src/pages/printer-receipt-editor.tsx(327,43): error TS2339: Property 'printDensity' does not exist on type 'ReceiptCustomization'.
src/pages/printer-receipt-editor.tsx(364,45): error TS2339: Property 'autoCut' does not exist on type 'ReceiptCustomization'.
src/pages/printer-receipt-editor.tsx(405,43): error TS2339: Property 'charactersPerLine' does not exist on type 'ReceiptCustomization'.
src/pages/printer-receipt-editor.tsx(417,43): error TS2339: Property 'marginLeft' does not exist on type 'ReceiptCustomization'.
src/pages/printer-receipt-editor.tsx(429,43): error TS2339: Property 'marginRight' does not exist on type 'ReceiptCustomization'.
src/pages/product-history.tsx(218,40): error TS7006: Parameter 'product' implicitly has an 'any' type.
src/pages/product-manager.tsx(127,19): error TS18046: 'categories' is of type 'unknown'.
src/pages/product-manager.tsx(163,12): error TS18046: 'products' is of type 'unknown'.
src/pages/product-manager.tsx(302,22): error TS18046: 'categories' is of type 'unknown'.
src/pages/product-manager.tsx(343,52): error TS18046: 'products' is of type 'unknown'.
src/pages/product-manager.tsx(355,18): error TS18046: 'products' is of type 'unknown'.
src/pages/product-manager.tsx(368,18): error TS18046: 'products' is of type 'unknown'.
src/pages/product-manager.tsx(381,18): error TS18046: 'products' is of type 'unknown'.
src/pages/product-manager.tsx(408,20): error TS18046: 'categories' is of type 'unknown'.
src/pages/product-manager.tsx(704,36): error TS18046: 'categories' is of type 'unknown'.
src/pages/product-manager.tsx(1047,36): error TS18046: 'categories' is of type 'unknown'.
src/pages/products-enhanced.tsx(93,19): error TS18046: 'categories' is of type 'unknown'.
src/pages/products-enhanced.tsx(131,12): error TS18046: 'products' is of type 'unknown'.
src/pages/products-enhanced.tsx(220,25): error TS18046: 'products' is of type 'unknown'.
src/pages/products-enhanced.tsx(338,22): error TS18046: 'categories' is of type 'unknown'.
src/pages/products-enhanced.tsx(384,52): error TS18046: 'products' is of type 'unknown'.
src/pages/products-enhanced.tsx(395,18): error TS18046: 'products' is of type 'unknown'.
src/pages/products-enhanced.tsx(407,18): error TS18046: 'products' is of type 'unknown'.
src/pages/products-enhanced.tsx(419,18): error TS18046: 'products' is of type 'unknown'.
src/pages/products-enhanced.tsx(448,20): error TS18046: 'categories' is of type 'unknown'.
src/pages/products-enhanced.tsx(720,30): error TS18046: 'categories' is of type 'unknown'.
src/pages/products-enhanced.tsx(903,30): error TS18046: 'categories' is of type 'unknown'.
src/pages/products-enhanced.tsx(1130,28): error TS18046: 'categories' is of type 'unknown'.
src/pages/products-fixed.tsx(210,28): error TS18046: 'products' is of type 'unknown'.
src/pages/products-fixed.tsx(216,25): error TS18046: 'products' is of type 'unknown'.
src/pages/products-fixed.tsx(217,26): error TS18046: 'products' is of type 'unknown'.
src/pages/products-fixed.tsx(218,28): error TS18046: 'products' is of type 'unknown'.
src/pages/products-fixed.tsx(288,52): error TS18046: 'categories' is of type 'unknown'.
src/pages/products-fixed.tsx(344,26): error TS18046: 'categories' is of type 'unknown'.
src/pages/products-fixed.tsx(486,42): error TS2339: Property 'map' does not exist on type '{}'.
src/pages/products.tsx(210,28): error TS18046: 'products' is of type 'unknown'.
src/pages/products.tsx(216,25): error TS18046: 'products' is of type 'unknown'.
src/pages/products.tsx(217,26): error TS18046: 'products' is of type 'unknown'.
src/pages/products.tsx(218,28): error TS18046: 'products' is of type 'unknown'.
src/pages/products.tsx(288,52): error TS18046: 'categories' is of type 'unknown'.
src/pages/products.tsx(344,26): error TS18046: 'categories' is of type 'unknown'.
src/pages/products.tsx(486,42): error TS2339: Property 'map' does not exist on type '{}'.
src/pages/purchase-dashboard.tsx(200,5): error TS2769: No overload matches this call.
  Overload 1 of 3, '(options: DefinedInitialDataOptions<unknown, Error, unknown, string[]>, queryClient?: QueryClient | undefined): DefinedUseQueryResult<unknown, Error>', gave the following error.
    Object literal may only specify known properties, and 'onSuccess' does not exist in type 'DefinedInitialDataOptions<unknown, Error, unknown, string[]>'.
  Overload 2 of 3, '(options: UndefinedInitialDataOptions<unknown, Error, unknown, string[]>, queryClient?: QueryClient | undefined): UseQueryResult<unknown, Error>', gave the following error.
    Object literal may only specify known properties, and 'onSuccess' does not exist in type 'UndefinedInitialDataOptions<unknown, Error, unknown, string[]>'.
  Overload 3 of 3, '(options: UseQueryOptions<unknown, Error, unknown, string[]>, queryClient?: QueryClient | undefined): UseQueryResult<unknown, Error>', gave the following error.
    Object literal may only specify known properties, and 'onSuccess' does not exist in type 'UseQueryOptions<unknown, Error, unknown, string[]>'.
src/pages/purchase-dashboard.tsx(200,17): error TS7006: Parameter 'data' implicitly has an 'any' type.
src/pages/purchase-dashboard.tsx(204,29): error TS7006: Parameter 'p' implicitly has an 'any' type.
src/pages/purchase-dashboard.tsx(370,13): error TS18046: 'networkError' is of type 'unknown'.
src/pages/purchase-dashboard.tsx(370,50): error TS18046: 'networkError' is of type 'unknown'.
src/pages/purchase-dashboard.tsx(395,49): error TS2339: Property 'totalAmount' does not exist on type '{ id: number; status: string; total: string; paymentMethod: string | null; createdAt: Date; supplierId: number; orderNumber: string; userId: number; draft: string | null; poNo: string | null; ... 11 more ...; paymentDate: Date | null; }'.
src/pages/purchase-dashboard.tsx(433,29): error TS18046: 'purchases' is of type 'unknown'.
src/pages/purchase-dashboard.tsx(434,14): error TS2551: Property 'supplier' does not exist on type '{ id: number; status: string; total: string; paymentMethod: string | null; createdAt: Date; supplierId: number; orderNumber: string; userId: number; draft: string | null; poNo: string | null; ... 11 more ...; paymentDate: Date | null; }'. Did you mean 'supplierId'?
src/pages/purchase-dashboard.tsx(440,26): error TS18046: 'purchases' is of type 'unknown'.
src/pages/purchase-dashboard.tsx(441,28): error TS18046: 'purchases' is of type 'unknown'.
src/pages/purchase-dashboard.tsx(443,38): error TS2339: Property 'totalAmount' does not exist on type '{ id: number; status: string; total: string; paymentMethod: string | null; createdAt: Date; supplierId: number; orderNumber: string; userId: number; draft: string | null; poNo: string | null; ... 11 more ...; paymentDate: Date | null; }'.
src/pages/purchase-dashboard.tsx(452,30): error TS18046: 'purchases' is of type 'unknown'.
src/pages/purchase-dashboard.tsx(454,38): error TS2339: Property 'totalAmount' does not exist on type '{ id: number; status: string; total: string; paymentMethod: string | null; createdAt: Date; supplierId: number; orderNumber: string; userId: number; draft: string | null; poNo: string | null; ... 11 more ...; paymentDate: Date | null; }'.
src/pages/purchase-dashboard.tsx(462,23): error TS18046: 'purchases' is of type 'unknown'.
src/pages/purchase-dashboard.tsx(463,33): error TS2339: Property 'totalAmount' does not exist on type '{ id: number; status: string; total: string; paymentMethod: string | null; createdAt: Date; supplierId: number; orderNumber: string; userId: number; draft: string | null; poNo: string | null; ... 11 more ...; paymentDate: Date | null; }'.
src/pages/purchase-dashboard.tsx(468,25): error TS18046: 'purchases' is of type 'unknown'.
src/pages/purchase-dashboard.tsx(469,38): error TS2339: Property 'totalAmount' does not exist on type '{ id: number; status: string; total: string; paymentMethod: string | null; createdAt: Date; supplierId: number; orderNumber: string; userId: number; draft: string | null; poNo: string | null; ... 11 more ...; paymentDate: Date | null; }'.
src/pages/purchase-dashboard.tsx(474,24): error TS18046: 'purchases' is of type 'unknown'.
src/pages/purchase-dashboard.tsx(475,38): error TS2339: Property 'totalAmount' does not exist on type '{ id: number; status: string; total: string; paymentMethod: string | null; createdAt: Date; supplierId: number; orderNumber: string; userId: number; draft: string | null; poNo: string | null; ... 11 more ...; paymentDate: Date | null; }'.
src/pages/purchase-dashboard.tsx(486,26): error TS18046: 'purchases' is of type 'unknown'.
src/pages/purchase-dashboard.tsx(488,40): error TS2339: Property 'totalAmount' does not exist on type '{ id: number; status: string; total: string; paymentMethod: string | null; createdAt: Date; supplierId: number; orderNumber: string; userId: number; draft: string | null; poNo: string | null; ... 11 more ...; paymentDate: Date | null; }'.
src/pages/purchase-dashboard.tsx(498,40): error TS2339: Property 'totalAmount' does not exist on type '{ id: number; status: string; total: string; paymentMethod: string | null; createdAt: Date; supplierId: number; orderNumber: string; userId: number; draft: string | null; poNo: string | null; ... 11 more ...; paymentDate: Date | null; }'.
src/pages/purchase-dashboard.tsx(557,45): error TS2339: Property 'totalAmount' does not exist on type '{ id: number; status: string; total: string; paymentMethod: string | null; createdAt: Date; supplierId: number; orderNumber: string; userId: number; draft: string | null; poNo: string | null; ... 11 more ...; paymentDate: Date | null; }'.
src/pages/purchase-dashboard.tsx(585,45): error TS2339: Property 'totalAmount' does not exist on type '{ id: number; status: string; total: string; paymentMethod: string | null; createdAt: Date; supplierId: number; orderNumber: string; userId: number; draft: string | null; poNo: string | null; ... 11 more ...; paymentDate: Date | null; }'.
src/pages/purchase-dashboard.tsx(617,31): error TS2339: Property 'totalAmount' does not exist on type '{ id: number; status: string; total: string; paymentMethod: string | null; createdAt: Date; supplierId: number; orderNumber: string; userId: number; draft: string | null; poNo: string | null; ... 11 more ...; paymentDate: Date | null; }'.
src/pages/purchase-dashboard.tsx(648,63): error TS2339: Property 'totalAmount' does not exist on type '{ id: number; status: string; total: string; paymentMethod: string | null; createdAt: Date; supplierId: number; orderNumber: string; userId: number; draft: string | null; poNo: string | null; ... 11 more ...; paymentDate: Date | null; }'.
src/pages/purchase-dashboard.tsx(943,26): error TS18046: 'purchases' is of type 'unknown'.
src/pages/purchase-dashboard.tsx(951,80): error TS2551: Property 'supplier' does not exist on type '{ id: number; status: string; total: string; paymentMethod: string | null; createdAt: Date; supplierId: number; orderNumber: string; userId: number; draft: string | null; poNo: string | null; ... 11 more ...; paymentDate: Date | null; }'. Did you mean 'supplierId'?
src/pages/purchase-dashboard.tsx(955,94): error TS2339: Property 'totalAmount' does not exist on type '{ id: number; status: string; total: string; paymentMethod: string | null; createdAt: Date; supplierId: number; orderNumber: string; userId: number; draft: string | null; poNo: string | null; ... 11 more ...; paymentDate: Date | null; }'.
src/pages/purchase-dashboard.tsx(974,45): error TS18046: 'purchases' is of type 'unknown'.
src/pages/purchase-dashboard.tsx(974,78): error TS2551: Property 'supplier' does not exist on type '{ id: number; status: string; total: string; paymentMethod: string | null; createdAt: Date; supplierId: number; orderNumber: string; userId: number; draft: string | null; poNo: string | null; ... 11 more ...; paymentDate: Date | null; }'. Did you mean 'supplierId'?
src/pages/purchase-dashboard.tsx(978,55): error TS18046: 'purchases' is of type 'unknown'.
src/pages/purchase-dashboard.tsx(978,91): error TS2551: Property 'supplier' does not exist on type '{ id: number; status: string; total: string; paymentMethod: string | null; createdAt: Date; supplierId: number; orderNumber: string; userId: number; draft: string | null; poNo: string | null; ... 11 more ...; paymentDate: Date | null; }'. Did you mean 'supplierId'?
src/pages/purchase-dashboard.tsx(979,74): error TS7006: Parameter 'sum' implicitly has an 'any' type.
src/pages/purchase-dashboard.tsx(979,79): error TS7006: Parameter 'p' implicitly has an 'any' type.
src/pages/purchase-dashboard.tsx(983,36): error TS2322: Type 'unknown' is not assignable to type 'Key | null | undefined'.
src/pages/purchase-dashboard.tsx(989,64): error TS2322: Type 'unknown' is not assignable to type 'ReactNode'.
src/pages/purchase-dashboard.tsx(1048,28): error TS18046: 'purchases' is of type 'unknown'.
src/pages/purchase-dashboard.tsx(1051,28): error TS18046: 'purchases' is of type 'unknown'.
src/pages/purchase-dashboard.tsx(1057,28): error TS18046: 'purchases' is of type 'unknown'.
src/pages/purchase-dashboard.tsx(1077,68): error TS18046: 'purchases' is of type 'unknown'.
src/pages/purchase-dashboard.tsx(1079,43): error TS18046: 'purchases' is of type 'unknown'.
src/pages/purchase-dashboard.tsx(1143,86): error TS2345: Argument of type '{ id: number; status: string; total: string; paymentMethod: string | null; createdAt: Date; supplierId: number; orderNumber: string; userId: number; draft: string | null; poNo: string | null; ... 11 more ...; paymentDate: Date | null; }' is not assignable to parameter of type 'Purchase'.
  Types of property 'orderDate' are incompatible.
    Type 'Date' is not assignable to type 'string'.
src/pages/purchase-dashboard.tsx(1147,86): error TS2345: Argument of type '{ id: number; status: string; total: string; paymentMethod: string | null; createdAt: Date; supplierId: number; orderNumber: string; userId: number; draft: string | null; poNo: string | null; ... 11 more ...; paymentDate: Date | null; }' is not assignable to parameter of type 'Purchase'.
  Types of property 'orderDate' are incompatible.
    Type 'Date' is not assignable to type 'string'.
src/pages/purchase-dashboard.tsx(1181,88): error TS2551: Property 'supplier' does not exist on type '{ id: number; status: string; total: string; paymentMethod: string | null; createdAt: Date; supplierId: number; orderNumber: string; userId: number; draft: string | null; poNo: string | null; ... 11 more ...; paymentDate: Date | null; }'. Did you mean 'supplierId'?
src/pages/purchase-dashboard.tsx(1182,84): error TS2551: Property 'supplier' does not exist on type '{ id: number; status: string; total: string; paymentMethod: string | null; createdAt: Date; supplierId: number; orderNumber: string; userId: number; draft: string | null; poNo: string | null; ... 11 more ...; paymentDate: Date | null; }'. Did you mean 'supplierId'?
src/pages/purchase-dashboard.tsx(1192,73): error TS2339: Property 'totalAmount' does not exist on type '{ id: number; status: string; total: string; paymentMethod: string | null; createdAt: Date; supplierId: number; orderNumber: string; userId: number; draft: string | null; poNo: string | null; ... 11 more ...; paymentDate: Date | null; }'.
src/pages/purchase-dashboard.tsx(1194,45): error TS2339: Property 'subTotal' does not exist on type '{ id: number; status: string; total: string; paymentMethod: string | null; createdAt: Date; supplierId: number; orderNumber: string; userId: number; draft: string | null; poNo: string | null; ... 11 more ...; paymentDate: Date | null; }'.
src/pages/purchase-dashboard.tsx(1196,85): error TS2339: Property 'subTotal' does not exist on type '{ id: number; status: string; total: string; paymentMethod: string | null; createdAt: Date; supplierId: number; orderNumber: string; userId: number; draft: string | null; poNo: string | null; ... 11 more ...; paymentDate: Date | null; }'.
src/pages/purchase-dashboard.tsx(1207,64): error TS2339: Property 'purchaseItems' does not exist on type '{ id: number; status: string; total: string; paymentMethod: string | null; createdAt: Date; supplierId: number; orderNumber: string; userId: number; draft: string | null; poNo: string | null; ... 11 more ...; paymentDate: Date | null; }'.
src/pages/purchase-dashboard.tsx(1208,63): error TS2339: Property 'items' does not exist on type '{ id: number; status: string; total: string; paymentMethod: string | null; createdAt: Date; supplierId: number; orderNumber: string; userId: number; draft: string | null; poNo: string | null; ... 11 more ...; paymentDate: Date | null; }'.
src/pages/purchase-dashboard.tsx(1209,63): error TS2339: Property 'purchase_items' does not exist on type '{ id: number; status: string; total: string; paymentMethod: string | null; createdAt: Date; supplierId: number; orderNumber: string; userId: number; draft: string | null; poNo: string | null; ... 11 more ...; paymentDate: Date | null; }'.
src/pages/purchase-dashboard.tsx(1213,71): error TS2339: Property 'itemCount' does not exist on type '{ id: number; status: string; total: string; paymentMethod: string | null; createdAt: Date; supplierId: number; orderNumber: string; userId: number; draft: string | null; poNo: string | null; ... 11 more ...; paymentDate: Date | null; }'.
src/pages/purchase-dashboard.tsx(1214,62): error TS2339: Property 'itemCount' does not exist on type '{ id: number; status: string; total: string; paymentMethod: string | null; createdAt: Date; supplierId: number; orderNumber: string; userId: number; draft: string | null; poNo: string | null; ... 11 more ...; paymentDate: Date | null; }'.
src/pages/purchase-dashboard.tsx(1225,75): error TS2339: Property 'totalAmount' does not exist on type '{ id: number; status: string; total: string; paymentMethod: string | null; createdAt: Date; supplierId: number; orderNumber: string; userId: number; draft: string | null; poNo: string | null; ... 11 more ...; paymentDate: Date | null; }'.
src/pages/purchase-dashboard.tsx(1241,69): error TS2339: Property 'expectedDate' does not exist on type '{ id: number; status: string; total: string; paymentMethod: string | null; createdAt: Date; supplierId: number; orderNumber: string; userId: number; draft: string | null; poNo: string | null; ... 11 more ...; paymentDate: Date | null; }'.
src/pages/purchase-dashboard.tsx(1241,102): error TS2339: Property 'expectedDate' does not exist on type '{ id: number; status: string; total: string; paymentMethod: string | null; createdAt: Date; supplierId: number; orderNumber: string; userId: number; draft: string | null; poNo: string | null; ... 11 more ...; paymentDate: Date | null; }'.
src/pages/purchase-dashboard.tsx(1366,47): error TS2339: Property 'expectedDate' does not exist on type '{ id: number; status: string; total: string; paymentMethod: string | null; createdAt: Date; supplierId: number; orderNumber: string; userId: number; draft: string | null; poNo: string | null; ... 11 more ...; paymentDate: Date | null; }'.
src/pages/purchase-dashboard.tsx(1367,66): error TS2339: Property 'expectedDate' does not exist on type '{ id: number; status: string; total: string; paymentMethod: string | null; createdAt: Date; supplierId: number; orderNumber: string; userId: number; draft: string | null; poNo: string | null; ... 11 more ...; paymentDate: Date | null; }'.
src/pages/purchase-dashboard.tsx(1479,69): error TS2339: Property 'totalAmount' does not exist on type '{ id: number; status: string; total: string; paymentMethod: string | null; createdAt: Date; supplierId: number; orderNumber: string; userId: number; draft: string | null; poNo: string | null; ... 11 more ...; paymentDate: Date | null; }'.
src/pages/purchase-dashboard.tsx(1506,49): error TS2551: Property 'supplier' does not exist on type '{ id: number; status: string; total: string; paymentMethod: string | null; createdAt: Date; supplierId: number; orderNumber: string; userId: number; draft: string | null; poNo: string | null; ... 11 more ...; paymentDate: Date | null; }'. Did you mean 'supplierId'?
src/pages/purchase-dashboard.tsx(1515,84): error TS2551: Property 'supplier' does not exist on type '{ id: number; status: string; total: string; paymentMethod: string | null; createdAt: Date; supplierId: number; orderNumber: string; userId: number; draft: string | null; poNo: string | null; ... 11 more ...; paymentDate: Date | null; }'. Did you mean 'supplierId'?
src/pages/purchase-dashboard.tsx(1522,84): error TS2551: Property 'supplier' does not exist on type '{ id: number; status: string; total: string; paymentMethod: string | null; createdAt: Date; supplierId: number; orderNumber: string; userId: number; draft: string | null; poNo: string | null; ... 11 more ...; paymentDate: Date | null; }'. Did you mean 'supplierId'?
src/pages/purchase-dashboard.tsx(1530,82): error TS2551: Property 'supplier' does not exist on type '{ id: number; status: string; total: string; paymentMethod: string | null; createdAt: Date; supplierId: number; orderNumber: string; userId: number; draft: string | null; poNo: string | null; ... 11 more ...; paymentDate: Date | null; }'. Did you mean 'supplierId'?
src/pages/purchase-dashboard.tsx(1536,47): error TS2551: Property 'supplier' does not exist on type '{ id: number; status: string; total: string; paymentMethod: string | null; createdAt: Date; supplierId: number; orderNumber: string; userId: number; draft: string | null; poNo: string | null; ... 11 more ...; paymentDate: Date | null; }'. Did you mean 'supplierId'?
src/pages/purchase-dashboard.tsx(1536,83): error TS2551: Property 'supplier' does not exist on type '{ id: number; status: string; total: string; paymentMethod: string | null; createdAt: Date; supplierId: number; orderNumber: string; userId: number; draft: string | null; poNo: string | null; ... 11 more ...; paymentDate: Date | null; }'. Did you mean 'supplierId'?
src/pages/purchase-dashboard.tsx(1646,47): error TS2339: Property 'purchaseItems' does not exist on type '{ id: number; status: string; total: string; paymentMethod: string | null; createdAt: Date; supplierId: number; orderNumber: string; userId: number; draft: string | null; poNo: string | null; ... 11 more ...; paymentDate: Date | null; }'.
src/pages/purchase-dashboard.tsx(1646,89): error TS2339: Property 'items' does not exist on type '{ id: number; status: string; total: string; paymentMethod: string | null; createdAt: Date; supplierId: number; orderNumber: string; userId: number; draft: string | null; poNo: string | null; ... 11 more ...; paymentDate: Date | null; }'.
src/pages/purchase-dashboard.tsx(1657,54): error TS2339: Property 'purchaseItems' does not exist on type '{ id: number; status: string; total: string; paymentMethod: string | null; createdAt: Date; supplierId: number; orderNumber: string; userId: number; draft: string | null; poNo: string | null; ... 11 more ...; paymentDate: Date | null; }'.
src/pages/purchase-dashboard.tsx(1657,88): error TS2339: Property 'items' does not exist on type '{ id: number; status: string; total: string; paymentMethod: string | null; createdAt: Date; supplierId: number; orderNumber: string; userId: number; draft: string | null; poNo: string | null; ... 11 more ...; paymentDate: Date | null; }'.
src/pages/purchase-dashboard.tsx(1798,58): error TS2339: Property 'purchaseItems' does not exist on type '{ id: number; status: string; total: string; paymentMethod: string | null; createdAt: Date; supplierId: number; orderNumber: string; userId: number; draft: string | null; poNo: string | null; ... 11 more ...; paymentDate: Date | null; }'.
src/pages/purchase-dashboard.tsx(1798,92): error TS2339: Property 'items' does not exist on type '{ id: number; status: string; total: string; paymentMethod: string | null; createdAt: Date; supplierId: number; orderNumber: string; userId: number; draft: string | null; poNo: string | null; ... 11 more ...; paymentDate: Date | null; }'.
src/pages/purchase-dashboard.tsx(1799,63): error TS7006: Parameter 'sum' implicitly has an 'any' type.
src/pages/purchase-dashboard.tsx(1799,68): error TS7006: Parameter 'item' implicitly has an 'any' type.
src/pages/purchase-dashboard.tsx(1800,59): error TS7006: Parameter 'sum' implicitly has an 'any' type.
src/pages/purchase-dashboard.tsx(1800,64): error TS7006: Parameter 'item' implicitly has an 'any' type.
src/pages/purchase-dashboard.tsx(1825,71): error TS2339: Property 'totalAmount' does not exist on type '{ id: number; status: string; total: string; paymentMethod: string | null; createdAt: Date; supplierId: number; orderNumber: string; userId: number; draft: string | null; poNo: string | null; ... 11 more ...; paymentDate: Date | null; }'.
src/pages/purchase-dashboard.tsx(1843,71): error TS2339: Property 'totalAmount' does not exist on type '{ id: number; status: string; total: string; paymentMethod: string | null; createdAt: Date; supplierId: number; orderNumber: string; userId: number; draft: string | null; poNo: string | null; ... 11 more ...; paymentDate: Date | null; }'.
src/pages/purchase-dashboard.tsx(1851,36): error TS2339: Property 'notes' does not exist on type '{ id: number; status: string; total: string; paymentMethod: string | null; createdAt: Date; supplierId: number; orderNumber: string; userId: number; draft: string | null; poNo: string | null; ... 11 more ...; paymentDate: Date | null; }'.
src/pages/purchase-dashboard.tsx(1861,43): error TS2339: Property 'notes' does not exist on type '{ id: number; status: string; total: string; paymentMethod: string | null; createdAt: Date; supplierId: number; orderNumber: string; userId: number; draft: string | null; poNo: string | null; ... 11 more ...; paymentDate: Date | null; }'.
src/pages/purchase-dashboard.tsx(1911,82): error TS2551: Property 'supplier' does not exist on type '{ id: number; status: string; total: string; paymentMethod: string | null; createdAt: Date; supplierId: number; orderNumber: string; userId: number; draft: string | null; poNo: string | null; ... 11 more ...; paymentDate: Date | null; }'. Did you mean 'supplierId'?
src/pages/purchase-dashboard.tsx(1915,122): error TS2339: Property 'totalAmount' does not exist on type '{ id: number; status: string; total: string; paymentMethod: string | null; createdAt: Date; supplierId: number; orderNumber: string; userId: number; draft: string | null; poNo: string | null; ... 11 more ...; paymentDate: Date | null; }'.
src/pages/purchase-dashboard.tsx(1923,81): error TS2339: Property 'totalAmount' does not exist on type '{ id: number; status: string; total: string; paymentMethod: string | null; createdAt: Date; supplierId: number; orderNumber: string; userId: number; draft: string | null; poNo: string | null; ... 11 more ...; paymentDate: Date | null; }'.
src/pages/purchase-dashboard.tsx(1966,81): error TS2339: Property 'totalAmount' does not exist on type '{ id: number; status: string; total: string; paymentMethod: string | null; createdAt: Date; supplierId: number; orderNumber: string; userId: number; draft: string | null; poNo: string | null; ... 11 more ...; paymentDate: Date | null; }'.
src/pages/purchase-dashboard.tsx(1984,81): error TS2339: Property 'totalAmount' does not exist on type '{ id: number; status: string; total: string; paymentMethod: string | null; createdAt: Date; supplierId: number; orderNumber: string; userId: number; draft: string | null; poNo: string | null; ... 11 more ...; paymentDate: Date | null; }'.
src/pages/purchase-dashboard.tsx(2106,89): error TS2551: Property 'supplier' does not exist on type '{ id: number; status: string; total: string; paymentMethod: string | null; createdAt: Date; supplierId: number; orderNumber: string; userId: number; draft: string | null; poNo: string | null; ... 11 more ...; paymentDate: Date | null; }'. Did you mean 'supplierId'?
src/pages/purchase-dashboard.tsx(2200,68): error TS2551: Property 'supplier' does not exist on type '{ id: number; status: string; total: string; paymentMethod: string | null; createdAt: Date; supplierId: number; orderNumber: string; userId: number; draft: string | null; poNo: string | null; ... 11 more ...; paymentDate: Date | null; }'. Did you mean 'supplierId'?
src/pages/purchase-dashboard.tsx(2203,92): error TS2339: Property 'totalAmount' does not exist on type '{ id: number; status: string; total: string; paymentMethod: string | null; createdAt: Date; supplierId: number; orderNumber: string; userId: number; draft: string | null; poNo: string | null; ... 11 more ...; paymentDate: Date | null; }'.
src/pages/purchase-entry-professional.tsx(1033,47): error TS2339: Property 'surcharge' does not exist on type '{ supplierId: number; orderNumber: string; orderDate: string; items: { productId: number; quantity: number; unitCost: number; code?: string | undefined; location?: string | undefined; description?: string | undefined; ... 17 more ...; cashPercent?: number | undefined; }[]; ... 21 more ...; internalNotes?: string | u...'.
src/pages/purchase-entry-professional.tsx(1034,45): error TS2339: Property 'freight' does not exist on type '{ supplierId: number; orderNumber: string; orderDate: string; items: { productId: number; quantity: number; unitCost: number; code?: string | undefined; location?: string | undefined; description?: string | undefined; ... 17 more ...; cashPercent?: number | undefined; }[]; ... 21 more ...; internalNotes?: string | u...'.
src/pages/purchase-entry-professional.tsx(1035,46): error TS2339: Property 'packing' does not exist on type '{ supplierId: number; orderNumber: string; orderDate: string; items: { productId: number; quantity: number; unitCost: number; code?: string | undefined; location?: string | undefined; description?: string | undefined; ... 17 more ...; cashPercent?: number | undefined; }[]; ... 21 more ...; internalNotes?: string | u...'.
src/pages/purchase-entry-professional.tsx(1372,20): error TS2345: Argument of type '{ productId: number; code: string; description: string; receivedQty: number; freeQty: number; unitCost: number; hsnCode: string; taxPercentage: number; discountAmount: number; expiryDate: string; ... 5 more ...; unit: string; }' is not assignable to parameter of type 'SetStateAction<{ productId: number; code: string; description: string; receivedQty: number; freeQty: number; unitCost: number; hsnCode: string; taxPercentage: number; discountAmount: number; expiryDate: string; ... 6 more ...; unit: string; }>'.
  Property 'wholesalePrice' is missing in type '{ productId: number; code: string; description: string; receivedQty: number; freeQty: number; unitCost: number; hsnCode: string; taxPercentage: number; discountAmount: number; expiryDate: string; ... 5 more ...; unit: string; }' but required in type '{ productId: number; code: string; description: string; receivedQty: number; freeQty: number; unitCost: number; hsnCode: string; taxPercentage: number; discountAmount: number; expiryDate: string; ... 6 more ...; unit: string; }'.
src/pages/purchase-entry-professional.tsx(1398,20): error TS2345: Argument of type '{ productId: number; code: string; description: string; receivedQty: number; freeQty: number; unitCost: number; hsnCode: string; taxPercentage: number; discountAmount: number; expiryDate: string; ... 5 more ...; unit: string; }' is not assignable to parameter of type 'SetStateAction<{ productId: number; code: string; description: string; receivedQty: number; freeQty: number; unitCost: number; hsnCode: string; taxPercentage: number; discountAmount: number; expiryDate: string; ... 6 more ...; unit: string; }>'.
  Property 'wholesalePrice' is missing in type '{ productId: number; code: string; description: string; receivedQty: number; freeQty: number; unitCost: number; hsnCode: string; taxPercentage: number; discountAmount: number; expiryDate: string; ... 5 more ...; unit: string; }' but required in type '{ productId: number; code: string; description: string; receivedQty: number; freeQty: number; unitCost: number; hsnCode: string; taxPercentage: number; discountAmount: number; expiryDate: string; ... 6 more ...; unit: string; }'.
src/pages/purchase-entry-professional.tsx(1420,20): error TS2345: Argument of type '{ productId: number; code: string; description: string; receivedQty: number; freeQty: number; unitCost: number; hsnCode: string; taxPercentage: number; discountAmount: number; expiryDate: string; ... 5 more ...; unit: string; }' is not assignable to parameter of type 'SetStateAction<{ productId: number; code: string; description: string; receivedQty: number; freeQty: number; unitCost: number; hsnCode: string; taxPercentage: number; discountAmount: number; expiryDate: string; ... 6 more ...; unit: string; }>'.
  Property 'wholesalePrice' is missing in type '{ productId: number; code: string; description: string; receivedQty: number; freeQty: number; unitCost: number; hsnCode: string; taxPercentage: number; discountAmount: number; expiryDate: string; ... 5 more ...; unit: string; }' but required in type '{ productId: number; code: string; description: string; receivedQty: number; freeQty: number; unitCost: number; hsnCode: string; taxPercentage: number; discountAmount: number; expiryDate: string; ... 6 more ...; unit: string; }'.
src/pages/purchase-entry.tsx(806,35): error TS2345: Argument of type '{ items: { productId: number; receivedQty: number; cost: number; amount: number; productName: string; code: string; description: string; freeQty: string; hsnCode: string; taxPercent: string; discountAmount: string; ... 10 more ...; unit: string; }[]; ... 34 more ...; goodsTes?: string | undefined; }' is not assignable to parameter of type '{ supplierId: number; poDate: string; dueDate: string; paymentType: string; items: { unit: string; mrp: string; cost: string; discountAmount: string; netCost: string; sellingPrice: string; amount: string; ... 15 more ...; batchNo?: string | undefined; }[]; ... 30 more ...; goodsTes?: string | undefined; }'.
  Types of property 'items' are incompatible.
    Type '{ productId: number; receivedQty: number; cost: number; amount: number; productName: string; code: string; description: string; freeQty: string; hsnCode: string; taxPercent: string; discountAmount: string; ... 10 more ...; unit: string; }[]' is not assignable to type '{ unit: string; mrp: string; cost: string; discountAmount: string; netCost: string; sellingPrice: string; amount: string; receivedQty: string; freeQty: string; taxPercent: string; roiPercent: string; ... 11 more ...; batchNo?: string | undefined; }[]'.
      Type '{ productId: number; receivedQty: number; cost: number; amount: number; productName: string; code: string; description: string; freeQty: string; hsnCode: string; taxPercent: string; discountAmount: string; ... 10 more ...; unit: string; }' is not assignable to type '{ unit: string; mrp: string; cost: string; discountAmount: string; netCost: string; sellingPrice: string; amount: string; receivedQty: string; freeQty: string; taxPercent: string; roiPercent: string; ... 11 more ...; batchNo?: string | undefined; }'.
        Types of property 'cost' are incompatible.
          Type 'number' is not assignable to type 'string'.
src/pages/receipt-settings.tsx(49,5): error TS2353: Object literal may only specify known properties, and 'printDensity' does not exist in type 'ReceiptCustomization | (() => ReceiptCustomization)'.
src/pages/receipt-settings.tsx(135,11): error TS2741: Property 'showLoyaltyPoints' is missing in type '{ businessName: string; businessAddress: string; phoneNumber: string; email: string; taxId: string; receiptFooter: string; showLogo: false; autoPrint: true; paperWidth: "thermal80"; fontSize: "medium"; ... 16 more ...; currencySymbol: string; }' but required in type 'ReceiptCustomization'.
src/pages/receipt-settings.tsx(308,43): error TS2339: Property 'website' does not exist on type 'ReceiptCustomization'.
src/pages/receipt-settings.tsx(318,43): error TS2551: Property 'returnPolicyText' does not exist on type 'ReceiptCustomization'. Did you mean 'returnPolicy'?
src/pages/receipt-settings.tsx(419,45): error TS2339: Property 'printDensity' does not exist on type 'ReceiptCustomization'.
src/pages/receipt-settings.tsx(436,45): error TS2339: Property 'lineSpacing' does not exist on type 'ReceiptCustomization'.
src/pages/receipt-settings.tsx(453,45): error TS2339: Property 'characterEncoding' does not exist on type 'ReceiptCustomization'.
src/pages/receipt-settings.tsx(473,45): error TS2339: Property 'charactersPerLine' does not exist on type 'ReceiptCustomization'.
src/pages/receipt-settings.tsx(484,47): error TS2339: Property 'autoCut' does not exist on type 'ReceiptCustomization'.
src/pages/receipt-settings.tsx(507,45): error TS2339: Property 'marginLeft' does not exist on type 'ReceiptCustomization'.
src/pages/receipt-settings.tsx(519,45): error TS2339: Property 'marginRight' does not exist on type 'ReceiptCustomization'.
src/pages/receipt-settings.tsx(531,45): error TS2339: Property 'logoHeight' does not exist on type 'ReceiptCustomization'.
src/pages/repacking-dashboard-professional.tsx(345,7): error TS2353: Object literal may only specify known properties, and 'packagingType' does not exist in type 'SetStateAction<{ sourceQuantity: string; sourceUnit: string; targetQuantity: string; unitWeight: string; unitWeightUnit: string; targetName: string; targetSku: string; sellingPrice: string; costPrice: string; ... 5 more ...; mrpMarginPercentage: string; }>'.
src/pages/repacking-dashboard-professional.tsx(658,48): error TS2345: Argument of type '{ method: string; body: string; }' is not assignable to parameter of type 'string'.
src/pages/repacking-dashboard-professional.tsx(687,9): error TS2353: Object literal may only specify known properties, and 'packagingType' does not exist in type 'SetStateAction<{ sourceQuantity: string; sourceUnit: string; targetQuantity: string; unitWeight: string; unitWeightUnit: string; targetName: string; targetSku: string; sellingPrice: string; costPrice: string; ... 5 more ...; mrpMarginPercentage: string; }>'.
src/pages/repacking-dashboard.tsx(71,22): error TS2352: Conversion of type '{ id: number; name: string; sku: string; price: number; stockQuantity: number; description: string; cost: string; categoryId: number; alertThreshold: number; barcode: null; image: null; active: true; createdAt: Date; updatedAt: Date; }' to type '{ image: string | null; id: number; name: string; description: string | null; active: boolean; updatedAt: Date; brand: string | null; createdAt: Date; taxCalculationMethod: string | null; ... 61 more ...; itemIngredients: string | null; }' may be a mistake because neither type sufficiently overlaps with the other. If this was intentional, convert the expression to 'unknown' first.
  Type '{ id: number; name: string; sku: string; price: number; stockQuantity: number; description: string; cost: string; categoryId: number; alertThreshold: number; barcode: null; image: null; active: true; createdAt: Date; updatedAt: Date; }' is missing the following properties from type '{ image: string | null; id: number; name: string; description: string | null; active: boolean; updatedAt: Date; brand: string | null; createdAt: Date; taxCalculationMethod: string | null; ... 61 more ...; itemIngredients: string | null; }': brand, taxCalculationMethod, hsnCode, cgstRate, and 53 more.
src/pages/repacking-professional-fixed.tsx(26,33): error TS2307: Cannot find module '@/components/layout/DashboardLayout' or its corresponding type declarations.
src/pages/repacking-professional-fixed.tsx(125,24): error TS18046: 'products' is of type 'unknown'.
src/pages/repacking-professional-fixed.tsx(132,28): error TS18046: 'products' is of type 'unknown'.
src/pages/repacking-professional-fixed.tsx(137,28): error TS18046: 'products' is of type 'unknown'.
src/pages/repacking-professional-fixed.tsx(167,54): error TS18046: 'products' is of type 'unknown'.
src/pages/repacking-professional-fixed.tsx(168,35): error TS18046: 'products' is of type 'unknown'.
src/pages/repacking-professional-fixed.tsx(236,43): error TS2345: Argument of type '{ method: string; body: string; }' is not assignable to parameter of type 'string'.
src/pages/repacking-professional.tsx(425,39): error TS2345: Argument of type 'number | "1"' is not assignable to parameter of type 'string'.
  Type 'number' is not assignable to type 'string'.
src/pages/repacking-professional.tsx(442,45): error TS2345: Argument of type 'number | "0"' is not assignable to parameter of type 'string'.
  Type 'number' is not assignable to type 'string'.
src/pages/repacking-professional.tsx(443,48): error TS2345: Argument of type 'number | "0"' is not assignable to parameter of type 'string'.
  Type 'number' is not assignable to type 'string'.
src/pages/repacking-professional.tsx(444,50): error TS2345: Argument of type 'number | "0"' is not assignable to parameter of type 'string'.
  Type 'number' is not assignable to type 'string'.
src/pages/repacking-professional.tsx(445,39): error TS2345: Argument of type 'number | "0"' is not assignable to parameter of type 'string'.
  Type 'number' is not assignable to type 'string'.
src/pages/repacking-professional.tsx(466,51): error TS2345: Argument of type 'number | "1"' is not assignable to parameter of type 'string'.
  Type 'number' is not assignable to type 'string'.
src/pages/repacking-professional.tsx(998,87): error TS2345: Argument of type 'number | "0"' is not assignable to parameter of type 'string'.
  Type 'number' is not assignable to type 'string'.
src/pages/repacking-professional.tsx(1002,87): error TS2345: Argument of type 'number | "0"' is not assignable to parameter of type 'string'.
  Type 'number' is not assignable to type 'string'.
src/pages/repacking-professional.tsx(1121,85): error TS2345: Argument of type 'number | "0"' is not assignable to parameter of type 'string'.
  Type 'number' is not assignable to type 'string'.
src/pages/repacking-professional.tsx(1125,85): error TS2345: Argument of type 'number | "0"' is not assignable to parameter of type 'string'.
  Type 'number' is not assignable to type 'string'.
src/pages/repacking-professional.tsx(1129,85): error TS2345: Argument of type 'number | "0"' is not assignable to parameter of type 'string'.
  Type 'number' is not assignable to type 'string'.
src/pages/repacking-professional.tsx(1134,85): error TS2345: Argument of type 'number | "0"' is not assignable to parameter of type 'string'.
  Type 'number' is not assignable to type 'string'.
src/pages/repacking-professional.tsx(1144,39): error TS2345: Argument of type 'number | "0"' is not assignable to parameter of type 'string'.
  Type 'number' is not assignable to type 'string'.
src/pages/repacking-professional.tsx(1144,87): error TS2345: Argument of type 'number | "0"' is not assignable to parameter of type 'string'.
  Type 'number' is not assignable to type 'string'.
src/pages/repacking-professional.tsx(1144,133): error TS2345: Argument of type 'number | "1"' is not assignable to parameter of type 'string'.
  Type 'number' is not assignable to type 'string'.
src/pages/sales-dashboard-debug.tsx(35,22): error TS18046: 'error' is of type 'unknown'.
src/pages/sales-dashboard.tsx(1608,23): error TS18048: 'customerBillingData.length' is possibly 'undefined'.
src/pages/sales-dashboard.tsx(1609,27): error TS18048: 'customerBillingData' is possibly 'undefined'.
src/pages/sales-dashboard.tsx(1611,31): error TS18048: 'customerBillingData' is possibly 'undefined'.
src/pages/sales-dashboard.tsx(2253,52): error TS7006: Parameter 'sale' implicitly has an 'any' type.
src/pages/settings.tsx(852,22): error TS18046: 'error' is of type 'unknown'.
src/pages/settings.tsx(1292,36): error TS2339: Property 'length' does not exist on type '{}'.
src/pages/settings.tsx(1292,67): error TS2339: Property 'length' does not exist on type '{}'.
src/pages/settings.tsx(1292,98): error TS2339: Property 'length' does not exist on type '{}'.
src/pages/settings.tsx(1292,125): error TS2339: Property 'totalProducts' does not exist on type '{}'.
src/pages/settings.tsx(1297,84): error TS2339: Property 'totalProducts' does not exist on type '{}'.
src/pages/settings.tsx(1301,85): error TS2339: Property 'length' does not exist on type '{}'.
src/pages/settings.tsx(1305,89): error TS2339: Property 'length' does not exist on type '{}'.
src/pages/settings.tsx(1318,103): error TS2339: Property 'totalProducts' does not exist on type '{}'.
src/pages/settings.tsx(1322,105): error TS2339: Property 'length' does not exist on type '{}'.
src/pages/settings.tsx(1326,111): error TS2339: Property 'length' does not exist on type '{}'.
src/pages/settings.tsx(1330,111): error TS2339: Property 'length' does not exist on type '{}'.
src/pages/settings.tsx(1334,111): error TS2339: Property 'length' does not exist on type '{}'.
src/pages/settings.tsx(1339,49): error TS2339: Property 'reduce' does not exist on type '{}'.
src/pages/unified-printer-settings.tsx(135,49): error TS2339: Property 'filter' does not exist on type '{}'.
src/pages/unified-printer-settings.tsx(141,50): error TS2339: Property 'reduce' does not exist on type '{}'.
src/pages/unified-printer-settings.tsx(335,26): error TS2345: Argument of type '{ orderNumber: string; createdAt: string; user: { name: string; id: number; }; customer: { name: string; id: number; }; items: { productName: string; productSku: string; quantity: number; unitPrice: number; subtotal: number; price: number; total: number; }[]; ... 4 more ...; status: string; }' is not assignable to parameter of type 'ReceiptData'.
  Type '{ orderNumber: string; createdAt: string; user: { name: string; id: number; }; customer: { name: string; id: number; }; items: { productName: string; productSku: string; quantity: number; unitPrice: number; subtotal: number; price: number; total: number; }[]; ... 4 more ...; status: string; }' is missing the following properties from type 'ReceiptData': billNumber, billDate, customerDetails, salesMan, and 7 more.
src/pages/unified-printer-settings.tsx(351,17): error TS2345: Argument of type '{ businessName: string; businessAddress: string; phoneNumber: string; taxId: string; receiptFooter: string; paperWidth: string; showLogo: true; autoPrint: true; showCustomerDetails: true; showItemSKU: true; ... 17 more ...; printOnReturn: true; }' is not assignable to parameter of type 'SetStateAction<PrinterSettings>'.
  Property 'logoUrl' is missing in type '{ businessName: string; businessAddress: string; phoneNumber: string; taxId: string; receiptFooter: string; paperWidth: string; showLogo: true; autoPrint: true; showCustomerDetails: true; showItemSKU: true; ... 17 more ...; printOnReturn: true; }' but required in type 'PrinterSettings'.
src/pages/users.tsx(640,19): error TS2322: Type 'boolean | ""' is not assignable to type 'boolean | undefined'.
  Type '""' is not assignable to type 'boolean | undefined'.
../db/seed.ts(199,44): error TS2769: No overload matches this call.
  Overload 1 of 2, '(value: { name: string | SQL<unknown> | Placeholder<string, any>; email: string | SQL<unknown> | Placeholder<string, any>; password: string | SQL<unknown> | Placeholder<...>; ... 5 more ...; createdAt?: Date | ... 2 more ... | undefined; }): SQLiteInsertBase<...>', gave the following error.
    Argument of type '{ name: string; email: string; password: string; image?: string | null | undefined; id?: number | undefined; role?: "admin" | "cashier" | "manager" | undefined; username?: string | undefined; active?: boolean | undefined; createdAt?: Date | undefined; }' is not assignable to parameter of type '{ name: string | SQL<unknown> | Placeholder<string, any>; email: string | SQL<unknown> | Placeholder<string, any>; password: string | SQL<unknown> | Placeholder<string, any>; ... 5 more ...; createdAt?: Date | ... 2 more ... | undefined; }'.
      Types of property 'username' are incompatible.
        Type 'string | undefined' is not assignable to type 'string | SQL<unknown> | Placeholder<string, any>'.
          Type 'undefined' is not assignable to type 'string | SQL<unknown> | Placeholder<string, any>'.
  Overload 2 of 2, '(values: { name: string | SQL<unknown> | Placeholder<string, any>; email: string | SQL<unknown> | Placeholder<string, any>; password: string | SQL<unknown> | Placeholder<...>; ... 5 more ...; createdAt?: Date | ... 2 more ... | undefined; }[]): SQLiteInsertBase<...>', gave the following error.
    Argument of type '{ name: string; email: string; password: string; image?: string | null | undefined; id?: number | undefined; role?: "admin" | "cashier" | "manager" | undefined; username?: string | undefined; active?: boolean | undefined; createdAt?: Date | undefined; }' is not assignable to parameter of type '{ name: string | SQL<unknown> | Placeholder<string, any>; email: string | SQL<unknown> | Placeholder<string, any>; password: string | SQL<unknown> | Placeholder<string, any>; ... 5 more ...; createdAt?: Date | ... 2 more ... | undefined; }[]'.
      Type '{ name: string; email: string; password: string; image?: string | null | undefined; id?: number | undefined; role?: "admin" | "cashier" | "manager" | undefined; username?: string | undefined; active?: boolean | undefined; createdAt?: Date | undefined; }' is missing the following properties from type '{ name: string | SQL<unknown> | Placeholder<string, any>; email: string | SQL<unknown> | Placeholder<string, any>; password: string | SQL<unknown> | Placeholder<string, any>; ... 5 more ...; createdAt?: Date | ... 2 more ... | undefined; }[]': length, pop, push, concat, and 35 more.
../db/seed.ts(226,44): error TS2769: No overload matches this call.
  Overload 1 of 2, '(value: { name: string | SQL<unknown> | Placeholder<string, any>; email: string | SQL<unknown> | Placeholder<string, any>; password: string | SQL<unknown> | Placeholder<...>; ... 5 more ...; createdAt?: Date | ... 2 more ... | undefined; }): SQLiteInsertBase<...>', gave the following error.
    Argument of type '{ name: string; email: string; password: string; image?: string | null | undefined; id?: number | undefined; role?: "admin" | "cashier" | "manager" | undefined; username?: string | undefined; active?: boolean | undefined; createdAt?: Date | undefined; }' is not assignable to parameter of type '{ name: string | SQL<unknown> | Placeholder<string, any>; email: string | SQL<unknown> | Placeholder<string, any>; password: string | SQL<unknown> | Placeholder<string, any>; ... 5 more ...; createdAt?: Date | ... 2 more ... | undefined; }'.
      Types of property 'username' are incompatible.
        Type 'string | undefined' is not assignable to type 'string | SQL<unknown> | Placeholder<string, any>'.
          Type 'undefined' is not assignable to type 'string | SQL<unknown> | Placeholder<string, any>'.
  Overload 2 of 2, '(values: { name: string | SQL<unknown> | Placeholder<string, any>; email: string | SQL<unknown> | Placeholder<string, any>; password: string | SQL<unknown> | Placeholder<...>; ... 5 more ...; createdAt?: Date | ... 2 more ... | undefined; }[]): SQLiteInsertBase<...>', gave the following error.
    Argument of type '{ name: string; email: string; password: string; image?: string | null | undefined; id?: number | undefined; role?: "admin" | "cashier" | "manager" | undefined; username?: string | undefined; active?: boolean | undefined; createdAt?: Date | undefined; }' is not assignable to parameter of type '{ name: string | SQL<unknown> | Placeholder<string, any>; email: string | SQL<unknown> | Placeholder<string, any>; password: string | SQL<unknown> | Placeholder<string, any>; ... 5 more ...; createdAt?: Date | ... 2 more ... | undefined; }[]'.
      Type '{ name: string; email: string; password: string; image?: string | null | undefined; id?: number | undefined; role?: "admin" | "cashier" | "manager" | undefined; username?: string | undefined; active?: boolean | undefined; createdAt?: Date | undefined; }' is missing the following properties from type '{ name: string | SQL<unknown> | Placeholder<string, any>; email: string | SQL<unknown> | Placeholder<string, any>; password: string | SQL<unknown> | Placeholder<string, any>; ... 5 more ...; createdAt?: Date | ... 2 more ... | undefined; }[]': length, pop, push, concat, and 35 more.
../db/seed.ts(246,50): error TS2769: No overload matches this call.
  Overload 1 of 2, '(value: { name: string | SQL<unknown> | Placeholder<string, any>; address?: string | SQL<unknown> | Placeholder<string, any> | null | undefined; id?: number | SQL<...> | Placeholder<...> | undefined; ... 5 more ...; creditLimit?: string | ... 3 more ... | undefined; }): SQLiteInsertBase<...>', gave the following error.
    Argument of type '{ name: string; address?: string | null | undefined; id?: number | undefined; email?: string | null | undefined; businessName?: string | null | undefined; phone?: string | null | undefined; createdAt?: Date | undefined; taxId?: string | ... 1 more ... | undefined; creditLimit?: number | ... 1 more ... | undefined; }' is not assignable to parameter of type '{ name: string | SQL<unknown> | Placeholder<string, any>; address?: string | SQL<unknown> | Placeholder<string, any> | null | undefined; id?: number | SQL<...> | Placeholder<...> | undefined; ... 5 more ...; creditLimit?: string | ... 3 more ... | undefined; }'.
      Types of property 'creditLimit' are incompatible.
        Type 'number | null | undefined' is not assignable to type 'string | SQL<unknown> | Placeholder<string, any> | null | undefined'.
          Type 'number' is not assignable to type 'string | SQL<unknown> | Placeholder<string, any> | null | undefined'.
  Overload 2 of 2, '(values: { name: string | SQL<unknown> | Placeholder<string, any>; address?: string | SQL<unknown> | Placeholder<string, any> | null | undefined; id?: number | SQL<...> | Placeholder<...> | undefined; ... 5 more ...; creditLimit?: string | ... 3 more ... | undefined; }[]): SQLiteInsertBase<...>', gave the following error.
    Argument of type '{ name: string; address?: string | null | undefined; id?: number | undefined; email?: string | null | undefined; businessName?: string | null | undefined; phone?: string | null | undefined; createdAt?: Date | undefined; taxId?: string | ... 1 more ... | undefined; creditLimit?: number | ... 1 more ... | undefined; }' is not assignable to parameter of type '{ name: string | SQL<unknown> | Placeholder<string, any>; address?: string | SQL<unknown> | Placeholder<string, any> | null | undefined; id?: number | SQL<...> | Placeholder<...> | undefined; ... 5 more ...; creditLimit?: string | ... 3 more ... | undefined; }[]'.
      Type '{ name: string; address?: string | null | undefined; id?: number | undefined; email?: string | null | undefined; businessName?: string | null | undefined; phone?: string | null | undefined; createdAt?: Date | undefined; taxId?: string | ... 1 more ... | undefined; creditLimit?: number | ... 1 more ... | undefined; }' is missing the following properties from type '{ name: string | SQL<unknown> | Placeholder<string, any>; address?: string | SQL<unknown> | Placeholder<string, any> | null | undefined; id?: number | SQL<...> | Placeholder<...> | undefined; ... 5 more ...; creditLimit?: string | ... 3 more ... | undefined; }[]': length, pop, push, concat, and 35 more.
../db/seed.ts(354,20): error TS2345: Argument of type '(saleItems: any, { eq }: { eq: any; }) => any' is not assignable to parameter of type 'SQL<unknown>'.
../db/seed.ts(354,21): error TS7006: Parameter 'saleItems' implicitly has an 'any' type.
../db/seed.ts(354,34): error TS7031: Binding element 'eq' implicitly has an 'any' type.
../server/routes.ts(206,20): error TS2790: The operand of a 'delete' operator must be optional.
../server/routes.ts(248,49): error TS2339: Property 'id' does not exist on type 'User'.
../server/routes.ts(313,53): error TS2345: Argument of type '{ name: string; id?: number | undefined; description?: string | null | undefined; createdAt?: Date | undefined; }' is not assignable to parameter of type '{ name: string; description?: string | undefined; }'.
  Types of property 'description' are incompatible.
    Type 'string | null | undefined' is not assignable to type 'string | undefined'.
      Type 'null' is not assignable to type 'string | undefined'.
../server/routes.ts(328,57): error TS2345: Argument of type '{ name: string; id?: number | undefined; description?: string | null | undefined; createdAt?: Date | undefined; }' is not assignable to parameter of type 'Partial<{ id: number; name: string; description: string | null; createdAt: string; }>'.
  Types of property 'createdAt' are incompatible.
    Type 'Date | undefined' is not assignable to type 'string | undefined'.
      Type 'Date' is not assignable to type 'string'.
../server/routes.ts(373,16): error TS18046: 'error' is of type 'unknown'.
../server/routes.ts(404,45): error TS2339: Property 'getRecommendedPurchaseItems' does not exist on type '{ getUserByUsername(username: string): Promise<{ image: string | null; id: number; role: string; name: string; email: string; password: string; username: string; active: boolean; createdAt: string; } | null>; ... 178 more ...; listHsnCodes(): Promise<...>; }'.
../server/routes.ts(440,71): error TS18046: 'storageError' is of type 'unknown'.
../server/routes.ts(467,21): error TS2339: Property 'id' does not exist on type '{}'.
../server/routes.ts(468,23): error TS2339: Property 'name' does not exist on type '{}'.
../server/routes.ts(469,30): error TS2339: Property 'description' does not exist on type '{}'.
../server/routes.ts(470,22): error TS2339: Property 'sku' does not exist on type '{}'.
../server/routes.ts(471,24): error TS2339: Property 'price' does not exist on type '{}'.
../server/routes.ts(472,22): error TS2339: Property 'mrp' does not exist on type '{}'.
../server/routes.ts(472,37): error TS2339: Property 'price' does not exist on type '{}'.
../server/routes.ts(473,23): error TS2339: Property 'cost' does not exist on type '{}'.
../server/routes.ts(474,25): error TS2339: Property 'weight' does not exist on type '{}'.
../server/routes.ts(475,29): error TS2339: Property 'weight_unit' does not exist on type '{}'.
../server/routes.ts(476,29): error TS2339: Property 'category_id' does not exist on type '{}'.
../server/routes.ts(477,32): error TS2339: Property 'stock_quantity' does not exist on type '{}'.
../server/routes.ts(478,33): error TS2339: Property 'alert_threshold' does not exist on type '{}'.
../server/routes.ts(479,26): error TS2339: Property 'barcode' does not exist on type '{}'.
../server/routes.ts(480,24): error TS2339: Property 'image' does not exist on type '{}'.
../server/routes.ts(481,26): error TS2339: Property 'hsn_code' does not exist on type '{}'.
../server/routes.ts(482,27): error TS2339: Property 'cgst_rate' does not exist on type '{}'.
../server/routes.ts(483,27): error TS2339: Property 'sgst_rate' does not exist on type '{}'.
../server/routes.ts(484,27): error TS2339: Property 'igst_rate' does not exist on type '{}'.
../server/routes.ts(485,27): error TS2339: Property 'cess_rate' does not exist on type '{}'.
../server/routes.ts(486,39): error TS2339: Property 'tax_calculation_method' does not exist on type '{}'.
../server/routes.ts(487,33): error TS2339: Property 'active' does not exist on type '{}'.
../server/routes.ts(488,37): error TS2339: Property 'created_at' does not exist on type '{}'.
../server/routes.ts(489,37): error TS2339: Property 'updated_at' does not exist on type '{}'.
../server/routes.ts(491,23): error TS2339: Property 'category_id' does not exist on type '{}'.
../server/routes.ts(492,25): error TS2339: Property 'categoryName' does not exist on type '{}'.
../server/routes.ts(503,16): error TS18046: 'error' is of type 'unknown'.
../server/routes.ts(557,9): error TS1117: An object literal cannot have multiple properties with the same name.
../server/routes.ts(558,9): error TS1117: An object literal cannot have multiple properties with the same name.
../server/routes.ts(559,9): error TS1117: An object literal cannot have multiple properties with the same name.
../server/routes.ts(562,9): error TS1117: An object literal cannot have multiple properties with the same name.
../server/routes.ts(563,9): error TS1117: An object literal cannot have multiple properties with the same name.
../server/routes.ts(645,51): error TS2345: Argument of type '{ name: string; sku: string; price: string; mrp: string; cost: string; categoryId: number; stockQuantity: number; alertThreshold: number; image?: string | null | undefined; id?: number | undefined; ... 60 more ...; itemIngredients?: string | ... 1 more ... | undefined; }' is not assignable to parameter of type '{ name: string; description?: string | undefined; sku: string; price: number; mrp: number; cost: number; wholesalePrice?: number | undefined; weight?: number | undefined; weightUnit?: string | undefined; ... 15 more ...; supplierId?: number | undefined; }'.
  Types of property 'description' are incompatible.
    Type 'string | null | undefined' is not assignable to type 'string | undefined'.
      Type 'null' is not assignable to type 'string | undefined'.
../server/routes.ts(658,25): error TS2339: Property 'received' does not exist on type 'ZodIssue'.
  Property 'received' does not exist on type 'ZodUnrecognizedKeysIssue & { fatal?: boolean | undefined; message: string; }'.
../server/routes.ts(659,25): error TS2339: Property 'expected' does not exist on type 'ZodIssue'.
  Property 'expected' does not exist on type 'ZodUnrecognizedKeysIssue & { fatal?: boolean | undefined; message: string; }'.
../server/routes.ts(671,16): error TS18046: 'error' is of type 'unknown'.
../server/routes.ts(704,11): error TS18046: 'error' is of type 'unknown'.
../server/routes.ts(705,24): error TS18046: 'error' is of type 'unknown'.
../server/routes.ts(740,40): error TS2339: Property 'checkProductReferences' does not exist on type '{ getUserByUsername(username: string): Promise<{ image: string | null; id: number; role: string; name: string; email: string; password: string; username: string; active: boolean; createdAt: string; } | null>; ... 178 more ...; listHsnCodes(): Promise<...>; }'.
../server/routes.ts(761,57): error TS2554: Expected 1 arguments, but got 2.
../server/routes.ts(776,44): error TS2339: Property 'checkProductReferences' does not exist on type '{ getUserByUsername(username: string): Promise<{ image: string | null; id: number; role: string; name: string; email: string; password: string; username: string; active: boolean; createdAt: string; } | null>; ... 178 more ...; listHsnCodes(): Promise<...>; }'.
../server/routes.ts(820,61): error TS18046: 'error' is of type 'unknown'.
../server/routes.ts(868,25): error TS7053: Element implicitly has an 'any' type because expression of type 'string' can't be used to index type '{ users: unknown[]; categories: unknown[]; suppliers: unknown[]; customers: unknown[]; products: unknown[]; sales: unknown[]; sale_items: unknown[]; purchases: unknown[]; purchase_items: unknown[]; settings: unknown[]; returns: unknown[]; return_items: unknown[]; inventory_adjustments: unknown[]; payment_methods: un...'.
  No index signature with a parameter of type 'string' was found on type '{ users: unknown[]; categories: unknown[]; suppliers: unknown[]; customers: unknown[]; products: unknown[]; sales: unknown[]; sale_items: unknown[]; purchases: unknown[]; purchase_items: unknown[]; settings: unknown[]; returns: unknown[]; return_items: unknown[]; inventory_adjustments: unknown[]; payment_methods: un...'.
../server/routes.ts(888,62): error TS18046: 'sizeError' is of type 'unknown'.
../server/routes.ts(893,14): error TS7017: Element implicitly has an 'any' type because type 'typeof globalThis' has no index signature.
../server/routes.ts(913,18): error TS18046: 'error' is of type 'unknown'.
../server/routes.ts(921,19): error TS7017: Element implicitly has an 'any' type because type 'typeof globalThis' has no index signature.
../server/routes.ts(933,64): error TS7017: Element implicitly has an 'any' type because type 'typeof globalThis' has no index signature.
../server/routes.ts(934,23): error TS7017: Element implicitly has an 'any' type because type 'typeof globalThis' has no index signature.
../server/routes.ts(939,14): error TS7017: Element implicitly has an 'any' type because type 'typeof globalThis' has no index signature.
../server/routes.ts(945,18): error TS18046: 'error' is of type 'unknown'.
../server/routes.ts(981,53): error TS18046: 'jsonError' is of type 'unknown'.
../server/routes.ts(1019,20): error TS18046: 'parseError' is of type 'unknown'.
../server/routes.ts(1061,33): error TS18046: 'row' is of type 'unknown'.
../server/routes.ts(1078,61): error TS18046: 'clearError' is of type 'unknown'.
../server/routes.ts(1088,61): error TS18046: 'settingsError' is of type 'unknown'.
../server/routes.ts(1097,60): error TS18046: 'seqError' is of type 'unknown'.
../server/routes.ts(1120,39): error TS7006: Parameter 'cat' implicitly has an 'any' type.
../server/routes.ts(1130,75): error TS18046: 'catError' is of type 'unknown'.
../server/routes.ts(1141,103): error TS18046: 'col' is of type 'unknown'.
../server/routes.ts(1153,38): error TS7006: Parameter 'sup' implicitly has an 'any' type.
../server/routes.ts(1166,75): error TS18046: 'supError' is of type 'unknown'.
../server/routes.ts(1177,103): error TS18046: 'col' is of type 'unknown'.
../server/routes.ts(1188,38): error TS7006: Parameter 'cust' implicitly has an 'any' type.
../server/routes.ts(1201,76): error TS18046: 'custError' is of type 'unknown'.
../server/routes.ts(1212,101): error TS18046: 'col' is of type 'unknown'.
../server/routes.ts(1223,37): error TS7006: Parameter 'prod' implicitly has an 'any' type.
../server/routes.ts(1245,75): error TS18046: 'prodError' is of type 'unknown'.
../server/routes.ts(1262,67): error TS18046: 'pragmaError' is of type 'unknown'.
../server/routes.ts(1283,13): error TS18046: 'transactionError' is of type 'unknown'.
../server/routes.ts(1285,20): error TS18046: 'transactionError' is of type 'unknown'.
../server/routes.ts(1287,20): error TS18046: 'transactionError' is of type 'unknown'.
../server/routes.ts(1294,22): error TS18046: 'transactionError' is of type 'unknown'.
../server/routes.ts(1302,11): error TS18046: 'error' is of type 'unknown'.
../server/routes.ts(1312,18): error TS18046: 'error' is of type 'unknown'.
../server/routes.ts(1375,59): error TS18046: 'clearError' is of type 'unknown'.
../server/routes.ts(1389,59): error TS18046: 'settingsError' is of type 'unknown'.
../server/routes.ts(1398,58): error TS18046: 'seqError' is of type 'unknown'.
../server/routes.ts(1424,63): error TS18046: 'pragmaError' is of type 'unknown'.
../server/routes.ts(1436,11): error TS18046: 'error' is of type 'unknown'.
../server/routes.ts(1438,18): error TS18046: 'error' is of type 'unknown'.
../server/routes.ts(1440,18): error TS18046: 'error' is of type 'unknown'.
../server/routes.ts(1447,20): error TS18046: 'error' is of type 'unknown'.
../server/routes.ts(1470,67): error TS18046: 'error' is of type 'unknown'.
../server/routes.ts(1503,26): error TS18046: 'salesCount' is of type 'unknown'.
../server/routes.ts(1504,10): error TS18046: 'totalStats' is of type 'unknown'.
../server/routes.ts(1504,36): error TS18046: 'salesCount' is of type 'unknown'.
../server/routes.ts(1507,34): error TS18046: 'totalStats' is of type 'unknown'.
../server/routes.ts(1508,9): error TS18046: 'totalStats' is of type 'unknown'.
../server/routes.ts(1508,40): error TS18046: 'totalStats' is of type 'unknown'.
../server/routes.ts(1511,23): error TS18046: 'totalStats' is of type 'unknown'.
../server/routes.ts(1512,28): error TS18046: 'totalStats' is of type 'unknown'.
../server/routes.ts(1513,23): error TS18046: 'todayStats' is of type 'unknown'.
../server/routes.ts(1514,28): error TS18046: 'todayStats' is of type 'unknown'.
../server/routes.ts(1524,78): error TS18046: 'error' is of type 'unknown'.
../server/routes.ts(1572,18): error TS18046: 'error' is of type 'unknown'.
../server/routes.ts(1709,21): error TS2339: Property 'mrp' does not exist on type '{ productId: number; quantity: number; unitPrice: number; price: number; subtotal: number; total: number; }'.
../server/routes.ts(1726,71): error TS2339: Property 'id' does not exist on type '{}'.
../server/routes.ts(1755,25): error TS2339: Property 'id' does not exist on type '{}'.
../server/routes.ts(1764,25): error TS2339: Property 'id' does not exist on type '{}'.
../server/routes.ts(1776,13): error TS2698: Spread types may only be created from object types.
../server/routes.ts(1812,18): error TS18046: 'error' is of type 'unknown'.
../server/routes.ts(1945,43): error TS18046: 'sale' is of type 'unknown'.
../server/routes.ts(1946,13): error TS7034: Variable 'allSaleItems' implicitly has type 'any[]' in some locations where its type cannot be determined.
../server/routes.ts(1972,9): error TS7005: Variable 'allSaleItems' implicitly has an 'any[]' type.
../server/routes.ts(1973,16): error TS7053: Element implicitly has an 'any' type because expression of type 'any' can't be used to index type '{}'.
../server/routes.ts(1974,13): error TS7053: Element implicitly has an 'any' type because expression of type 'any' can't be used to index type '{}'.
../server/routes.ts(1976,11): error TS7053: Element implicitly has an 'any' type because expression of type 'any' can't be used to index type '{}'.
../server/routes.ts(1993,15): error TS18046: 'sale' is of type 'unknown'.
../server/routes.ts(1994,24): error TS18046: 'sale' is of type 'unknown'.
../server/routes.ts(1995,23): error TS18046: 'sale' is of type 'unknown'.
../server/routes.ts(1996,19): error TS18046: 'sale' is of type 'unknown'.
../server/routes.ts(1997,18): error TS18046: 'sale' is of type 'unknown'.
../server/routes.ts(1998,16): error TS18046: 'sale' is of type 'unknown'.
../server/routes.ts(1999,21): error TS18046: 'sale' is of type 'unknown'.
../server/routes.ts(2000,26): error TS18046: 'sale' is of type 'unknown'.
../server/routes.ts(2001,19): error TS18046: 'sale' is of type 'unknown'.
../server/routes.ts(2002,22): error TS18046: 'sale' is of type 'unknown'.
../server/routes.ts(2004,24): error TS18046: 'sale' is of type 'unknown'.
../server/routes.ts(2005,23): error TS18046: 'sale' is of type 'unknown'.
../server/routes.ts(2006,24): error TS18046: 'sale' is of type 'unknown'.
../server/routes.ts(2007,33): error TS18046: 'sale' is of type 'unknown'.
../server/routes.ts(2008,26): error TS18046: 'sale' is of type 'unknown'.
../server/routes.ts(2009,21): error TS18046: 'sale' is of type 'unknown'.
../server/routes.ts(2010,17): error TS18046: 'sale' is of type 'unknown'.
../server/routes.ts(2011,19): error TS18046: 'sale' is of type 'unknown'.
../server/routes.ts(2012,20): error TS18046: 'sale' is of type 'unknown'.
../server/routes.ts(2015,17): error TS18046: 'sale' is of type 'unknown'.
../server/routes.ts(2016,19): error TS18046: 'sale' is of type 'unknown'.
../server/routes.ts(2018,25): error TS18046: 'sale' is of type 'unknown'.
../server/routes.ts(2019,18): error TS7053: Element implicitly has an 'any' type because expression of type 'any' can't be used to index type '{}'.
../server/routes.ts(2019,31): error TS18046: 'sale' is of type 'unknown'.
../server/routes.ts(2038,16): error TS18046: 'error' is of type 'unknown'.
../server/routes.ts(2066,50): error TS18046: 'totalCount' is of type 'unknown'.
../server/routes.ts(2068,11): error TS18046: 'totalCount' is of type 'unknown'.
../server/routes.ts(2106,13): error TS18046: 'sale' is of type 'unknown'.
../server/routes.ts(2107,22): error TS18046: 'sale' is of type 'unknown'.
../server/routes.ts(2107,49): error TS18046: 'sale' is of type 'unknown'.
../server/routes.ts(2108,21): error TS18046: 'sale' is of type 'unknown'.
../server/routes.ts(2109,23): error TS18046: 'sale' is of type 'unknown'.
../server/routes.ts(2110,24): error TS18046: 'sale' is of type 'unknown'.
../server/routes.ts(2111,17): error TS18046: 'sale' is of type 'unknown'.
../server/routes.ts(2112,19): error TS18046: 'sale' is of type 'unknown'.
../server/routes.ts(2113,27): error TS18046: 'sale' is of type 'unknown'.
../server/routes.ts(2114,25): error TS18046: 'sale' is of type 'unknown'.
../server/routes.ts(2115,30): error TS18046: 'sale' is of type 'unknown'.
../server/routes.ts(2116,24): error TS18046: 'sale' is of type 'unknown'.
../server/routes.ts(2117,17): error TS18046: 'sale' is of type 'unknown'.
../server/routes.ts(2118,20): error TS18046: 'sale' is of type 'unknown'.
../server/routes.ts(2119,20): error TS18046: 'sale' is of type 'unknown'.
../server/routes.ts(2121,16): error TS18046: 'sale' is of type 'unknown'.
../server/routes.ts(2121,56): error TS18046: 'sale' is of type 'unknown'.
../server/routes.ts(2121,90): error TS18046: 'sale' is of type 'unknown'.
../server/routes.ts(2131,18): error TS18046: 'error' is of type 'unknown'.
../server/routes.ts(2182,18): error TS2339: Property 'id' does not exist on type '{}'.
../server/routes.ts(2183,27): error TS2339: Property 'order_number' does not exist on type '{}'.
../server/routes.ts(2184,26): error TS2339: Property 'customer_id' does not exist on type '{}'.
../server/routes.ts(2185,22): error TS2339: Property 'user_id' does not exist on type '{}'.
../server/routes.ts(2186,21): error TS2339: Property 'total' does not exist on type '{}'.
../server/routes.ts(2187,19): error TS2339: Property 'tax' does not exist on type '{}'.
../server/routes.ts(2188,24): error TS2339: Property 'discount' does not exist on type '{}'.
../server/routes.ts(2189,29): error TS2339: Property 'payment_method' does not exist on type '{}'.
../server/routes.ts(2190,22): error TS2339: Property 'status' does not exist on type '{}'.
../server/routes.ts(2191,25): error TS2339: Property 'created_at' does not exist on type '{}'.
../server/routes.ts(2192,28): error TS2339: Property 'customer_name' does not exist on type '{}'.
../server/routes.ts(2193,24): error TS2339: Property 'customer_name' does not exist on type '{}'.
../server/routes.ts(2194,20): error TS2339: Property 'customer_id' does not exist on type '{}'.
../server/routes.ts(2195,22): error TS2339: Property 'customer_name' does not exist on type '{}'.
../server/routes.ts(2196,23): error TS2339: Property 'customer_phone' does not exist on type '{}'.
../server/routes.ts(2197,23): error TS2339: Property 'customer_email' does not exist on type '{}'.
../server/routes.ts(2200,20): error TS2339: Property 'user_id' does not exist on type '{}'.
../server/routes.ts(2201,22): error TS2339: Property 'user_name' does not exist on type '{}'.
../server/routes.ts(2204,15): error TS18046: 'item' is of type 'unknown'.
../server/routes.ts(2205,22): error TS18046: 'item' is of type 'unknown'.
../server/routes.ts(2206,21): error TS18046: 'item' is of type 'unknown'.
../server/routes.ts(2207,22): error TS18046: 'item' is of type 'unknown'.
../server/routes.ts(2207,41): error TS18046: 'item' is of type 'unknown'.
../server/routes.ts(2208,21): error TS18046: 'item' is of type 'unknown'.
../server/routes.ts(2208,38): error TS18046: 'item' is of type 'unknown'.
../server/routes.ts(2210,17): error TS18046: 'item' is of type 'unknown'.
../server/routes.ts(2211,19): error TS18046: 'item' is of type 'unknown'.
../server/routes.ts(2211,52): error TS18046: 'item' is of type 'unknown'.
../server/routes.ts(2212,18): error TS18046: 'item' is of type 'unknown'.
../server/routes.ts(2213,20): error TS18046: 'item' is of type 'unknown'.
../server/routes.ts(2213,42): error TS18046: 'item' is of type 'unknown'.
../server/routes.ts(2213,61): error TS18046: 'item' is of type 'unknown'.
../server/routes.ts(2250,16): error TS18046: 'error' is of type 'unknown'.
../server/routes.ts(2282,16): error TS18046: 'error' is of type 'unknown'.
../server/routes.ts(2409,66): error TS2339: Property 'order_number' does not exist on type '{}'.
../server/routes.ts(2416,52): error TS18046: 'col' is of type 'unknown'.
../server/routes.ts(2436,72): error TS2339: Property 'order_date' does not exist on type '{}'.
../server/routes.ts(2497,34): error TS18046: 'item' is of type 'unknown'.
../server/routes.ts(2497,51): error TS18046: 'item' is of type 'unknown'.
../server/routes.ts(2507,62): error TS18046: 'col' is of type 'unknown'.
../server/routes.ts(2656,72): error TS18046: 'itemError' is of type 'unknown'.
../server/routes.ts(2708,25): error TS18046: 'error' is of type 'unknown'.
../server/routes.ts(2710,11): error TS18046: 'error' is of type 'unknown'.
../server/routes.ts(2712,18): error TS18046: 'error' is of type 'unknown'.
../server/routes.ts(2714,18): error TS18046: 'error' is of type 'unknown'.
../server/routes.ts(2722,20): error TS18046: 'error' is of type 'unknown'.
../server/routes.ts(2820,16): error TS18046: 'error' is of type 'unknown'.
../server/routes.ts(2883,40): error TS2339: Property 'product_id' does not exist on type '{}'.
../server/routes.ts(2884,45): error TS2339: Property 'free_qty' does not exist on type '{}'.
../server/routes.ts(2911,18): error TS18046: 'error' is of type 'unknown'.
../server/routes.ts(2990,61): error TS2339: Property 'paid_amount' does not exist on type '{}'.
../server/routes.ts(2997,57): error TS2339: Property 'total' does not exist on type '{}'.
../server/routes.ts(2997,83): error TS2339: Property 'totalAmount' does not exist on type '{}'.
../server/routes.ts(3086,25): error TS18046: 'updatedPurchase' is of type 'unknown'.
../server/routes.ts(3092,9): error TS18046: 'updatedPurchase' is of type 'unknown'.
../server/routes.ts(3109,35): error TS2345: Argument of type 'number' is not assignable to parameter of type 'string'.
../server/routes.ts(3147,18): error TS18046: 'error' is of type 'unknown'.
../server/routes.ts(3229,16): error TS18046: 'error' is of type 'unknown'.
../server/routes.ts(3306,53): error TS2345: Argument of type '{ name: string; address?: string | null | undefined; id?: number | undefined; status?: string | undefined; email?: string | null | undefined; state?: string | null | undefined; country?: string | ... 1 more ... | undefined; ... 17 more ...; notes?: string | ... 1 more ... | undefined; }' is not assignable to parameter of type '{ name: string; email?: string | undefined; phone?: string | undefined; mobileNo?: string | undefined; extensionNumber?: string | undefined; faxNo?: string | undefined; contactPerson?: string | undefined; ... 15 more ...; status?: string | undefined; }'.
  Types of property 'email' are incompatible.
    Type 'string | null | undefined' is not assignable to type 'string | undefined'.
      Type 'null' is not assignable to type 'string | undefined'.
../server/routes.ts(3319,25): error TS2339: Property 'received' does not exist on type 'ZodIssue'.
  Property 'received' does not exist on type 'ZodUnrecognizedKeysIssue & { fatal?: boolean | undefined; message: string; }'.
../server/routes.ts(3320,25): error TS2339: Property 'expected' does not exist on type 'ZodIssue'.
  Property 'expected' does not exist on type 'ZodUnrecognizedKeysIssue & { fatal?: boolean | undefined; message: string; }'.
../server/routes.ts(3332,16): error TS18046: 'error' is of type 'unknown'.
../server/routes.ts(3341,57): error TS2345: Argument of type '{ name: string; address?: string | null | undefined; id?: number | undefined; status?: string | undefined; email?: string | null | undefined; state?: string | null | undefined; country?: string | ... 1 more ... | undefined; ... 17 more ...; notes?: string | ... 1 more ... | undefined; }' is not assignable to parameter of type 'Partial<{ address: string | null; id: number; name: string; email: string | null; phone: string | null; createdAt: string; contactPerson: string | null; gstin: string | null; paymentTerms: string | null; businessType: string | null; }>'.
  Types of property 'createdAt' are incompatible.
    Type 'Date | undefined' is not assignable to type 'string | undefined'.
      Type 'Date' is not assignable to type 'string'.
../server/routes.ts(3381,11): error TS18046: 'error' is of type 'unknown'.
../server/routes.ts(3383,20): error TS18046: 'error' is of type 'unknown'.
../server/routes.ts(3390,16): error TS18046: 'error' is of type 'unknown'.
../server/routes.ts(3449,68): error TS18046: 'storageError' is of type 'unknown'.
../server/routes.ts(3468,48): error TS18046: 'col' is of type 'unknown'.
../server/routes.ts(3497,71): error TS18046: 'error' is of type 'unknown'.
../server/routes.ts(3534,48): error TS18046: 'col' is of type 'unknown'.
../server/routes.ts(3611,9): error TS2698: Spread types may only be created from object types.
../server/routes.ts(3619,18): error TS18046: 'error' is of type 'unknown'.
../server/routes.ts(3628,57): error TS2345: Argument of type '{ name: string; address?: string | null | undefined; id?: number | undefined; email?: string | null | undefined; businessName?: string | null | undefined; phone?: string | null | undefined; createdAt?: Date | undefined; taxId?: string | ... 1 more ... | undefined; creditLimit?: number | ... 1 more ... | undefined; }' is not assignable to parameter of type 'Partial<{ address: string | null; id: number; name: string; email: string | null; businessName: string | null; phone: string | null; createdAt: string; taxId: string | null; creditLimit: number | null; }>'.
  Types of property 'createdAt' are incompatible.
    Type 'Date | undefined' is not assignable to type 'string | undefined'.
      Type 'Date' is not assignable to type 'string'.
../server/routes.ts(3783,37): error TS2551: Property 'deleteUser' does not exist on type '{ getUserByUsername(username: string): Promise<{ image: string | null; id: number; role: string; name: string; email: string; password: string; username: string; active: boolean; createdAt: string; } | null>; ... 178 more ...; listHsnCodes(): Promise<...>; }'. Did you mean 'deleteSale'?
../server/routes.ts(3813,17): error TS18046: 'tablesCheck' is of type 'unknown'.
../server/routes.ts(3821,16): error TS18046: 'error' is of type 'unknown'.
../server/routes.ts(3950,13): error TS7053: Element implicitly has an 'any' type because expression of type 'string' can't be used to index type '{}'.
  No index signature with a parameter of type 'string' was found on type '{}'.
../server/routes.ts(3950,47): error TS2339: Property 'value' does not exist on type '{}'.
../server/routes.ts(3952,13): error TS7053: Element implicitly has an 'any' type because expression of type 'string' can't be used to index type '{}'.
  No index signature with a parameter of type 'string' was found on type '{}'.
../server/routes.ts(3952,36): error TS2339: Property 'value' does not exist on type '{}'.
../server/routes.ts(4005,87): error TS18048: 'value' is possibly 'undefined'.
../server/routes.ts(4023,18): error TS18046: 'error' is of type 'unknown'.
../server/routes.ts(4047,13): error TS7053: Element implicitly has an 'any' type because expression of type 'string' can't be used to index type '{}'.
  No index signature with a parameter of type 'string' was found on type '{}'.
../server/routes.ts(4047,47): error TS2339: Property 'value' does not exist on type '{}'.
../server/routes.ts(4049,13): error TS7053: Element implicitly has an 'any' type because expression of type 'string' can't be used to index type '{}'.
  No index signature with a parameter of type 'string' was found on type '{}'.
../server/routes.ts(4049,36): error TS2339: Property 'value' does not exist on type '{}'.
../server/routes.ts(4090,87): error TS18048: 'value' is possibly 'undefined'.
../server/routes.ts(4108,18): error TS18046: 'error' is of type 'unknown'.
../server/routes.ts(4157,13): error TS7053: Element implicitly has an 'any' type because expression of type 'string' can't be used to index type '{}'.
  No index signature with a parameter of type 'string' was found on type '{}'.
../server/routes.ts(4157,47): error TS2339: Property 'value' does not exist on type '{}'.
../server/routes.ts(4160,13): error TS7053: Element implicitly has an 'any' type because expression of type 'string' can't be used to index type '{}'.
  No index signature with a parameter of type 'string' was found on type '{}'.
../server/routes.ts(4160,36): error TS2339: Property 'value' does not exist on type '{}'.
../server/routes.ts(4237,87): error TS18048: 'value' is possibly 'undefined'.
../server/routes.ts(4255,18): error TS18046: 'error' is of type 'unknown'.
../server/routes.ts(4286,35): error TS2339: Property 'salesTableExists' does not exist on type '{}'.
../server/routes.ts(4291,37): error TS2339: Property 'totalSalesCount' does not exist on type '{}'.
../server/routes.ts(4291,55): error TS18046: 'totalCount' is of type 'unknown'.
../server/routes.ts(4302,37): error TS2339: Property 'recentSalesData' does not exist on type '{}'.
../server/routes.ts(4303,37): error TS2339: Property 'recentSalesCount' does not exist on type '{}'.
../server/routes.ts(4312,37): error TS2339: Property 'todaysSalesCount' does not exist on type '{}'.
../server/routes.ts(4312,56): error TS18046: 'todaysSales' is of type 'unknown'.
../server/routes.ts(4315,35): error TS2339: Property 'error' does not exist on type '{}'.
../server/routes.ts(4315,43): error TS18046: 'dbError' is of type 'unknown'.
../server/routes.ts(4321,30): error TS2339: Property 'storageListSales' does not exist on type '{}'.
../server/routes.ts(4327,30): error TS2339: Property 'storageListSales' does not exist on type '{}'.
../server/routes.ts(4329,18): error TS18046: 'storageError' is of type 'unknown'.
../server/routes.ts(4334,37): error TS2339: Property 'totalSalesCount' does not exist on type '{}'.
../server/routes.ts(4335,42): error TS2345: Argument of type 'string' is not assignable to parameter of type 'never'.
../server/routes.ts(4338,38): error TS2339: Property 'salesTableExists' does not exist on type '{}'.
../server/routes.ts(4339,42): error TS2345: Argument of type 'string' is not assignable to parameter of type 'never'.
../server/routes.ts(4343,42): error TS2345: Argument of type 'string' is not assignable to parameter of type 'never'.
../server/routes.ts(4346,37): error TS2339: Property 'totalSalesCount' does not exist on type '{}'.
../server/routes.ts(4346,81): error TS2339: Property 'storageListSales' does not exist on type '{}'.
../server/routes.ts(4347,42): error TS2345: Argument of type 'string' is not assignable to parameter of type 'never'.
../server/routes.ts(4357,18): error TS18046: 'error' is of type 'unknown'.
../server/routes.ts(4391,30): error TS2339: Property 'hsn_code' does not exist on type '{}'.
../server/routes.ts(4392,34): error TS2339: Property 'description' does not exist on type '{}'.
../server/routes.ts(4393,27): error TS2339: Property 'cgst_rate' does not exist on type '{}'.
../server/routes.ts(4394,27): error TS2339: Property 'sgst_rate' does not exist on type '{}'.
../server/routes.ts(4395,27): error TS2339: Property 'igst_rate' does not exist on type '{}'.
../server/routes.ts(4396,27): error TS2339: Property 'cess_rate' does not exist on type '{}'.
../server/routes.ts(4411,16): error TS18046: 'error' is of type 'unknown'.
../server/routes.ts(4431,16): error TS18046: 'error' is of type 'unknown'.
../server/routes.ts(4451,16): error TS18046: 'error' is of type 'unknown'.
../server/routes.ts(4507,37): error TS18046: 'error' is of type 'unknown'.
../server/routes.ts(4527,16): error TS2769: No overload matches this call.
  Overload 1 of 3, '(left: PgColumn<{ name: "created_at"; tableName: "sales"; dataType: "date"; columnType: "PgTimestamp"; data: Date; driverParam: string; notNull: true; hasDefault: true; isPrimaryKey: false; isAutoincrement: false; ... 4 more ...; generated: undefined; }, {}, {}>, right: Date | SQLWrapper): SQL<...>', gave the following error.
    Argument of type 'string' is not assignable to parameter of type 'Date | SQLWrapper'.
  Overload 2 of 3, '(left: Aliased<string>, right: string | SQLWrapper): SQL<unknown>', gave the following error.
    Argument of type 'PgColumn<{ name: "created_at"; tableName: "sales"; dataType: "date"; columnType: "PgTimestamp"; data: Date; driverParam: string; notNull: true; hasDefault: true; isPrimaryKey: false; isAutoincrement: false; ... 4 more ...; generated: undefined; }, {}, {}>' is not assignable to parameter of type 'Aliased<string>'.
      Type 'PgColumn<{ name: "created_at"; tableName: "sales"; dataType: "date"; columnType: "PgTimestamp"; data: Date; driverParam: string; notNull: true; hasDefault: true; isPrimaryKey: false; isAutoincrement: false; ... 4 more ...; generated: undefined; }, {}, {}>' is missing the following properties from type 'Aliased<string>': sql, fieldAlias
  Overload 3 of 3, '(left: never, right: unknown): SQL<unknown>', gave the following error.
    Argument of type 'PgColumn<{ name: "created_at"; tableName: "sales"; dataType: "date"; columnType: "PgTimestamp"; data: Date; driverParam: string; notNull: true; hasDefault: true; isPrimaryKey: false; isAutoincrement: false; ... 4 more ...; generated: undefined; }, {}, {}>' is not assignable to parameter of type 'never'.
../server/routes.ts(4537,16): error TS2769: No overload matches this call.
  Overload 1 of 3, '(left: PgColumn<{ name: "created_at"; tableName: "sales"; dataType: "date"; columnType: "PgTimestamp"; data: Date; driverParam: string; notNull: true; hasDefault: true; isPrimaryKey: false; isAutoincrement: false; ... 4 more ...; generated: undefined; }, {}, {}>, right: Date | SQLWrapper): SQL<...>', gave the following error.
    Argument of type 'string' is not assignable to parameter of type 'Date | SQLWrapper'.
  Overload 2 of 3, '(left: Aliased<string>, right: string | SQLWrapper): SQL<unknown>', gave the following error.
    Argument of type 'PgColumn<{ name: "created_at"; tableName: "sales"; dataType: "date"; columnType: "PgTimestamp"; data: Date; driverParam: string; notNull: true; hasDefault: true; isPrimaryKey: false; isAutoincrement: false; ... 4 more ...; generated: undefined; }, {}, {}>' is not assignable to parameter of type 'Aliased<string>'.
      Type 'PgColumn<{ name: "created_at"; tableName: "sales"; dataType: "date"; columnType: "PgTimestamp"; data: Date; driverParam: string; notNull: true; hasDefault: true; isPrimaryKey: false; isAutoincrement: false; ... 4 more ...; generated: undefined; }, {}, {}>' is missing the following properties from type 'Aliased<string>': sql, fieldAlias
  Overload 3 of 3, '(left: never, right: unknown): SQL<unknown>', gave the following error.
    Argument of type 'PgColumn<{ name: "created_at"; tableName: "sales"; dataType: "date"; columnType: "PgTimestamp"; data: Date; driverParam: string; notNull: true; hasDefault: true; isPrimaryKey: false; isAutoincrement: false; ... 4 more ...; generated: undefined; }, {}, {}>' is not assignable to parameter of type 'never'.
../server/routes.ts(4679,10): error TS2339: Property 'previous_revenue' does not exist on type '{}'.
../server/routes.ts(4791,11): error TS7034: Variable 'saleItems' implicitly has type 'any[]' in some locations where its type cannot be determined.
../server/routes.ts(4809,74): error TS18046: 's' is of type 'unknown'.
../server/routes.ts(4815,56): error TS18046: 'sum' is of type 'unknown'.
../server/routes.ts(4815,73): error TS18046: 'sale' is of type 'unknown'.
../server/routes.ts(4816,26): error TS7005: Variable 'saleItems' implicitly has an 'any[]' type.
../server/routes.ts(4818,57): error TS18046: 'totalRevenue' is of type 'unknown'.
../server/routes.ts(4822,7): error TS7005: Variable 'saleItems' implicitly has an 'any[]' type.
../server/routes.ts(4824,14): error TS7053: Element implicitly has an 'any' type because expression of type 'any' can't be used to index type '{}'.
../server/routes.ts(4825,11): error TS7053: Element implicitly has an 'any' type because expression of type 'any' can't be used to index type '{}'.
../server/routes.ts(4831,9): error TS7053: Element implicitly has an 'any' type because expression of type 'any' can't be used to index type '{}'.
../server/routes.ts(4832,9): error TS7053: Element implicitly has an 'any' type because expression of type 'any' can't be used to index type '{}'.
../server/routes.ts(4837,25): error TS18046: 'b' is of type 'unknown'.
../server/routes.ts(4837,37): error TS18046: 'a' is of type 'unknown'.
../server/routes.ts(4843,24): error TS18046: 'sale' is of type 'unknown'.
../server/routes.ts(4844,14): error TS7053: Element implicitly has an 'any' type because expression of type 'any' can't be used to index type '{}'.
../server/routes.ts(4845,11): error TS7053: Element implicitly has an 'any' type because expression of type 'any' can't be used to index type '{}'.
../server/routes.ts(4847,9): error TS7053: Element implicitly has an 'any' type because expression of type 'any' can't be used to index type '{}'.
../server/routes.ts(4848,9): error TS7053: Element implicitly has an 'any' type because expression of type 'any' can't be used to index type '{}'.
../server/routes.ts(4848,53): error TS18046: 'sale' is of type 'unknown'.
../server/routes.ts(4853,16): error TS18046: 'data' is of type 'unknown'.
../server/routes.ts(4854,17): error TS18046: 'data' is of type 'unknown'.
../server/routes.ts(4860,22): error TS18046: 'sale' is of type 'unknown'.
../server/routes.ts(4861,14): error TS7053: Element implicitly has an 'any' type because expression of type 'any' can't be used to index type '{}'.
../server/routes.ts(4862,11): error TS7053: Element implicitly has an 'any' type because expression of type 'any' can't be used to index type '{}'.
../server/routes.ts(4869,9): error TS7053: Element implicitly has an 'any' type because expression of type 'any' can't be used to index type '{}'.
../server/routes.ts(4869,47): error TS18046: 'sale' is of type 'unknown'.
../server/routes.ts(4870,9): error TS7053: Element implicitly has an 'any' type because expression of type 'any' can't be used to index type '{}'.
../server/routes.ts(4874,7): error TS7005: Variable 'saleItems' implicitly has an 'any[]' type.
../server/routes.ts(4875,38): error TS18046: 's' is of type 'unknown'.
../server/routes.ts(4877,29): error TS2339: Property 'created_at' does not exist on type '{}'.
../server/routes.ts(4878,15): error TS7053: Element implicitly has an 'any' type because expression of type 'any' can't be used to index type '{}'.
../server/routes.ts(4879,13): error TS7053: Element implicitly has an 'any' type because expression of type 'any' can't be used to index type '{}'.
../server/routes.ts(4884,67): error TS18046: 'a' is of type 'unknown'.
../server/routes.ts(4884,88): error TS18046: 'b' is of type 'unknown'.
../server/routes.ts(4888,7): error TS7005: Variable 'saleItems' implicitly has an 'any[]' type.
../server/routes.ts(4890,14): error TS7053: Element implicitly has an 'any' type because expression of type 'any' can't be used to index type '{}'.
../server/routes.ts(4891,11): error TS7053: Element implicitly has an 'any' type because expression of type 'any' can't be used to index type '{}'.
../server/routes.ts(4897,9): error TS7053: Element implicitly has an 'any' type because expression of type 'any' can't be used to index type '{}'.
../server/routes.ts(4898,9): error TS7053: Element implicitly has an 'any' type because expression of type 'any' can't be used to index type '{}'.
../server/routes.ts(4902,25): error TS18046: 'b' is of type 'unknown'.
../server/routes.ts(4902,37): error TS18046: 'a' is of type 'unknown'.
../server/routes.ts(4907,13): error TS18046: 'sale' is of type 'unknown'.
../server/routes.ts(4907,33): error TS18046: 'sale' is of type 'unknown'.
../server/routes.ts(4908,30): error TS18046: 'sale' is of type 'unknown'.
../server/routes.ts(4909,16): error TS7053: Element implicitly has an 'any' type because expression of type 'any' can't be used to index type '{}'.
../server/routes.ts(4910,13): error TS7053: Element implicitly has an 'any' type because expression of type 'any' can't be used to index type '{}'.
../server/routes.ts(4912,29): error TS18046: 'sale' is of type 'unknown'.
../server/routes.ts(4917,11): error TS7053: Element implicitly has an 'any' type because expression of type 'any' can't be used to index type '{}'.
../server/routes.ts(4918,11): error TS7053: Element implicitly has an 'any' type because expression of type 'any' can't be used to index type '{}'.
../server/routes.ts(4918,61): error TS18046: 'sale' is of type 'unknown'.
../server/routes.ts(4923,25): error TS18046: 'b' is of type 'unknown'.
../server/routes.ts(4923,40): error TS18046: 'a' is of type 'unknown'.
../server/routes.ts(4951,18): error TS18046: 'error' is of type 'unknown'.
../server/routes.ts(5011,56): error TS18046: 'sum' is of type 'unknown'.
../server/routes.ts(5011,74): error TS18046: 'p' is of type 'unknown'.
../server/routes.ts(5013,57): error TS18046: 'totalAmount' is of type 'unknown'.
../server/routes.ts(5027,42): error TS2769: No overload matches this call.
  Overload 1 of 2, '(o: ArrayLike<unknown> | { [s: string]: unknown; }): [string, unknown][]', gave the following error.
    Argument of type 'unknown' is not assignable to parameter of type 'ArrayLike<unknown> | { [s: string]: unknown; }'.
  Overload 2 of 2, '(o: {}): [string, any][]', gave the following error.
    Argument of type 'unknown' is not assignable to parameter of type '{}'.
../server/routes.ts(5047,50): error TS2769: No overload matches this call.
  Overload 1 of 2, '(o: ArrayLike<unknown> | { [s: string]: unknown; }): [string, unknown][]', gave the following error.
    Argument of type 'unknown' is not assignable to parameter of type 'ArrayLike<unknown> | { [s: string]: unknown; }'.
  Overload 2 of 2, '(o: {}): [string, any][]', gave the following error.
    Argument of type 'unknown' is not assignable to parameter of type '{}'.
../server/routes.ts(5066,53): error TS2769: No overload matches this call.
  Overload 1 of 2, '(o: ArrayLike<unknown> | { [s: string]: unknown; }): [string, unknown][]', gave the following error.
    Argument of type 'unknown' is not assignable to parameter of type 'ArrayLike<unknown> | { [s: string]: unknown; }'.
  Overload 2 of 2, '(o: {}): [string, any][]', gave the following error.
    Argument of type 'unknown' is not assignable to parameter of type '{}'.
../server/routes.ts(5069,18): error TS18046: 'data' is of type 'unknown'.
../server/routes.ts(5070,19): error TS18046: 'data' is of type 'unknown'.
../server/routes.ts(5084,42): error TS2769: No overload matches this call.
  Overload 1 of 2, '(o: ArrayLike<unknown> | { [s: string]: unknown; }): [string, unknown][]', gave the following error.
    Argument of type 'unknown' is not assignable to parameter of type 'ArrayLike<unknown> | { [s: string]: unknown; }'.
  Overload 2 of 2, '(o: {}): [string, any][]', gave the following error.
    Argument of type 'unknown' is not assignable to parameter of type '{}'.
../server/routes.ts(5087,22): error TS18046: 'data' is of type 'unknown'.
../server/routes.ts(5088,19): error TS18046: 'data' is of type 'unknown'.
../server/routes.ts(5089,25): error TS18046: 'data' is of type 'unknown'.
../server/routes.ts(5105,47): error TS2769: No overload matches this call.
  Overload 1 of 2, '(o: ArrayLike<unknown> | { [s: string]: unknown; }): [string, unknown][]', gave the following error.
    Argument of type 'unknown' is not assignable to parameter of type 'ArrayLike<unknown> | { [s: string]: unknown; }'.
  Overload 2 of 2, '(o: {}): [string, any][]', gave the following error.
    Argument of type 'unknown' is not assignable to parameter of type '{}'.
../server/routes.ts(5108,25): error TS18046: 'data' is of type 'unknown'.
../server/routes.ts(5109,24): error TS18046: 'data' is of type 'unknown'.
../server/routes.ts(5110,24): error TS18046: 'data' is of type 'unknown'.
../server/routes.ts(5133,18): error TS18046: 'error' is of type 'unknown'.
../server/routes.ts(5281,26): error TS18046: 'stockSummary' is of type 'unknown'.
../server/routes.ts(5282,28): error TS18046: 'stockSummary' is of type 'unknown'.
../server/routes.ts(5283,23): error TS18046: 'stockSummary' is of type 'unknown'.
../server/routes.ts(5284,21): error TS18046: 'stockSummary' is of type 'unknown'.
../server/routes.ts(5285,28): error TS18046: 'stockSummary' is of type 'unknown'.
../server/routes.ts(5286,29): error TS18046: 'stockSummary' is of type 'unknown'.
../server/routes.ts(5287,29): error TS18046: 'stockSummary' is of type 'unknown'.
../server/routes.ts(5287,68): error TS18046: 'stockSummary' is of type 'unknown'.
../server/routes.ts(5354,34): error TS18046: 'repeatStats' is of type 'unknown'.
../server/routes.ts(5355,12): error TS18046: 'repeatStats' is of type 'unknown'.
../server/routes.ts(5355,42): error TS18046: 'repeatStats' is of type 'unknown'.
../server/routes.ts(5386,43): error TS18046: 'c' is of type 'unknown'.
../server/routes.ts(5387,49): error TS18046: 'c' is of type 'unknown'.
../server/routes.ts(5388,21): error TS2571: Object is of type 'unknown'.
../server/routes.ts(5388,46): error TS18046: 'c' is of type 'unknown'.
../server/routes.ts(5388,92): error TS18046: 'c' is of type 'unknown'.
../server/routes.ts(5388,145): error TS18046: 'c' is of type 'unknown'.
../server/routes.ts(5393,43): error TS18046: 'c' is of type 'unknown'.
../server/routes.ts(5393,67): error TS18046: 'c' is of type 'unknown'.
../server/routes.ts(5394,49): error TS18046: 'c' is of type 'unknown'.
../server/routes.ts(5394,73): error TS18046: 'c' is of type 'unknown'.
../server/routes.ts(5395,21): error TS2571: Object is of type 'unknown'.
../server/routes.ts(5395,46): error TS18046: 'c' is of type 'unknown'.
../server/routes.ts(5395,70): error TS18046: 'c' is of type 'unknown'.
../server/routes.ts(5395,117): error TS18046: 'c' is of type 'unknown'.
../server/routes.ts(5395,170): error TS18046: 'c' is of type 'unknown'.
../server/routes.ts(5395,194): error TS18046: 'c' is of type 'unknown'.
../server/routes.ts(5400,43): error TS18046: 'c' is of type 'unknown'.
../server/routes.ts(5401,49): error TS18046: 'c' is of type 'unknown'.
../server/routes.ts(5402,21): error TS2571: Object is of type 'unknown'.
../server/routes.ts(5402,46): error TS18046: 'c' is of type 'unknown'.
../server/routes.ts(5402,92): error TS18046: 'c' is of type 'unknown'.
../server/routes.ts(5402,145): error TS18046: 'c' is of type 'unknown'.
../server/routes.ts(5407,43): error TS18046: 'c' is of type 'unknown'.
../server/routes.ts(5408,49): error TS18046: 'c' is of type 'unknown'.
../server/routes.ts(5409,21): error TS2571: Object is of type 'unknown'.
../server/routes.ts(5409,46): error TS18046: 'c' is of type 'unknown'.
../server/routes.ts(5409,90): error TS18046: 'c' is of type 'unknown'.
../server/routes.ts(5409,143): error TS18046: 'c' is of type 'unknown'.
../server/routes.ts(5454,27): error TS18046: 'customerSummary' is of type 'unknown'.
../server/routes.ts(5455,28): error TS18046: 'customerSummary' is of type 'unknown'.
../server/routes.ts(5456,34): error TS18046: 'customerSummary' is of type 'unknown'.
../server/routes.ts(5457,26): error TS18046: 'customerSummary' is of type 'unknown'.
../server/routes.ts(5458,25): error TS18046: 'customerSummary' is of type 'unknown'.
../server/routes.ts(5553,43): error TS18046: 's' is of type 'unknown'.
../server/routes.ts(5554,49): error TS18046: 's' is of type 'unknown'.
../server/routes.ts(5555,48): error TS18046: 's' is of type 'unknown'.
../server/routes.ts(5555,95): error TS18046: 's' is of type 'unknown'.
../server/routes.ts(5560,43): error TS18046: 's' is of type 'unknown'.
../server/routes.ts(5560,67): error TS18046: 's' is of type 'unknown'.
../server/routes.ts(5561,49): error TS18046: 's' is of type 'unknown'.
../server/routes.ts(5561,73): error TS18046: 's' is of type 'unknown'.
../server/routes.ts(5562,48): error TS18046: 's' is of type 'unknown'.
../server/routes.ts(5562,72): error TS18046: 's' is of type 'unknown'.
../server/routes.ts(5562,120): error TS18046: 's' is of type 'unknown'.
../server/routes.ts(5567,43): error TS18046: 's' is of type 'unknown'.
../server/routes.ts(5568,49): error TS18046: 's' is of type 'unknown'.
../server/routes.ts(5569,48): error TS18046: 's' is of type 'unknown'.
../server/routes.ts(5569,94): error TS18046: 's' is of type 'unknown'.
../server/routes.ts(5574,43): error TS18046: 's' is of type 'unknown'.
../server/routes.ts(5575,49): error TS18046: 's' is of type 'unknown'.
../server/routes.ts(5576,48): error TS18046: 's' is of type 'unknown'.
../server/routes.ts(5576,95): error TS18046: 's' is of type 'unknown'.
../server/routes.ts(5620,27): error TS18046: 'supplierSummary' is of type 'unknown'.
../server/routes.ts(5621,28): error TS18046: 'supplierSummary' is of type 'unknown'.
../server/routes.ts(5622,31): error TS18046: 'supplierSummary' is of type 'unknown'.
../server/routes.ts(5623,29): error TS18046: 'supplierSummary' is of type 'unknown'.
../server/routes.ts(5624,27): error TS18046: 'supplierSummary' is of type 'unknown'.
../server/routes.ts(5625,32): error TS18046: 'topSupplierResult' is of type 'unknown'.
../server/routes.ts(5754,9): error TS2698: Spread types may only be created from object types.
../server/routes.ts(5755,26): error TS18046: 'row' is of type 'unknown'.
../server/routes.ts(5755,50): error TS18046: 'row' is of type 'unknown'.
../server/routes.ts(5755,74): error TS18046: 'row' is of type 'unknown'.
../server/routes.ts(5755,98): error TS18046: 'row' is of type 'unknown'.
../server/routes.ts(5794,9): error TS2698: Spread types may only be created from object types.
../server/routes.ts(5795,26): error TS18046: 'row' is of type 'unknown'.
../server/routes.ts(5795,50): error TS18046: 'row' is of type 'unknown'.
../server/routes.ts(5795,74): error TS18046: 'row' is of type 'unknown'.
../server/routes.ts(5869,11): error TS18046: 'missingHsn' is of type 'unknown'.
../server/routes.ts(5872,23): error TS18046: 'missingHsn' is of type 'unknown'.
../server/routes.ts(5889,11): error TS18046: 'zeroTax' is of type 'unknown'.
../server/routes.ts(5892,23): error TS18046: 'zeroTax' is of type 'unknown'.
../server/routes.ts(5900,23): error TS18046: 'taxSummary' is of type 'unknown'.
../server/routes.ts(5901,30): error TS18046: 'taxSummary' is of type 'unknown'.
../server/routes.ts(5902,26): error TS18046: 'taxSummary' is of type 'unknown'.
../server/routes.ts(5903,26): error TS18046: 'taxSummary' is of type 'unknown'.
../server/routes.ts(5904,26): error TS18046: 'taxSummary' is of type 'unknown'.
../server/routes.ts(5905,26): error TS18046: 'taxSummary' is of type 'unknown'.
../server/routes.ts(5906,27): error TS18046: 'purchaseTax' is of type 'unknown'.
../server/routes.ts(5907,26): error TS18046: 'purchaseTax' is of type 'unknown'.
../server/routes.ts(5907,60): error TS18046: 'purchaseTax' is of type 'unknown'.
../server/routes.ts(5907,94): error TS18046: 'purchaseTax' is of type 'unknown'.
../server/routes.ts(5908,29): error TS18046: 'taxSummary' is of type 'unknown'.
../server/routes.ts(5908,68): error TS18046: 'purchaseTax' is of type 'unknown'.
../server/routes.ts(5908,102): error TS18046: 'purchaseTax' is of type 'unknown'.
../server/routes.ts(5908,136): error TS18046: 'purchaseTax' is of type 'unknown'.
../server/routes.ts(5909,32): error TS18046: 'taxSummary' is of type 'unknown'.
../server/routes.ts(6098,49): error TS18046: 'error' is of type 'unknown'.
../server/routes.ts(6273,33): error TS18046: 'a' is of type 'unknown'.
../server/routes.ts(6273,62): error TS18046: 'b' is of type 'unknown'.
../server/routes.ts(6276,34): error TS2339: Property 'currentStock' does not exist on type '{}'.
../server/routes.ts(6279,13): error TS18046: 'movement' is of type 'unknown'.
../server/routes.ts(6280,11): error TS18046: 'movement' is of type 'unknown'.
../server/routes.ts(6281,11): error TS18046: 'movement' is of type 'unknown'.
../server/routes.ts(6281,51): error TS18046: 'movement' is of type 'unknown'.
../server/routes.ts(6282,26): error TS18046: 'movement' is of type 'unknown'.
../server/routes.ts(6331,13): error TS7034: Variable 'priceHistory' implicitly has type 'any[]' in some locations where its type cannot be determined.
../server/routes.ts(6360,28): error TS18046: 'salesAnalytics' is of type 'unknown'.
../server/routes.ts(6360,67): error TS18046: 'purchaseAnalytics' is of type 'unknown'.
../server/routes.ts(6361,13): error TS18046: 'salesAnalytics' is of type 'unknown'.
../server/routes.ts(6361,47): error TS18046: 'purchaseAnalytics' is of type 'unknown'.
../server/routes.ts(6361,89): error TS18046: 'salesAnalytics' is of type 'unknown'.
../server/routes.ts(6364,28): error TS18046: 'salesAnalytics' is of type 'unknown'.
../server/routes.ts(6364,68): error TS2339: Property 'currentStock' does not exist on type '{}'.
../server/routes.ts(6365,11): error TS18046: 'salesAnalytics' is of type 'unknown'.
../server/routes.ts(6365,39): error TS18046: 'salesAnalytics' is of type 'unknown'.
../server/routes.ts(6365,74): error TS2339: Property 'currentStock' does not exist on type '{}'.
../server/routes.ts(6369,20): error TS18046: 'salesAnalytics' is of type 'unknown'.
../server/routes.ts(6370,25): error TS18046: 'purchaseAnalytics' is of type 'unknown'.
../server/routes.ts(6371,27): error TS18046: 'salesAnalytics' is of type 'unknown'.
../server/routes.ts(6372,31): error TS18046: 'purchaseAnalytics' is of type 'unknown'.
../server/routes.ts(6376,23): error TS18046: 'salesAnalytics' is of type 'unknown'.
../server/routes.ts(6377,27): error TS18046: 'purchaseAnalytics' is of type 'unknown'.
../server/routes.ts(6383,40): error TS2339: Property 'currentStock' does not exist on type '{}'.
../server/routes.ts(6384,33): error TS2339: Property 'price' does not exist on type '{}'.
../server/routes.ts(6385,32): error TS2339: Property 'cost' does not exist on type '{}'.
../server/routes.ts(6388,11): error TS2698: Spread types may only be created from object types.
../server/routes.ts(6389,28): error TS18046: 'movement' is of type 'unknown'.
../server/routes.ts(6390,29): error TS18046: 'movement' is of type 'unknown'.
../server/routes.ts(6391,30): error TS18046: 'movement' is of type 'unknown'.
../server/routes.ts(6392,33): error TS18046: 'movement' is of type 'unknown'.
../server/routes.ts(6393,28): error TS18046: 'movement' is of type 'unknown'.
../server/routes.ts(6395,23): error TS7005: Variable 'priceHistory' implicitly has an 'any[]' type.
../server/routes.ts(6397,11): error TS2698: Spread types may only be created from object types.
../server/routes.ts(6398,28): error TS18046: 'sale' is of type 'unknown'.
../server/routes.ts(6399,29): error TS18046: 'sale' is of type 'unknown'.
../server/routes.ts(6400,28): error TS18046: 'sale' is of type 'unknown'.
../server/routes.ts(6403,11): error TS2698: Spread types may only be created from object types.
../server/routes.ts(6404,28): error TS18046: 'purchase' is of type 'unknown'.
../server/routes.ts(6405,28): error TS18046: 'purchase' is of type 'unknown'.
../server/routes.ts(6406,28): error TS18046: 'purchase' is of type 'unknown'.
../server/routes.ts(6487,19): error TS18048: 'user' is possibly 'undefined'.
../server/routes.ts(6487,24): error TS2339: Property 'id' does not exist on type 'User'.
../server/routes.ts(6497,17): error TS18048: 'user' is possibly 'undefined'.
../server/routes.ts(6497,22): error TS2339: Property 'id' does not exist on type 'User'.
../server/routes.ts(6499,20): error TS18048: 'user' is possibly 'undefined'.
../server/routes.ts(6499,25): error TS2339: Property 'name' does not exist on type 'User'.
../server/routes.ts(6541,17): error TS18048: 'user' is possibly 'undefined'.
../server/routes.ts(6541,22): error TS2339: Property 'id' does not exist on type 'User'.
../server/routes.ts(6542,20): error TS18048: 'user' is possibly 'undefined'.
../server/routes.ts(6542,25): error TS2339: Property 'name' does not exist on type 'User'.
../server/routes.ts(6555,48): error TS2345: Argument of type 'number' is not assignable to parameter of type 'string'.
../server/routes.ts(6556,47): error TS2345: Argument of type 'number' is not assignable to parameter of type 'string'.
../server/routes.ts(6558,47): error TS2345: Argument of type 'number' is not assignable to parameter of type 'string'.
../server/routes.ts(6560,48): error TS2345: Argument of type 'number' is not assignable to parameter of type 'string'.
../server/routes.ts(6562,48): error TS2345: Argument of type 'number' is not assignable to parameter of type 'string'.
../server/routes.ts(6564,50): error TS2345: Argument of type 'number' is not assignable to parameter of type 'string'.
../server/routes.ts(6566,49): error TS2345: Argument of type 'number' is not assignable to parameter of type 'string'.
../server/routes.ts(6572,48): error TS2345: Argument of type 'number' is not assignable to parameter of type 'string'.
../server/routes.ts(6573,47): error TS2345: Argument of type 'number' is not assignable to parameter of type 'string'.
../server/routes.ts(6574,47): error TS2345: Argument of type 'number' is not assignable to parameter of type 'string'.
../server/routes.ts(6576,44): error TS2345: Argument of type 'number' is not assignable to parameter of type 'string'.
../server/routes.ts(6578,50): error TS2345: Argument of type 'number' is not assignable to parameter of type 'string'.
../server/routes.ts(6579,45): error TS2345: Argument of type 'number' is not assignable to parameter of type 'string'.
../server/routes.ts(6581,45): error TS2345: Argument of type 'number' is not assignable to parameter of type 'string'.
../server/routes.ts(6582,46): error TS2345: Argument of type 'number' is not assignable to parameter of type 'string'.
../server/routes.ts(6619,19): error TS18048: 'user' is possibly 'undefined'.
../server/routes.ts(6619,24): error TS2339: Property 'id' does not exist on type 'User'.
../server/routes.ts(6626,28): error TS2345: Argument of type 'number' is not assignable to parameter of type 'string'.
../server/routes.ts(6629,17): error TS18048: 'user' is possibly 'undefined'.
../server/routes.ts(6629,22): error TS2339: Property 'id' does not exist on type 'User'.
../server/routes.ts(6630,20): error TS18048: 'user' is possibly 'undefined'.
../server/routes.ts(6630,25): error TS2339: Property 'name' does not exist on type 'User'.
../server/routes.ts(6736,27): error TS2339: Property 'id' does not exist on type 'User'.
../server/routes.ts(6758,16): error TS18046: 'error' is of type 'unknown'.
../server/routes.ts(6766,36): error TS2339: Property 'id' does not exist on type 'User'.
../server/routes.ts(6775,11): error TS18046: 'error' is of type 'unknown'.
../server/routes.ts(6776,48): error TS18046: 'error' is of type 'unknown'.
../server/routes.ts(6780,16): error TS18046: 'error' is of type 'unknown'.
../server/routes.ts(6807,16): error TS18046: 'error' is of type 'unknown'.
../server/routes.ts(6912,53): error TS2345: Argument of type '{ name: any; sku: any; barcode: any; description: string; price: any; mrp: any; cost: any; wholesalePrice: any; weight: any; weightUnit: any; stockQuantity: any; categoryId: number; active: boolean; alertThreshold: number; ... 12 more ...; manufacturerId: number | null; }' is not assignable to parameter of type '{ name: string; description?: string | undefined; sku: string; price: number; mrp: number; cost: number; wholesalePrice?: number | undefined; weight?: number | undefined; weightUnit?: string | undefined; ... 15 more ...; supplierId?: number | undefined; }'.
  Types of property 'manufacturerId' are incompatible.
    Type 'number | null' is not assignable to type 'number | undefined'.
      Type 'null' is not assignable to type 'number | undefined'.
../server/routes.ts(6945,16): error TS18046: 'error' is of type 'unknown'.
../server/routes.ts(7045,22): error TS2339: Property 'id' does not exist on type 'User'.
../server/routes.ts(7121,57): error TS2339: Property 'id' does not exist on type 'User'.
../server/routes.ts(7251,31): error TS2339: Property 'id' does not exist on type 'User'.
../server/routes.ts(7485,20): error TS18048: 'req.user' is possibly 'undefined'.
../server/routes.ts(7485,29): error TS2339: Property 'id' does not exist on type 'User'.
../server/routes.ts(7489,47): error TS2345: Argument of type '{ name: string; offerType: string; discountValue: string; createdBy: number; id?: number | undefined; description?: string | null | undefined; active?: boolean | undefined; minPurchaseAmount?: string | ... 1 more ... | undefined; ... 18 more ...; perCustomerLimit?: number | ... 1 more ... | undefined; }' is not assignable to parameter of type '{ type: string; name: string; value: number; validFrom: string; validTo: string; description?: string | null | undefined; active?: boolean | null | undefined; applicableProducts?: string | null | undefined; minPurchase?: number | ... 1 more ... | undefined; maxDiscount?: number | ... 1 more ... | undefined; maxUsage...'.
  Type '{ name: string; offerType: string; discountValue: string; createdBy: number; id?: number | undefined; description?: string | null | undefined; active?: boolean | undefined; minPurchaseAmount?: string | ... 1 more ... | undefined; ... 18 more ...; perCustomerLimit?: number | ... 1 more ... | undefined; }' is missing the following properties from type '{ type: string; name: string; value: number; validFrom: string; validTo: string; description?: string | null | undefined; active?: boolean | null | undefined; applicableProducts?: string | null | undefined; minPurchase?: number | ... 1 more ... | undefined; maxDiscount?: number | ... 1 more ... | undefined; maxUsage...': type, value
../server/routes.ts(7509,51): error TS2345: Argument of type '{ id?: number | undefined; name?: string | undefined; description?: string | null | undefined; active?: boolean | undefined; offerType?: string | undefined; discountValue?: string | undefined; ... 20 more ...; perCustomerLimit?: number | ... 1 more ... | undefined; }' is not assignable to parameter of type 'Partial<{ type: string; name: string; value: number; validFrom: string; validTo: string; description?: string | null | undefined; active?: boolean | null | undefined; applicableProducts?: string | null | undefined; minPurchase?: number | ... 1 more ... | undefined; maxDiscount?: number | ... 1 more ... | undefined; ...'.
  Types of property 'validFrom' are incompatible.
    Type 'Date | null | undefined' is not assignable to type 'string | undefined'.
      Type 'null' is not assignable to type 'string | undefined'.
../server/routes.ts(7629,39): error TS18046: 'error' is of type 'unknown'.
../server/routes.ts(7657,18): error TS18046: 'error' is of type 'unknown'.
../server/routes.ts(7686,18): error TS18046: 'error' is of type 'unknown'.
../server/routes.ts(7823,30): error TS2339: Property 'id' does not exist on type 'User'.
../server/routes.ts(7833,16): error TS18046: 'error' is of type 'unknown'.
../server/routes.ts(7858,16): error TS18046: 'error' is of type 'unknown'.
../server/routes.ts(7896,16): error TS18046: 'error' is of type 'unknown'.
../server/routes.ts(7917,11): error TS18046: 'error' is of type 'unknown'.
../server/routes.ts(7918,48): error TS18046: 'error' is of type 'unknown'.
../server/routes.ts(7921,11): error TS18046: 'error' is of type 'unknown'.
../server/routes.ts(7921,67): error TS18046: 'error' is of type 'unknown'.
../server/routes.ts(7922,48): error TS18046: 'error' is of type 'unknown'.
../server/routes.ts(7926,18): error TS18046: 'error' is of type 'unknown'.
../server/routes.ts(7988,32): error TS2339: Property 'id' does not exist on type 'User'.
../server/routes.ts(7998,16): error TS18046: 'error' is of type 'unknown'.
../server/routes.ts(8032,36): error TS2339: Property 'insertEmployeeSchema' does not exist on type 'typeof import("C:/Users/2024/OneDrive/Desktop/pos2/shared/schema")'.
../server/routes.ts(8048,36): error TS2339: Property 'insertEmployeeSchema' does not exist on type 'typeof import("C:/Users/2024/OneDrive/Desktop/pos2/shared/schema")'.
../server/routes.ts(8069,36): error TS2339: Property 'insertSalaryStructureSchema' does not exist on type 'typeof import("C:/Users/2024/OneDrive/Desktop/pos2/shared/schema")'.
../server/routes.ts(8101,36): error TS2339: Property 'insertAttendanceSchema' does not exist on type 'typeof import("C:/Users/2024/OneDrive/Desktop/pos2/shared/schema")'.
../server/routes.ts(8129,36): error TS2339: Property 'insertLeaveApplicationSchema' does not exist on type 'typeof import("C:/Users/2024/OneDrive/Desktop/pos2/shared/schema")'.
../server/routes.ts(8155,36): error TS2339: Property 'insertPayrollRecordSchema' does not exist on type 'typeof import("C:/Users/2024/OneDrive/Desktop/pos2/shared/schema")'.
../server/routes.ts(8182,36): error TS2339: Property 'insertEmployeeAdvanceSchema' does not exist on type 'typeof import("C:/Users/2024/OneDrive/Desktop/pos2/shared/schema")'.
../server/routes.ts(8218,36): error TS2339: Property 'insertPayrollSettingsSchema' does not exist on type 'typeof import("C:/Users/2024/OneDrive/Desktop/pos2/shared/schema")'.
../server/routes.ts(8253,27): error TS2339: Property 'insertTaxSettingsSchema' does not exist on type 'typeof import("C:/Users/2024/OneDrive/Desktop/pos2/shared/schema")'.
../server/storage.ts(257,71): error TS18046: 'ormError' is of type 'unknown'.
../server/storage.ts(271,5): error TS2322: Type '{ image: string | null; id: number; color: string | null; name: string; size: string | null; location: string | null; description: string | null; active: boolean; updatedAt: string; brand: string | null; ... 76 more ...; category: { ...; }; } | undefined' is not assignable to type '{ image: string | null; id: number; color: string | null; name: string; size: string | null; location: string | null; description: string | null; active: boolean; updatedAt: string; brand: string | null; ... 75 more ...; bin: string | null; } | null'.
  Type 'undefined' is not assignable to type '{ image: string | null; id: number; color: string | null; name: string; size: string | null; location: string | null; description: string | null; active: boolean; updatedAt: string; brand: string | null; ... 75 more ...; bin: string | null; } | null'.
../server/storage.ts(637,16): error TS2352: Conversion of type '{ id: any; name: any; description: any; sku: any; price: any; mrp: any; cost: any; wholesalePrice: any; weight: any; weightUnit: any; categoryId: any; stockQuantity: any; alertThreshold: any; barcode: any; ... 55 more ...; category: { ...; }; }' to type '{ image: string | null; id: number; color: string | null; name: string; size: string | null; location: string | null; description: string | null; active: boolean; updatedAt: string; brand: string | null; ... 75 more ...; bin: string | null; }' may be a mistake because neither type sufficiently overlaps with the other. If this was intentional, convert the expression to 'unknown' first.
  Type '{ id: any; name: any; description: any; sku: any; price: any; mrp: any; cost: any; wholesalePrice: any; weight: any; weightUnit: any; categoryId: any; stockQuantity: any; alertThreshold: any; barcode: any; ... 55 more ...; category: { ...; }; }' is missing the following properties from type '{ image: string | null; id: number; color: string | null; name: string; size: string | null; location: string | null; description: string | null; active: boolean; updatedAt: string; brand: string | null; ... 75 more ...; bin: string | null; }': image, color, size, location, and 13 more.
../server/storage.ts(890,53): error TS18046: 'error' is of type 'unknown'.
../server/storage.ts(926,11): error TS18046: 'purchaseCheck' is of type 'unknown'.
../server/storage.ts(927,70): error TS18046: 'purchaseCheck' is of type 'unknown'.
../server/storage.ts(938,53): error TS18046: 'error' is of type 'unknown'.
../server/storage.ts(1008,53): error TS18046: 'error' is of type 'unknown'.
../server/storage.ts(1208,25): error TS2769: No overload matches this call.
  Overload 1 of 3, '(left: SQLiteColumn<{ name: "created_at"; tableName: "sales"; dataType: "string"; columnType: "SQLiteText"; data: string; driverParam: string; notNull: true; hasDefault: true; isPrimaryKey: false; isAutoincrement: false; ... 4 more ...; generated: undefined; }, {}, { ...; }>, right: string | SQLWrapper): SQL<...>', gave the following error.
    Argument of type 'Date' is not assignable to parameter of type 'string | SQLWrapper'.
  Overload 2 of 3, '(left: Aliased<Date>, right: Date | SQLWrapper): SQL<unknown>', gave the following error.
    Argument of type 'SQLiteColumn<{ name: "created_at"; tableName: "sales"; dataType: "string"; columnType: "SQLiteText"; data: string; driverParam: string; notNull: true; hasDefault: true; isPrimaryKey: false; isAutoincrement: false; ... 4 more ...; generated: undefined; }, {}, { ...; }>' is not assignable to parameter of type 'Aliased<Date>'.
      Type 'SQLiteColumn<{ name: "created_at"; tableName: "sales"; dataType: "string"; columnType: "SQLiteText"; data: string; driverParam: string; notNull: true; hasDefault: true; isPrimaryKey: false; isAutoincrement: false; ... 4 more ...; generated: undefined; }, {}, { ...; }>' is missing the following properties from type 'Aliased<Date>': sql, fieldAlias
  Overload 3 of 3, '(left: never, right: unknown): SQL<unknown>', gave the following error.
    Argument of type 'SQLiteColumn<{ name: "created_at"; tableName: "sales"; dataType: "string"; columnType: "SQLiteText"; data: string; driverParam: string; notNull: true; hasDefault: true; isPrimaryKey: false; isAutoincrement: false; ... 4 more ...; generated: undefined; }, {}, { ...; }>' is not assignable to parameter of type 'never'.
../server/storage.ts(1211,25): error TS2769: No overload matches this call.
  Overload 1 of 3, '(left: SQLiteColumn<{ name: "created_at"; tableName: "sales"; dataType: "string"; columnType: "SQLiteText"; data: string; driverParam: string; notNull: true; hasDefault: true; isPrimaryKey: false; isAutoincrement: false; ... 4 more ...; generated: undefined; }, {}, { ...; }>, right: string | SQLWrapper): SQL<...>', gave the following error.
    Argument of type 'Date' is not assignable to parameter of type 'string | SQLWrapper'.
  Overload 2 of 3, '(left: Aliased<Date>, right: Date | SQLWrapper): SQL<unknown>', gave the following error.
    Argument of type 'SQLiteColumn<{ name: "created_at"; tableName: "sales"; dataType: "string"; columnType: "SQLiteText"; data: string; driverParam: string; notNull: true; hasDefault: true; isPrimaryKey: false; isAutoincrement: false; ... 4 more ...; generated: undefined; }, {}, { ...; }>' is not assignable to parameter of type 'Aliased<Date>'.
      Type 'SQLiteColumn<{ name: "created_at"; tableName: "sales"; dataType: "string"; columnType: "SQLiteText"; data: string; driverParam: string; notNull: true; hasDefault: true; isPrimaryKey: false; isAutoincrement: false; ... 4 more ...; generated: undefined; }, {}, { ...; }>' is missing the following properties from type 'Aliased<Date>': sql, fieldAlias
  Overload 3 of 3, '(left: never, right: unknown): SQL<unknown>', gave the following error.
    Argument of type 'SQLiteColumn<{ name: "created_at"; tableName: "sales"; dataType: "string"; columnType: "SQLiteText"; data: string; driverParam: string; notNull: true; hasDefault: true; isPrimaryKey: false; isAutoincrement: false; ... 4 more ...; generated: undefined; }, {}, { ...; }>' is not assignable to parameter of type 'never'.
../server/storage.ts(1334,39): error TS2339: Property 'freeQty' does not exist on type '{ productId: number; quantity: number; unitCost: number; receivedQty?: number | undefined; }'.
../server/storage.ts(1349,25): error TS2339: Property 'cost' does not exist on type '{ productId: number; quantity: number; unitCost: number; receivedQty?: number | undefined; }'.
../server/storage.ts(1350,25): error TS2339: Property 'sellingPrice' does not exist on type '{ productId: number; quantity: number; unitCost: number; receivedQty?: number | undefined; }'.
../server/storage.ts(1351,25): error TS2339: Property 'mrp' does not exist on type '{ productId: number; quantity: number; unitCost: number; receivedQty?: number | undefined; }'.
../server/storage.ts(1352,18): error TS2339: Property 'hsnCode' does not exist on type '{ productId: number; quantity: number; unitCost: number; receivedQty?: number | undefined; }'.
../server/storage.ts(1353,25): error TS2339: Property 'taxPercentage' does not exist on type '{ productId: number; quantity: number; unitCost: number; receivedQty?: number | undefined; }'.
../server/storage.ts(1354,25): error TS2339: Property 'discountAmount' does not exist on type '{ productId: number; quantity: number; unitCost: number; receivedQty?: number | undefined; }'.
../server/storage.ts(1355,25): error TS2339: Property 'discountPercent' does not exist on type '{ productId: number; quantity: number; unitCost: number; receivedQty?: number | undefined; }'.
../server/storage.ts(1356,18): error TS2339: Property 'expiryDate' does not exist on type '{ productId: number; quantity: number; unitCost: number; receivedQty?: number | undefined; }'.
../server/storage.ts(1357,18): error TS2339: Property 'batchNumber' does not exist on type '{ productId: number; quantity: number; unitCost: number; receivedQty?: number | undefined; }'.
../server/storage.ts(1358,25): error TS2339: Property 'netCost' does not exist on type '{ productId: number; quantity: number; unitCost: number; receivedQty?: number | undefined; }'.
../server/storage.ts(1359,25): error TS2339: Property 'roiPercent' does not exist on type '{ productId: number; quantity: number; unitCost: number; receivedQty?: number | undefined; }'.
../server/storage.ts(1360,25): error TS2339: Property 'grossProfitPercent' does not exist on type '{ productId: number; quantity: number; unitCost: number; receivedQty?: number | undefined; }'.
../server/storage.ts(1361,25): error TS2339: Property 'netAmount' does not exist on type '{ productId: number; quantity: number; unitCost: number; receivedQty?: number | undefined; }'.
../server/storage.ts(1362,25): error TS2339: Property 'cashPercent' does not exist on type '{ productId: number; quantity: number; unitCost: number; receivedQty?: number | undefined; }'.
../server/storage.ts(1363,25): error TS2339: Property 'cashAmount' does not exist on type '{ productId: number; quantity: number; unitCost: number; receivedQty?: number | undefined; }'.
../server/storage.ts(1364,18): error TS2339: Property 'location' does not exist on type '{ productId: number; quantity: number; unitCost: number; receivedQty?: number | undefined; }'.
../server/storage.ts(1365,18): error TS2339: Property 'unit' does not exist on type '{ productId: number; quantity: number; unitCost: number; receivedQty?: number | undefined; }'.
../server/storage.ts(1379,92): error TS2339: Property 'stock_quantity' does not exist on type '{}'.
../server/storage.ts(1397,9): error TS2698: Spread types may only be created from object types.
../server/storage.ts(1398,29): error TS18046: 'newPurchase' is of type 'unknown'.
../server/storage.ts(1398,55): error TS18046: 'newPurchase' is of type 'unknown'.
../server/storage.ts(1399,29): error TS18046: 'newPurchase' is of type 'unknown'.
../server/storage.ts(1399,55): error TS18046: 'newPurchase' is of type 'unknown'.
../server/storage.ts(1438,13): error TS18046: 'item' is of type 'unknown'.
../server/storage.ts(1438,31): error TS18046: 'item' is of type 'unknown'.
../server/storage.ts(1438,49): error TS18046: 'item' is of type 'unknown'.
../server/storage.ts(1439,35): error TS18046: 'item' is of type 'unknown'.
../server/storage.ts(1440,35): error TS18046: 'item' is of type 'unknown'.
../server/storage.ts(1441,35): error TS18046: 'item' is of type 'unknown'.
../server/storage.ts(1443,20): error TS18046: 'item' is of type 'unknown'.
../server/storage.ts(1445,38): error TS18046: 'item' is of type 'unknown'.
../server/storage.ts(1449,11): error TS2698: Spread types may only be created from object types.
../server/storage.ts(1453,33): error TS18046: 'item' is of type 'unknown'.
../server/storage.ts(1454,30): error TS18046: 'item' is of type 'unknown'.
../server/storage.ts(1455,34): error TS18046: 'item' is of type 'unknown'.
../server/storage.ts(1456,30): error TS18046: 'item' is of type 'unknown'.
../server/storage.ts(1457,29): error TS18046: 'item' is of type 'unknown'.
../server/storage.ts(1458,34): error TS18046: 'item' is of type 'unknown'.
../server/storage.ts(1459,39): error TS18046: 'item' is of type 'unknown'.
../server/storage.ts(1460,40): error TS18046: 'item' is of type 'unknown'.
../server/storage.ts(1725,11): error TS2698: Spread types may only be created from object types.
../server/storage.ts(1726,31): error TS18046: 'newSale' is of type 'unknown'.
../server/storage.ts(1974,9): error TS2698: Spread types may only be created from object types.
../server/storage.ts(1975,29): error TS18046: 'updatedSale' is of type 'unknown'.
../server/storage.ts(2004,27): error TS18046: 'item' is of type 'unknown'.
../server/storage.ts(2004,42): error TS18046: 'item' is of type 'unknown'.
../server/storage.ts(2005,56): error TS18046: 'item' is of type 'unknown'.
../server/storage.ts(2005,77): error TS18046: 'item' is of type 'unknown'.
../server/storage.ts(2120,11): error TS2698: Spread types may only be created from object types.
../server/storage.ts(2122,31): error TS18046: 'newReturn' is of type 'unknown'.
../server/storage.ts(2163,42): error TS2339: Property 'created_at' does not exist on type '{}'.
../server/storage.ts(2235,54): error TS18046: 'returnRecord' is of type 'unknown'.
../server/storage.ts(2238,15): error TS18046: 'returnRecord' is of type 'unknown'.
../server/storage.ts(2239,25): error TS18046: 'returnRecord' is of type 'unknown'.
../server/storage.ts(2240,19): error TS18046: 'returnRecord' is of type 'unknown'.
../server/storage.ts(2241,24): error TS18046: 'returnRecord' is of type 'unknown'.
../server/storage.ts(2241,62): error TS18046: 'returnRecord' is of type 'unknown'.
../server/storage.ts(2242,23): error TS18046: 'returnRecord' is of type 'unknown'.
../server/storage.ts(2243,25): error TS18046: 'returnRecord' is of type 'unknown'.
../server/storage.ts(2244,19): error TS18046: 'returnRecord' is of type 'unknown'.
../server/storage.ts(2245,21): error TS18046: 'returnRecord' is of type 'unknown'.
../server/storage.ts(2246,25): error TS18046: 'returnRecord' is of type 'unknown'.
../server/storage.ts(2247,24): error TS18046: 'returnRecord' is of type 'unknown'.
../server/storage.ts(2248,19): error TS18046: 'returnRecord' is of type 'unknown'.
../server/storage.ts(2249,18): error TS18046: 'returnRecord' is of type 'unknown'.
../server/storage.ts(2250,19): error TS18046: 'returnRecord' is of type 'unknown'.
../server/storage.ts(2251,22): error TS18046: 'returnRecord' is of type 'unknown'.
../server/storage.ts(2253,17): error TS18046: 'item' is of type 'unknown'.
../server/storage.ts(2254,24): error TS18046: 'item' is of type 'unknown'.
../server/storage.ts(2255,26): error TS18046: 'item' is of type 'unknown'.
../server/storage.ts(2255,59): error TS18046: 'item' is of type 'unknown'.
../server/storage.ts(2256,23): error TS18046: 'item' is of type 'unknown'.
../server/storage.ts(2257,35): error TS18046: 'item' is of type 'unknown'.
../server/storage.ts(2258,34): error TS18046: 'item' is of type 'unknown'.
../server/storage.ts(2629,7): error TS2322: Type '{ id: any; registerId: any; status: any; openingCash: any; currentCash: any; cashReceived: any; upiReceived: any; cardReceived: any; bankReceived: any; chequeReceived: any; otherReceived: any; totalWithdrawals: any; ... 7 more ...; closedAt: Date | null; } | null' is not assignable to type '{ id: number; status: string; createdAt: string; notes: string | null; registerId: number; openingCash: number; currentCash: number; cashReceived: number; upiReceived: number; cardReceived: number; ... 10 more ...; totalTransactions: number | null; } | null'.
  Property 'createdAt' is missing in type '{ id: any; registerId: any; status: any; openingCash: any; currentCash: any; cashReceived: any; upiReceived: any; cardReceived: any; bankReceived: any; chequeReceived: any; otherReceived: any; totalWithdrawals: any; ... 7 more ...; closedAt: Date | null; }' but required in type '{ id: number; status: string; createdAt: string; notes: string | null; registerId: number; openingCash: number; currentCash: number; cashReceived: number; upiReceived: number; cardReceived: number; ... 10 more ...; totalTransactions: number | null; }'.
../server/storage.ts(2778,9): error TS2322: Type 'Date' is not assignable to type 'string'.
../server/storage.ts(2862,37): error TS2339: Property 'stock_quantity' does not exist on type '{}'.
../server/storage.ts(2920,9): error TS2698: Spread types may only be created from object types.
../server/storage.ts(2921,29): error TS18046: 'newAdjustment' is of type 'unknown'.
../server/storage.ts(2922,21): error TS18046: 'newAdjustment' is of type 'unknown'.
../server/storage.ts(2922,58): error TS18046: 'newAdjustment' is of type 'unknown'.
../server/storage.ts(2923,21): error TS18046: 'newAdjustment' is of type 'unknown'.
../server/storage.ts(2923,58): error TS18046: 'newAdjustment' is of type 'unknown'.
../server/storage.ts(3023,9): error TS2698: Spread types may only be created from object types.
../server/storage.ts(3024,29): error TS18046: 'adjustment' is of type 'unknown'.
../server/storage.ts(3025,21): error TS18046: 'adjustment' is of type 'unknown'.
../server/storage.ts(3025,55): error TS18046: 'adjustment' is of type 'unknown'.
../server/storage.ts(3026,21): error TS18046: 'adjustment' is of type 'unknown'.
../server/storage.ts(3026,55): error TS18046: 'adjustment' is of type 'unknown'.
../server/storage.ts(3047,43): error TS2339: Property 'quantity' does not exist on type '{}'.
../server/storage.ts(3053,51): error TS2339: Property 'product_id' does not exist on type '{}'.
../server/storage.ts(3088,19): error TS2339: Property 'rowCount' does not exist on type 'RunResult'.
../server/storage.ts(3125,9): error TS2698: Spread types may only be created from object types.
../server/storage.ts(3126,31): error TS18046: 'expense' is of type 'unknown'.
../server/storage.ts(3127,29): error TS18046: 'expense' is of type 'unknown'.
../server/storage.ts(3128,29): error TS18046: 'expense' is of type 'unknown'.
../server/storage.ts(3137,5): error TS2322: Type '{ id: number; description: string | null; paymentMethod: string | null; updatedAt: string; createdAt: string; categoryId: number | null; supplierId: number | null; userId: number | null; ... 11 more ...; supplier: { ...; } | null; } | undefined' is not assignable to type '({ id: number; description: string | null; paymentMethod: string | null; updatedAt: string; createdAt: string; categoryId: number | null; supplierId: number | null; userId: number | null; ... 8 more ...; recurringInterval: string | null; } & { ...; }) | null'.
  Type 'undefined' is not assignable to type '({ id: number; description: string | null; paymentMethod: string | null; updatedAt: string; createdAt: string; categoryId: number | null; supplierId: number | null; userId: number | null; ... 8 more ...; recurringInterval: string | null; } & { ...; }) | null'.
../server/storage.ts(3157,19): error TS2339: Property 'rowCount' does not exist on type 'RunResult'.
../server/storage.ts(3163,9): error TS2769: No overload matches this call.
  Overload 1 of 3, '(left: SQLiteColumn<{ name: "expense_date"; tableName: "expenses"; dataType: "string"; columnType: "SQLiteText"; data: string; driverParam: string; notNull: true; hasDefault: false; isPrimaryKey: false; isAutoincrement: false; ... 4 more ...; generated: undefined; }, {}, { ...; }>, right: string | SQLWrapper): SQL<...>', gave the following error.
    Argument of type 'Date' is not assignable to parameter of type 'string | SQLWrapper'.
  Overload 2 of 3, '(left: Aliased<Date>, right: Date | SQLWrapper): SQL<unknown>', gave the following error.
    Argument of type 'SQLiteColumn<{ name: "expense_date"; tableName: "expenses"; dataType: "string"; columnType: "SQLiteText"; data: string; driverParam: string; notNull: true; hasDefault: false; isPrimaryKey: false; isAutoincrement: false; ... 4 more ...; generated: undefined; }, {}, { ...; }>' is not assignable to parameter of type 'Aliased<Date>'.
      Type 'SQLiteColumn<{ name: "expense_date"; tableName: "expenses"; dataType: "string"; columnType: "SQLiteText"; data: string; driverParam: string; notNull: true; hasDefault: false; isPrimaryKey: false; isAutoincrement: false; ... 4 more ...; generated: undefined; }, {}, { ...; }>' is missing the following properties from type 'Aliased<Date>': sql, fieldAlias
  Overload 3 of 3, '(left: never, right: unknown): SQL<unknown>', gave the following error.
    Argument of type 'SQLiteColumn<{ name: "expense_date"; tableName: "expenses"; dataType: "string"; columnType: "SQLiteText"; data: string; driverParam: string; notNull: true; hasDefault: false; isPrimaryKey: false; isAutoincrement: false; ... 4 more ...; generated: undefined; }, {}, { ...; }>' is not assignable to parameter of type 'never'.
../server/storage.ts(3164,9): error TS2769: No overload matches this call.
  Overload 1 of 3, '(left: SQLiteColumn<{ name: "expense_date"; tableName: "expenses"; dataType: "string"; columnType: "SQLiteText"; data: string; driverParam: string; notNull: true; hasDefault: false; isPrimaryKey: false; isAutoincrement: false; ... 4 more ...; generated: undefined; }, {}, { ...; }>, right: string | SQLWrapper): SQL<...>', gave the following error.
    Argument of type 'Date' is not assignable to parameter of type 'string | SQLWrapper'.
  Overload 2 of 3, '(left: Aliased<Date>, right: Date | SQLWrapper): SQL<unknown>', gave the following error.
    Argument of type 'SQLiteColumn<{ name: "expense_date"; tableName: "expenses"; dataType: "string"; columnType: "SQLiteText"; data: string; driverParam: string; notNull: true; hasDefault: false; isPrimaryKey: false; isAutoincrement: false; ... 4 more ...; generated: undefined; }, {}, { ...; }>' is not assignable to parameter of type 'Aliased<Date>'.
      Type 'SQLiteColumn<{ name: "expense_date"; tableName: "expenses"; dataType: "string"; columnType: "SQLiteText"; data: string; driverParam: string; notNull: true; hasDefault: false; isPrimaryKey: false; isAutoincrement: false; ... 4 more ...; generated: undefined; }, {}, { ...; }>' is missing the following properties from type 'Aliased<Date>': sql, fieldAlias
  Overload 3 of 3, '(left: never, right: unknown): SQL<unknown>', gave the following error.
    Argument of type 'SQLiteColumn<{ name: "expense_date"; tableName: "expenses"; dataType: "string"; columnType: "SQLiteText"; data: string; driverParam: string; notNull: true; hasDefault: false; isPrimaryKey: false; isAutoincrement: false; ... 4 more ...; generated: undefined; }, {}, { ...; }>' is not assignable to parameter of type 'never'.
../server/storage.ts(3183,26): error TS2339: Property 'status' does not exist on type 'SQLiteTableWithColumns<{ name: "expenses"; schema: undefined; columns: { id: SQLiteColumn<{ name: "id"; tableName: "expenses"; dataType: "number"; columnType: "SQLiteInteger"; data: number; driverParam: number; notNull: true; hasDefault: true; ... 6 more ...; generated: undefined; }, {}, {}>; ... 15 more ...; update...'.
../server/storage.ts(3207,41): error TS2339: Property 'status' does not exist on type 'SQLiteTableWithColumns<{ name: "expenses"; schema: undefined; columns: { id: SQLiteColumn<{ name: "id"; tableName: "expenses"; dataType: "number"; columnType: "SQLiteInteger"; data: number; driverParam: number; notNull: true; hasDefault: true; ... 6 more ...; generated: undefined; }, {}, {}>; ... 15 more ...; update...'.
../server/storage.ts(3211,41): error TS2339: Property 'status' does not exist on type 'SQLiteTableWithColumns<{ name: "expenses"; schema: undefined; columns: { id: SQLiteColumn<{ name: "id"; tableName: "expenses"; dataType: "number"; columnType: "SQLiteInteger"; data: number; driverParam: number; notNull: true; hasDefault: true; ... 6 more ...; generated: undefined; }, {}, {}>; ... 15 more ...; update...'.
../server/storage.ts(3215,29): error TS2769: No overload matches this call.
  Overload 1 of 3, '(left: SQLiteColumn<{ name: "expense_date"; tableName: "expenses"; dataType: "string"; columnType: "SQLiteText"; data: string; driverParam: string; notNull: true; hasDefault: false; isPrimaryKey: false; isAutoincrement: false; ... 4 more ...; generated: undefined; }, {}, { ...; }>, right: string | SQLWrapper): SQL<...>', gave the following error.
    Argument of type 'Date' is not assignable to parameter of type 'string | SQLWrapper'.
  Overload 2 of 3, '(left: Aliased<Date>, right: Date | SQLWrapper): SQL<unknown>', gave the following error.
    Argument of type 'SQLiteColumn<{ name: "expense_date"; tableName: "expenses"; dataType: "string"; columnType: "SQLiteText"; data: string; driverParam: string; notNull: true; hasDefault: false; isPrimaryKey: false; isAutoincrement: false; ... 4 more ...; generated: undefined; }, {}, { ...; }>' is not assignable to parameter of type 'Aliased<Date>'.
      Type 'SQLiteColumn<{ name: "expense_date"; tableName: "expenses"; dataType: "string"; columnType: "SQLiteText"; data: string; driverParam: string; notNull: true; hasDefault: false; isPrimaryKey: false; isAutoincrement: false; ... 4 more ...; generated: undefined; }, {}, { ...; }>' is missing the following properties from type 'Aliased<Date>': sql, fieldAlias
  Overload 3 of 3, '(left: never, right: unknown): SQL<unknown>', gave the following error.
    Argument of type 'SQLiteColumn<{ name: "expense_date"; tableName: "expenses"; dataType: "string"; columnType: "SQLiteText"; data: string; driverParam: string; notNull: true; hasDefault: false; isPrimaryKey: false; isAutoincrement: false; ... 4 more ...; generated: undefined; }, {}, { ...; }>' is not assignable to parameter of type 'never'.
../server/storage.ts(3221,9): error TS2769: No overload matches this call.
  Overload 1 of 3, '(left: SQLiteColumn<{ name: "expense_date"; tableName: "expenses"; dataType: "string"; columnType: "SQLiteText"; data: string; driverParam: string; notNull: true; hasDefault: false; isPrimaryKey: false; isAutoincrement: false; ... 4 more ...; generated: undefined; }, {}, { ...; }>, right: string | SQLWrapper): SQL<...>', gave the following error.
    Argument of type 'Date' is not assignable to parameter of type 'string | SQLWrapper'.
  Overload 2 of 3, '(left: Aliased<Date>, right: Date | SQLWrapper): SQL<unknown>', gave the following error.
    Argument of type 'SQLiteColumn<{ name: "expense_date"; tableName: "expenses"; dataType: "string"; columnType: "SQLiteText"; data: string; driverParam: string; notNull: true; hasDefault: false; isPrimaryKey: false; isAutoincrement: false; ... 4 more ...; generated: undefined; }, {}, { ...; }>' is not assignable to parameter of type 'Aliased<Date>'.
      Type 'SQLiteColumn<{ name: "expense_date"; tableName: "expenses"; dataType: "string"; columnType: "SQLiteText"; data: string; driverParam: string; notNull: true; hasDefault: false; isPrimaryKey: false; isAutoincrement: false; ... 4 more ...; generated: undefined; }, {}, { ...; }>' is missing the following properties from type 'Aliased<Date>': sql, fieldAlias
  Overload 3 of 3, '(left: never, right: unknown): SQL<unknown>', gave the following error.
    Argument of type 'SQLiteColumn<{ name: "expense_date"; tableName: "expenses"; dataType: "string"; columnType: "SQLiteText"; data: string; driverParam: string; notNull: true; hasDefault: false; isPrimaryKey: false; isAutoincrement: false; ... 4 more ...; generated: undefined; }, {}, { ...; }>' is not assignable to parameter of type 'never'.
../server/storage.ts(3222,9): error TS2769: No overload matches this call.
  Overload 1 of 3, '(left: SQLiteColumn<{ name: "expense_date"; tableName: "expenses"; dataType: "string"; columnType: "SQLiteText"; data: string; driverParam: string; notNull: true; hasDefault: false; isPrimaryKey: false; isAutoincrement: false; ... 4 more ...; generated: undefined; }, {}, { ...; }>, right: string | SQLWrapper): SQL<...>', gave the following error.
    Argument of type 'Date' is not assignable to parameter of type 'string | SQLWrapper'.
  Overload 2 of 3, '(left: Aliased<Date>, right: Date | SQLWrapper): SQL<unknown>', gave the following error.
    Argument of type 'SQLiteColumn<{ name: "expense_date"; tableName: "expenses"; dataType: "string"; columnType: "SQLiteText"; data: string; driverParam: string; notNull: true; hasDefault: false; isPrimaryKey: false; isAutoincrement: false; ... 4 more ...; generated: undefined; }, {}, { ...; }>' is not assignable to parameter of type 'Aliased<Date>'.
      Type 'SQLiteColumn<{ name: "expense_date"; tableName: "expenses"; dataType: "string"; columnType: "SQLiteText"; data: string; driverParam: string; notNull: true; hasDefault: false; isPrimaryKey: false; isAutoincrement: false; ... 4 more ...; generated: undefined; }, {}, { ...; }>' is missing the following properties from type 'Aliased<Date>': sql, fieldAlias
  Overload 3 of 3, '(left: never, right: unknown): SQL<unknown>', gave the following error.
    Argument of type 'SQLiteColumn<{ name: "expense_date"; tableName: "expenses"; dataType: "string"; columnType: "SQLiteText"; data: string; driverParam: string; notNull: true; hasDefault: false; isPrimaryKey: false; isAutoincrement: false; ... 4 more ...; generated: undefined; }, {}, { ...; }>' is not assignable to parameter of type 'never'.
../server/storage.ts(3251,14): error TS2339: Property 'offerType' does not exist on type '{ type: string; name: string; value: number; validFrom: string; validTo: string; description?: string | null | undefined; active?: boolean | null | undefined; applicableProducts?: string | null | undefined; minPurchase?: number | ... 1 more ... | undefined; maxDiscount?: number | ... 1 more ... | undefined; maxUsage...'.
../server/storage.ts(3252,14): error TS2339: Property 'discountValue' does not exist on type '{ type: string; name: string; value: number; validFrom: string; validTo: string; description?: string | null | undefined; active?: boolean | null | undefined; applicableProducts?: string | null | undefined; minPurchase?: number | ... 1 more ... | undefined; maxDiscount?: number | ... 1 more ... | undefined; maxUsage...'.
../server/storage.ts(3253,14): error TS2339: Property 'minPurchaseAmount' does not exist on type '{ type: string; name: string; value: number; validFrom: string; validTo: string; description?: string | null | undefined; active?: boolean | null | undefined; applicableProducts?: string | null | undefined; minPurchase?: number | ... 1 more ... | undefined; maxDiscount?: number | ... 1 more ... | undefined; maxUsage...'.
../server/storage.ts(3254,14): error TS2339: Property 'maxDiscountAmount' does not exist on type '{ type: string; name: string; value: number; validFrom: string; validTo: string; description?: string | null | undefined; active?: boolean | null | undefined; applicableProducts?: string | null | undefined; minPurchase?: number | ... 1 more ... | undefined; maxDiscount?: number | ... 1 more ... | undefined; maxUsage...'.
../server/storage.ts(3255,14): error TS2339: Property 'buyQuantity' does not exist on type '{ type: string; name: string; value: number; validFrom: string; validTo: string; description?: string | null | undefined; active?: boolean | null | undefined; applicableProducts?: string | null | undefined; minPurchase?: number | ... 1 more ... | undefined; maxDiscount?: number | ... 1 more ... | undefined; maxUsage...'.
../server/storage.ts(3256,14): error TS2339: Property 'getQuantity' does not exist on type '{ type: string; name: string; value: number; validFrom: string; validTo: string; description?: string | null | undefined; active?: boolean | null | undefined; applicableProducts?: string | null | undefined; minPurchase?: number | ... 1 more ... | undefined; maxDiscount?: number | ... 1 more ... | undefined; maxUsage...'.
../server/storage.ts(3257,14): error TS2339: Property 'categoryId' does not exist on type '{ type: string; name: string; value: number; validFrom: string; validTo: string; description?: string | null | undefined; active?: boolean | null | undefined; applicableProducts?: string | null | undefined; minPurchase?: number | ... 1 more ... | undefined; maxDiscount?: number | ... 1 more ... | undefined; maxUsage...'.
../server/storage.ts(3258,14): error TS2339: Property 'productId' does not exist on type '{ type: string; name: string; value: number; validFrom: string; validTo: string; description?: string | null | undefined; active?: boolean | null | undefined; applicableProducts?: string | null | undefined; minPurchase?: number | ... 1 more ... | undefined; maxDiscount?: number | ... 1 more ... | undefined; maxUsage...'.
../server/storage.ts(3259,14): error TS2339: Property 'usageLimit' does not exist on type '{ type: string; name: string; value: number; validFrom: string; validTo: string; description?: string | null | undefined; active?: boolean | null | undefined; applicableProducts?: string | null | undefined; minPurchase?: number | ... 1 more ... | undefined; maxDiscount?: number | ... 1 more ... | undefined; maxUsage...'.
../server/storage.ts(3260,14): error TS2339: Property 'perCustomerLimit' does not exist on type '{ type: string; name: string; value: number; validFrom: string; validTo: string; description?: string | null | undefined; active?: boolean | null | undefined; applicableProducts?: string | null | undefined; minPurchase?: number | ... 1 more ... | undefined; maxDiscount?: number | ... 1 more ... | undefined; maxUsage...'.
../server/storage.ts(3261,14): error TS2339: Property 'dateStart' does not exist on type '{ type: string; name: string; value: number; validFrom: string; validTo: string; description?: string | null | undefined; active?: boolean | null | undefined; applicableProducts?: string | null | undefined; minPurchase?: number | ... 1 more ... | undefined; maxDiscount?: number | ... 1 more ... | undefined; maxUsage...'.
../server/storage.ts(3262,14): error TS2339: Property 'dateEnd' does not exist on type '{ type: string; name: string; value: number; validFrom: string; validTo: string; description?: string | null | undefined; active?: boolean | null | undefined; applicableProducts?: string | null | undefined; minPurchase?: number | ... 1 more ... | undefined; maxDiscount?: number | ... 1 more ... | undefined; maxUsage...'.
../server/storage.ts(3263,14): error TS2339: Property 'timeStart' does not exist on type '{ type: string; name: string; value: number; validFrom: string; validTo: string; description?: string | null | undefined; active?: boolean | null | undefined; applicableProducts?: string | null | undefined; minPurchase?: number | ... 1 more ... | undefined; maxDiscount?: number | ... 1 more ... | undefined; maxUsage...'.
../server/storage.ts(3264,14): error TS2339: Property 'timeEnd' does not exist on type '{ type: string; name: string; value: number; validFrom: string; validTo: string; description?: string | null | undefined; active?: boolean | null | undefined; applicableProducts?: string | null | undefined; minPurchase?: number | ... 1 more ... | undefined; maxDiscount?: number | ... 1 more ... | undefined; maxUsage...'.
../server/storage.ts(3265,14): error TS2339: Property 'pointsThreshold' does not exist on type '{ type: string; name: string; value: number; validFrom: string; validTo: string; description?: string | null | undefined; active?: boolean | null | undefined; applicableProducts?: string | null | undefined; minPurchase?: number | ... 1 more ... | undefined; maxDiscount?: number | ... 1 more ... | undefined; maxUsage...'.
../server/storage.ts(3266,14): error TS2339: Property 'pointsReward' does not exist on type '{ type: string; name: string; value: number; validFrom: string; validTo: string; description?: string | null | undefined; active?: boolean | null | undefined; applicableProducts?: string | null | undefined; minPurchase?: number | ... 1 more ... | undefined; maxDiscount?: number | ... 1 more ... | undefined; maxUsage...'.
../server/storage.ts(3267,14): error TS2339: Property 'priority' does not exist on type '{ type: string; name: string; value: number; validFrom: string; validTo: string; description?: string | null | undefined; active?: boolean | null | undefined; applicableProducts?: string | null | undefined; minPurchase?: number | ... 1 more ... | undefined; maxDiscount?: number | ... 1 more ... | undefined; maxUsage...'.
../server/storage.ts(3269,14): error TS2339: Property 'createdBy' does not exist on type '{ type: string; name: string; value: number; validFrom: string; validTo: string; description?: string | null | undefined; active?: boolean | null | undefined; applicableProducts?: string | null | undefined; minPurchase?: number | ... 1 more ... | undefined; maxDiscount?: number | ... 1 more ... | undefined; maxUsage...'.
../server/storage.ts(3275,9): error TS2698: Spread types may only be created from object types.
../server/storage.ts(3276,25): error TS18046: 'offer' is of type 'unknown'.
../server/storage.ts(3277,29): error TS18046: 'offer' is of type 'unknown'.
../server/storage.ts(3278,29): error TS18046: 'offer' is of type 'unknown'.
../server/storage.ts(3301,31): error TS2339: Property 'active' does not exist on type '{}'.
../server/storage.ts(3302,9): error TS2322: Type 'Date' is not assignable to type 'string'.
../server/storage.ts(3302,35): error TS2339: Property 'created_at' does not exist on type '{}'.
../server/storage.ts(3303,9): error TS2322: Type 'Date' is not assignable to type 'string'.
../server/storage.ts(3303,35): error TS2339: Property 'updated_at' does not exist on type '{}'.
../server/storage.ts(3349,9): error TS2698: Spread types may only be created from object types.
../server/storage.ts(3350,25): error TS18046: 'offer' is of type 'unknown'.
../server/storage.ts(3351,29): error TS18046: 'offer' is of type 'unknown'.
../server/storage.ts(3352,29): error TS18046: 'offer' is of type 'unknown'.
../server/storage.ts(3363,23): error TS2322: Type 'Date' is not assignable to type 'string | SQL<unknown> | SQLiteColumn<ColumnBaseConfig<ColumnDataType, string>, {}, {}> | undefined'.
../server/storage.ts(3388,11): error TS2769: No overload matches this call.
  Overload 1 of 3, '(left: SQLiteColumn<{ name: "valid_from"; tableName: "offers"; dataType: "string"; columnType: "SQLiteText"; data: string; driverParam: string; notNull: true; hasDefault: false; isPrimaryKey: false; isAutoincrement: false; ... 4 more ...; generated: undefined; }, {}, { ...; }>, right: string | SQLWrapper): SQL<...>', gave the following error.
    Argument of type 'null' is not assignable to parameter of type 'string | SQLWrapper'.
  Overload 2 of 3, '(left: Aliased<null>, right: SQLWrapper | null): SQL<unknown>', gave the following error.
    Argument of type 'SQLiteColumn<{ name: "valid_from"; tableName: "offers"; dataType: "string"; columnType: "SQLiteText"; data: string; driverParam: string; notNull: true; hasDefault: false; isPrimaryKey: false; isAutoincrement: false; ... 4 more ...; generated: undefined; }, {}, { ...; }>' is not assignable to parameter of type 'Aliased<null>'.
      Type 'SQLiteColumn<{ name: "valid_from"; tableName: "offers"; dataType: "string"; columnType: "SQLiteText"; data: string; driverParam: string; notNull: true; hasDefault: false; isPrimaryKey: false; isAutoincrement: false; ... 4 more ...; generated: undefined; }, {}, { ...; }>' is missing the following properties from type 'Aliased<null>': sql, fieldAlias
  Overload 3 of 3, '(left: never, right: unknown): SQL<unknown>', gave the following error.
    Argument of type 'SQLiteColumn<{ name: "valid_from"; tableName: "offers"; dataType: "string"; columnType: "SQLiteText"; data: string; driverParam: string; notNull: true; hasDefault: false; isPrimaryKey: false; isAutoincrement: false; ... 4 more ...; generated: undefined; }, {}, { ...; }>' is not assignable to parameter of type 'never'.
../server/storage.ts(3389,11): error TS2769: No overload matches this call.
  Overload 1 of 3, '(left: SQLiteColumn<{ name: "valid_from"; tableName: "offers"; dataType: "string"; columnType: "SQLiteText"; data: string; driverParam: string; notNull: true; hasDefault: false; isPrimaryKey: false; isAutoincrement: false; ... 4 more ...; generated: undefined; }, {}, { ...; }>, right: string | SQLWrapper): SQL<...>', gave the following error.
    Argument of type 'Date' is not assignable to parameter of type 'string | SQLWrapper'.
  Overload 2 of 3, '(left: Aliased<Date>, right: Date | SQLWrapper): SQL<unknown>', gave the following error.
    Argument of type 'SQLiteColumn<{ name: "valid_from"; tableName: "offers"; dataType: "string"; columnType: "SQLiteText"; data: string; driverParam: string; notNull: true; hasDefault: false; isPrimaryKey: false; isAutoincrement: false; ... 4 more ...; generated: undefined; }, {}, { ...; }>' is not assignable to parameter of type 'Aliased<Date>'.
      Type 'SQLiteColumn<{ name: "valid_from"; tableName: "offers"; dataType: "string"; columnType: "SQLiteText"; data: string; driverParam: string; notNull: true; hasDefault: false; isPrimaryKey: false; isAutoincrement: false; ... 4 more ...; generated: undefined; }, {}, { ...; }>' is missing the following properties from type 'Aliased<Date>': sql, fieldAlias
  Overload 3 of 3, '(left: never, right: unknown): SQL<unknown>', gave the following error.
    Argument of type 'SQLiteColumn<{ name: "valid_from"; tableName: "offers"; dataType: "string"; columnType: "SQLiteText"; data: string; driverParam: string; notNull: true; hasDefault: false; isPrimaryKey: false; isAutoincrement: false; ... 4 more ...; generated: undefined; }, {}, { ...; }>' is not assignable to parameter of type 'never'.
../server/storage.ts(3392,11): error TS2769: No overload matches this call.
  Overload 1 of 3, '(left: SQLiteColumn<{ name: "valid_to"; tableName: "offers"; dataType: "string"; columnType: "SQLiteText"; data: string; driverParam: string; notNull: true; hasDefault: false; isPrimaryKey: false; isAutoincrement: false; ... 4 more ...; generated: undefined; }, {}, { ...; }>, right: string | SQLWrapper): SQL<...>', gave the following error.
    Argument of type 'null' is not assignable to parameter of type 'string | SQLWrapper'.
  Overload 2 of 3, '(left: Aliased<null>, right: SQLWrapper | null): SQL<unknown>', gave the following error.
    Argument of type 'SQLiteColumn<{ name: "valid_to"; tableName: "offers"; dataType: "string"; columnType: "SQLiteText"; data: string; driverParam: string; notNull: true; hasDefault: false; isPrimaryKey: false; isAutoincrement: false; ... 4 more ...; generated: undefined; }, {}, { ...; }>' is not assignable to parameter of type 'Aliased<null>'.
      Type 'SQLiteColumn<{ name: "valid_to"; tableName: "offers"; dataType: "string"; columnType: "SQLiteText"; data: string; driverParam: string; notNull: true; hasDefault: false; isPrimaryKey: false; isAutoincrement: false; ... 4 more ...; generated: undefined; }, {}, { ...; }>' is missing the following properties from type 'Aliased<null>': sql, fieldAlias
  Overload 3 of 3, '(left: never, right: unknown): SQL<unknown>', gave the following error.
    Argument of type 'SQLiteColumn<{ name: "valid_to"; tableName: "offers"; dataType: "string"; columnType: "SQLiteText"; data: string; driverParam: string; notNull: true; hasDefault: false; isPrimaryKey: false; isAutoincrement: false; ... 4 more ...; generated: undefined; }, {}, { ...; }>' is not assignable to parameter of type 'never'.
../server/storage.ts(3393,11): error TS2769: No overload matches this call.
  Overload 1 of 3, '(left: SQLiteColumn<{ name: "valid_to"; tableName: "offers"; dataType: "string"; columnType: "SQLiteText"; data: string; driverParam: string; notNull: true; hasDefault: false; isPrimaryKey: false; isAutoincrement: false; ... 4 more ...; generated: undefined; }, {}, { ...; }>, right: string | SQLWrapper): SQL<...>', gave the following error.
    Argument of type 'Date' is not assignable to parameter of type 'string | SQLWrapper'.
  Overload 2 of 3, '(left: Aliased<Date>, right: Date | SQLWrapper): SQL<unknown>', gave the following error.
    Argument of type 'SQLiteColumn<{ name: "valid_to"; tableName: "offers"; dataType: "string"; columnType: "SQLiteText"; data: string; driverParam: string; notNull: true; hasDefault: false; isPrimaryKey: false; isAutoincrement: false; ... 4 more ...; generated: undefined; }, {}, { ...; }>' is not assignable to parameter of type 'Aliased<Date>'.
      Type 'SQLiteColumn<{ name: "valid_to"; tableName: "offers"; dataType: "string"; columnType: "SQLiteText"; data: string; driverParam: string; notNull: true; hasDefault: false; isPrimaryKey: false; isAutoincrement: false; ... 4 more ...; generated: undefined; }, {}, { ...; }>' is missing the following properties from type 'Aliased<Date>': sql, fieldAlias
  Overload 3 of 3, '(left: never, right: unknown): SQL<unknown>', gave the following error.
    Argument of type 'SQLiteColumn<{ name: "valid_to"; tableName: "offers"; dataType: "string"; columnType: "SQLiteText"; data: string; driverParam: string; notNull: true; hasDefault: false; isPrimaryKey: false; isAutoincrement: false; ... 4 more ...; generated: undefined; }, {}, { ...; }>' is not assignable to parameter of type 'never'.
../server/storage.ts(3396,29): error TS2339: Property 'priority' does not exist on type 'SQLiteTableWithColumns<{ name: "offers"; schema: undefined; columns: { id: SQLiteColumn<{ name: "id"; tableName: "offers"; dataType: "number"; columnType: "SQLiteInteger"; data: number; driverParam: number; notNull: true; hasDefault: true; ... 6 more ...; generated: undefined; }, {}, {}>; ... 13 more ...; updatedAt:...'.
../server/storage.ts(3404,49): error TS2769: No overload matches this call.
  Overload 1 of 2, '(value: { offerId: number | SQL<unknown> | Placeholder<string, any>; id?: number | SQL<unknown> | Placeholder<string, any> | undefined; customerId?: number | SQL<...> | Placeholder<...> | null | undefined; saleId?: number | ... 3 more ... | undefined; usedAt?: string | ... 2 more ... | undefined; }): SQLiteInsertBase<...>', gave the following error.
    Object literal may only specify known properties, and 'discountAmount' does not exist in type '{ offerId: number | SQL<unknown> | Placeholder<string, any>; id?: number | SQL<unknown> | Placeholder<string, any> | undefined; customerId?: number | SQL<...> | Placeholder<...> | null | undefined; saleId?: number | ... 3 more ... | undefined; usedAt?: string | ... 2 more ... | undefined; }'.
  Overload 2 of 2, '(values: { offerId: number | SQL<unknown> | Placeholder<string, any>; id?: number | SQL<unknown> | Placeholder<string, any> | undefined; customerId?: number | SQL<...> | Placeholder<...> | null | undefined; saleId?: number | ... 3 more ... | undefined; usedAt?: string | ... 2 more ... | undefined; }[]): SQLiteInsertBase<...>', gave the following error.
    Object literal may only specify known properties, and 'offerId' does not exist in type '{ offerId: number | SQL<unknown> | Placeholder<string, any>; id?: number | SQL<unknown> | Placeholder<string, any> | undefined; customerId?: number | SQL<...> | Placeholder<...> | null | undefined; saleId?: number | ... 3 more ... | undefined; usedAt?: string | ... 2 more ... | undefined; }[]'.
../server/storage.ts(3418,34): error TS2339: Property 'usageCount' does not exist on type 'SQLiteTableWithColumns<{ name: "offers"; schema: undefined; columns: { id: SQLiteColumn<{ name: "id"; tableName: "offers"; dataType: "number"; columnType: "SQLiteInteger"; data: number; driverParam: number; notNull: true; hasDefault: true; ... 6 more ...; generated: undefined; }, {}, {}>; ... 13 more ...; updatedAt:...'.
../server/storage.ts(3419,9): error TS2322: Type 'Date' is not assignable to type 'string | SQL<unknown> | SQLiteColumn<ColumnBaseConfig<ColumnDataType, string>, {}, {}> | undefined'.
../server/storage.ts(3435,67): error TS2339: Property 'discountAmount' does not exist on type 'SQLiteTableWithColumns<{ name: "offer_usage"; schema: undefined; columns: { id: SQLiteColumn<{ name: "id"; tableName: "offer_usage"; dataType: "number"; columnType: "SQLiteInteger"; data: number; driverParam: number; notNull: true; ... 7 more ...; generated: undefined; }, {}, {}>; offerId: SQLiteColumn<...>; custome...'.
../server/storage.ts(3436,66): error TS2339: Property 'finalAmount' does not exist on type 'SQLiteTableWithColumns<{ name: "offer_usage"; schema: undefined; columns: { id: SQLiteColumn<{ name: "id"; tableName: "offer_usage"; dataType: "number"; columnType: "SQLiteInteger"; data: number; driverParam: number; notNull: true; ... 7 more ...; generated: undefined; }, {}, {}>; offerId: SQLiteColumn<...>; custome...'.
../server/storage.ts(3437,65): error TS2339: Property 'discountAmount' does not exist on type 'SQLiteTableWithColumns<{ name: "offer_usage"; schema: undefined; columns: { id: SQLiteColumn<{ name: "id"; tableName: "offer_usage"; dataType: "number"; columnType: "SQLiteInteger"; data: number; driverParam: number; notNull: true; ... 7 more ...; generated: undefined; }, {}, {}>; offerId: SQLiteColumn<...>; custome...'.
../server/storage.ts(3480,21): error TS2339: Property 'id' does not exist on type '{}'.
../server/storage.ts(3481,29): error TS2339: Property 'customer_id' does not exist on type '{}'.
../server/storage.ts(3482,41): error TS2339: Property 'total_points' does not exist on type '{}'.
../server/storage.ts(3483,40): error TS2339: Property 'used_points' does not exist on type '{}'.
../server/storage.ts(3484,45): error TS2339: Property 'available_points' does not exist on type '{}'.
../server/storage.ts(3485,23): error TS2339: Property 'tier' does not exist on type '{}'.
../server/storage.ts(3486,9): error TS2322: Type 'Date' is not assignable to type 'string'.
../server/storage.ts(3486,37): error TS2339: Property 'created_at' does not exist on type '{}'.
../server/storage.ts(3487,9): error TS2322: Type 'Date' is not assignable to type 'string'.
../server/storage.ts(3487,39): error TS2339: Property 'last_updated' does not exist on type '{}'.
../server/storage.ts(3487,63): error TS2339: Property 'created_at' does not exist on type '{}'.
../server/storage.ts(3511,13): error TS18046: 'loyalty' is of type 'unknown'.
../server/storage.ts(3512,21): error TS18046: 'loyalty' is of type 'unknown'.
../server/storage.ts(3513,33): error TS18046: 'loyalty' is of type 'unknown'.
../server/storage.ts(3514,32): error TS18046: 'loyalty' is of type 'unknown'.
../server/storage.ts(3515,37): error TS18046: 'loyalty' is of type 'unknown'.
../server/storage.ts(3516,15): error TS18046: 'loyalty' is of type 'unknown'.
../server/storage.ts(3517,9): error TS2322: Type 'Date' is not assignable to type 'string'.
../server/storage.ts(3517,29): error TS18046: 'loyalty' is of type 'unknown'.
../server/storage.ts(3518,9): error TS2322: Type 'Date' is not assignable to type 'string'.
../server/storage.ts(3518,31): error TS18046: 'loyalty' is of type 'unknown'.
../server/storage.ts(3518,55): error TS18046: 'loyalty' is of type 'unknown'.
../server/storage.ts(3533,37): error TS18047: 'loyalty.totalPoints' is possibly 'null'.
../server/storage.ts(3534,41): error TS18047: 'loyalty.availablePoints' is possibly 'null'.
../server/storage.ts(3543,9): error TS2322: Type 'Date' is not assignable to type 'string | SQL<unknown> | SQLiteColumn<ColumnBaseConfig<ColumnDataType, string>, {}, {}> | undefined'.
../server/storage.ts(3559,42): error TS18047: 'loyalty.availablePoints' is possibly 'null'.
../server/storage.ts(3564,34): error TS18047: 'loyalty.usedPoints' is possibly 'null'.
../server/storage.ts(3596,27): error TS2339: Property 'id' does not exist on type '{}'.
../server/storage.ts(3597,35): error TS2339: Property 'customer_id' does not exist on type '{}'.
../server/storage.ts(3598,47): error TS2339: Property 'total_points' does not exist on type '{}'.
../server/storage.ts(3599,46): error TS2339: Property 'used_points' does not exist on type '{}'.
../server/storage.ts(3600,51): error TS2339: Property 'available_points' does not exist on type '{}'.
../server/storage.ts(3601,29): error TS2339: Property 'tier' does not exist on type '{}'.
../server/storage.ts(3602,9): error TS2322: Type 'Date' is not assignable to type 'string'.
../server/storage.ts(3602,43): error TS2339: Property 'created_at' does not exist on type '{}'.
../server/storage.ts(3603,9): error TS2322: Type 'Date' is not assignable to type 'string'.
../server/storage.ts(3603,45): error TS2339: Property 'last_updated' does not exist on type '{}'.
../server/storage.ts(3603,75): error TS2339: Property 'created_at' does not exist on type '{}'.
../server/storage.ts(3638,48): error TS18047: 'loyalty.totalPoints' is possibly 'null'.
../server/storage.ts(3639,52): error TS18047: 'loyalty.availablePoints' is possibly 'null'.
../server/storage.ts(3670,27): error TS2339: Property 'id' does not exist on type '{}'.
../server/storage.ts(3671,35): error TS2339: Property 'customer_id' does not exist on type '{}'.
../server/storage.ts(3672,47): error TS2339: Property 'total_points' does not exist on type '{}'.
../server/storage.ts(3673,46): error TS2339: Property 'used_points' does not exist on type '{}'.
../server/storage.ts(3674,51): error TS2339: Property 'available_points' does not exist on type '{}'.
../server/storage.ts(3675,29): error TS2339: Property 'tier' does not exist on type '{}'.
../server/storage.ts(3676,9): error TS2322: Type 'Date' is not assignable to type 'string'.
../server/storage.ts(3676,43): error TS2339: Property 'created_at' does not exist on type '{}'.
../server/storage.ts(3677,9): error TS2322: Type 'Date' is not assignable to type 'string'.
../server/storage.ts(3677,45): error TS2339: Property 'last_updated' does not exist on type '{}'.
../server/storage.ts(3677,75): error TS2339: Property 'created_at' does not exist on type '{}'.
../server/storage.ts(3719,27): error TS2339: Property 'id' does not exist on type '{}'.
../server/storage.ts(3720,35): error TS2339: Property 'customer_id' does not exist on type '{}'.
../server/storage.ts(3721,47): error TS2339: Property 'total_points' does not exist on type '{}'.
../server/storage.ts(3722,46): error TS2339: Property 'used_points' does not exist on type '{}'.
../server/storage.ts(3723,51): error TS2339: Property 'available_points' does not exist on type '{}'.
../server/storage.ts(3724,29): error TS2339: Property 'tier' does not exist on type '{}'.
../server/storage.ts(3725,9): error TS2322: Type 'Date' is not assignable to type 'string'.
../server/storage.ts(3725,43): error TS2339: Property 'created_at' does not exist on type '{}'.
../server/storage.ts(3726,9): error TS2322: Type 'Date' is not assignable to type 'string'.
../server/storage.ts(3726,45): error TS2339: Property 'last_updated' does not exist on type '{}'.
../server/storage.ts(3726,75): error TS2339: Property 'created_at' does not exist on type '{}'.
../server/storage.ts(3739,21): error TS2339: Property 'rowCount' does not exist on type 'RunResult'.
../server/storage.ts(3754,43): error TS18047: 'loyalty.totalPoints' is possibly 'null'.
../server/storage.ts(3755,47): error TS18047: 'loyalty.availablePoints' is possibly 'null'.
../server/storage.ts(3774,15): error TS2322: Type 'string' is not assignable to type 'number | SQL<unknown> | SQLiteColumn<ColumnBaseConfig<ColumnDataType, string>, {}, {}> | null | undefined'.
../server/storage.ts(3775,15): error TS2322: Type 'string' is not assignable to type 'number | SQL<unknown> | SQLiteColumn<ColumnBaseConfig<ColumnDataType, string>, {}, {}> | null | undefined'.
../server/storage.ts(3777,15): error TS2322: Type 'Date' is not assignable to type 'string | SQL<unknown> | SQLiteColumn<ColumnBaseConfig<ColumnDataType, string>, {}, {}> | undefined'.
../server/storage.ts(3801,28): error TS2365: Operator '>' cannot be applied to types 'string' and 'Date'.
../server/storage.ts(3804,26): error TS2365: Operator '<' cannot be applied to types 'string' and 'Date'.
../server/storage.ts(3809,15): error TS2339: Property 'timeStart' does not exist on type '{ type: string; id: number; name: string; value: number; description: string | null; active: boolean | null; updatedAt: string; createdAt: string; validFrom: string; validTo: string; applicableProducts: string | null; minPurchase: number | null; maxDiscount: number | null; maxUsage: number | null; currentUsage: numb...'.
../server/storage.ts(3809,34): error TS2339: Property 'timeEnd' does not exist on type '{ type: string; id: number; name: string; value: number; description: string | null; active: boolean | null; updatedAt: string; createdAt: string; validFrom: string; validTo: string; applicableProducts: string | null; minPurchase: number | null; maxDiscount: number | null; maxUsage: number | null; currentUsage: numb...'.
../server/storage.ts(3811,31): error TS2339: Property 'timeStart' does not exist on type '{ type: string; id: number; name: string; value: number; description: string | null; active: boolean | null; updatedAt: string; createdAt: string; validFrom: string; validTo: string; applicableProducts: string | null; minPurchase: number | null; maxDiscount: number | null; maxUsage: number | null; currentUsage: numb...'.
../server/storage.ts(3811,64): error TS2339: Property 'timeEnd' does not exist on type '{ type: string; id: number; name: string; value: number; description: string | null; active: boolean | null; updatedAt: string; createdAt: string; validFrom: string; validTo: string; applicableProducts: string | null; minPurchase: number | null; maxDiscount: number | null; maxUsage: number | null; currentUsage: numb...'.
../server/storage.ts(3817,40): error TS2339: Property 'minPurchaseAmount' does not exist on type '{ type: string; id: number; name: string; value: number; description: string | null; active: boolean | null; updatedAt: string; createdAt: string; validFrom: string; validTo: string; applicableProducts: string | null; minPurchase: number | null; maxDiscount: number | null; maxUsage: number | null; currentUsage: numb...'.
../server/storage.ts(3823,15): error TS2339: Property 'usageLimit' does not exist on type '{ type: string; id: number; name: string; value: number; description: string | null; active: boolean | null; updatedAt: string; createdAt: string; validFrom: string; validTo: string; applicableProducts: string | null; minPurchase: number | null; maxDiscount: number | null; maxUsage: number | null; currentUsage: numb...'.
../server/storage.ts(3823,35): error TS2339: Property 'usageCount' does not exist on type '{ type: string; id: number; name: string; value: number; description: string | null; active: boolean | null; updatedAt: string; createdAt: string; validFrom: string; validTo: string; applicableProducts: string | null; minPurchase: number | null; maxDiscount: number | null; maxUsage: number | null; currentUsage: numb...'.
../server/storage.ts(3823,55): error TS2339: Property 'usageLimit' does not exist on type '{ type: string; id: number; name: string; value: number; description: string | null; active: boolean | null; updatedAt: string; createdAt: string; validFrom: string; validTo: string; applicableProducts: string | null; minPurchase: number | null; maxDiscount: number | null; maxUsage: number | null; currentUsage: numb...'.
../server/storage.ts(3831,19): error TS2339: Property 'offerType' does not exist on type '{ type: string; id: number; name: string; value: number; description: string | null; active: boolean | null; updatedAt: string; createdAt: string; validFrom: string; validTo: string; applicableProducts: string | null; minPurchase: number | null; maxDiscount: number | null; maxUsage: number | null; currentUsage: numb...'.
../server/storage.ts(3833,56): error TS2339: Property 'discountValue' does not exist on type '{ type: string; id: number; name: string; value: number; description: string | null; active: boolean | null; updatedAt: string; createdAt: string; validFrom: string; validTo: string; applicableProducts: string | null; minPurchase: number | null; maxDiscount: number | null; maxUsage: number | null; currentUsage: numb...'.
../server/storage.ts(3834,46): error TS2339: Property 'maxDiscountAmount' does not exist on type '{ type: string; id: number; name: string; value: number; description: string | null; active: boolean | null; updatedAt: string; createdAt: string; validFrom: string; validTo: string; applicableProducts: string | null; minPurchase: number | null; maxDiscount: number | null; maxUsage: number | null; currentUsage: numb...'.
../server/storage.ts(3841,43): error TS2339: Property 'discountValue' does not exist on type '{ type: string; id: number; name: string; value: number; description: string | null; active: boolean | null; updatedAt: string; createdAt: string; validFrom: string; validTo: string; applicableProducts: string | null; minPurchase: number | null; maxDiscount: number | null; maxUsage: number | null; currentUsage: numb...'.
../server/storage.ts(3848,19): error TS2339: Property 'buyQuantity' does not exist on type '{ type: string; id: number; name: string; value: number; description: string | null; active: boolean | null; updatedAt: string; createdAt: string; validFrom: string; validTo: string; applicableProducts: string | null; minPurchase: number | null; maxDiscount: number | null; maxUsage: number | null; currentUsage: numb...'.
../server/storage.ts(3848,40): error TS2339: Property 'getQuantity' does not exist on type '{ type: string; id: number; name: string; value: number; description: string | null; active: boolean | null; updatedAt: string; createdAt: string; validFrom: string; validTo: string; applicableProducts: string | null; minPurchase: number | null; maxDiscount: number | null; maxUsage: number | null; currentUsage: numb...'.
../server/storage.ts(3858,63): error TS2339: Property 'buyQuantity' does not exist on type '{ type: string; id: number; name: string; value: number; description: string | null; active: boolean | null; updatedAt: string; createdAt: string; validFrom: string; validTo: string; applicableProducts: string | null; minPurchase: number | null; maxDiscount: number | null; maxUsage: number | null; currentUsage: numb...'.
../server/storage.ts(3858,84): error TS2339: Property 'getQuantity' does not exist on type '{ type: string; id: number; name: string; value: number; description: string | null; active: boolean | null; updatedAt: string; createdAt: string; validFrom: string; validTo: string; applicableProducts: string | null; minPurchase: number | null; maxDiscount: number | null; maxUsage: number | null; currentUsage: numb...'.
../server/storage.ts(3881,44): error TS2339: Property 'pointsThreshold' does not exist on type '{ type: string; id: number; name: string; value: number; description: string | null; active: boolean | null; updatedAt: string; createdAt: string; validFrom: string; validTo: string; applicableProducts: string | null; minPurchase: number | null; maxDiscount: number | null; maxUsage: number | null; currentUsage: numb...'.
../server/storage.ts(3882,41): error TS2339: Property 'pointsReward' does not exist on type '{ type: string; id: number; name: string; value: number; description: string | null; active: boolean | null; updatedAt: string; createdAt: string; validFrom: string; validTo: string; applicableProducts: string | null; minPurchase: number | null; maxDiscount: number | null; maxUsage: number | null; currentUsage: numb...'.
../server/storage.ts(3889,19): error TS2339: Property 'applicableCategories' does not exist on type '{ type: string; id: number; name: string; value: number; description: string | null; active: boolean | null; updatedAt: string; createdAt: string; validFrom: string; validTo: string; applicableProducts: string | null; minPurchase: number | null; maxDiscount: number | null; maxUsage: number | null; currentUsage: numb...'.
../server/storage.ts(3890,57): error TS2339: Property 'applicableCategories' does not exist on type '{ type: string; id: number; name: string; value: number; description: string | null; active: boolean | null; updatedAt: string; createdAt: string; validFrom: string; validTo: string; applicableProducts: string | null; minPurchase: number | null; maxDiscount: number | null; maxUsage: number | null; currentUsage: numb...'.
../server/storage.ts(3897,62): error TS2339: Property 'discountValue' does not exist on type '{ type: string; id: number; name: string; value: number; description: string | null; active: boolean | null; updatedAt: string; createdAt: string; validFrom: string; validTo: string; applicableProducts: string | null; minPurchase: number | null; maxDiscount: number | null; maxUsage: number | null; currentUsage: numb...'.
../server/storage.ts(3911,9): error TS2300: Duplicate identifier 'getProductByBarcode'.
../server/storage.ts(3915,15): error TS2304: Cannot find name 'schema'.
../server/storage.ts(3916,19): error TS2304: Cannot find name 'schema'.
../server/storage.ts(3916,41): error TS2304: Cannot find name 'schema'.
../server/storage.ts(3916,69): error TS2304: Cannot find name 'schema'.
../server/storage.ts(3917,19): error TS2304: Cannot find name 'schema'.
../server/storage.ts(3942,15): error TS2304: Cannot find name 'schema'.
../server/storage.ts(3943,19): error TS2304: Cannot find name 'schema'.
../server/storage.ts(4003,5): error TS2322: Type '{ id: number; name: string; description: string | null; updatedAt: string; rate: number; hsnCodeRange: string | null; isActive: boolean | null; createdAt: string; } | undefined' is not assignable to type '{ id: number; name: string; description: string | null; updatedAt: string; rate: number; hsnCodeRange: string | null; isActive: boolean | null; createdAt: string; } | null'.
  Type 'undefined' is not assignable to type '{ id: number; name: string; description: string | null; updatedAt: string; rate: number; hsnCodeRange: string | null; isActive: boolean | null; createdAt: string; } | null'.
../server/storage.ts(4018,19): error TS2339: Property 'rowCount' does not exist on type 'RunResult'.
../server/storage.ts(4022,35): error TS2552: Cannot find name 'TaxSettingsType'. Did you mean 'TaxSettings'?
../server/storage.ts(4026,70): error TS2552: Cannot find name 'TaxSettingsType'. Did you mean 'TaxSettings'?
../server/storage.ts(4055,5): error TS2322: Type '{ id: number; description: string; updatedAt: string; isActive: boolean | null; createdAt: string; hsnCode: string; taxCategoryId: number; cgstRate: number | null; sgstRate: number | null; igstRate: number | null; cessRate: number | null; } | undefined' is not assignable to type '{ id: number; description: string; updatedAt: string; isActive: boolean | null; createdAt: string; hsnCode: string; taxCategoryId: number; cgstRate: number | null; sgstRate: number | null; igstRate: number | null; cessRate: number | null; } | null'.
  Type 'undefined' is not assignable to type '{ id: number; description: string; updatedAt: string; isActive: boolean | null; createdAt: string; hsnCode: string; taxCategoryId: number; cgstRate: number | null; sgstRate: number | null; igstRate: number | null; cessRate: number | null; } | null'.
../server/storage.ts(4061,5): error TS2322: Type '{ id: number; description: string; updatedAt: string; isActive: boolean | null; createdAt: string; hsnCode: string; taxCategoryId: number; cgstRate: number | null; sgstRate: number | null; igstRate: number | null; cessRate: number | null; } | undefined' is not assignable to type '{ id: number; description: string; updatedAt: string; isActive: boolean | null; createdAt: string; hsnCode: string; taxCategoryId: number; cgstRate: number | null; sgstRate: number | null; igstRate: number | null; cessRate: number | null; } | null'.
  Type 'undefined' is not assignable to type '{ id: number; description: string; updatedAt: string; isActive: boolean | null; createdAt: string; hsnCode: string; taxCategoryId: number; cgstRate: number | null; sgstRate: number | null; igstRate: number | null; cessRate: number | null; } | null'.
../server/storage.ts(4086,19): error TS2339: Property 'rowCount' does not exist on type 'RunResult'.
../server/storage.ts(4094,7): error TS2322: Type 'string | number' is not assignable to type 'string'.
  Type 'number' is not assignable to type 'string'.
../server/storage.ts(4095,7): error TS2322: Type 'string | number' is not assignable to type 'string'.
  Type 'number' is not assignable to type 'string'.
../server/storage.ts(4096,7): error TS2322: Type 'string | number' is not assignable to type 'string'.
  Type 'number' is not assignable to type 'string'.
../server/storage.ts(4097,7): error TS2322: Type 'string | number' is not assignable to type 'string | undefined'.
  Type 'number' is not assignable to type 'string'.
../server/storage.ts(4525,103): error TS2339: Property 'count' does not exist on type '{}'.
../server/storage.ts(4526,137): error TS2339: Property 'count' does not exist on type '{}'.
../server/storage.ts(4527,168): error TS2339: Property 'count' does not exist on type '{}'.
../server/storage.ts(4528,135): error TS2339: Property 'count' does not exist on type '{}'.
../server/storage.ts(4529,139): error TS2339: Property 'count' does not exist on type '{}'.
../server/storage.ts(4530,105): error TS2339: Property 'count' does not exist on type '{}'.
../server/storage.ts(4531,170): error TS2339: Property 'rate' does not exist on type '{}'.
../server/storage.ts(4914,9): error TS2300: Duplicate identifier 'createManufacturingOrder'.
../server/storage.ts(4942,9): error TS2300: Duplicate identifier 'getManufacturingOrderById'.
../server/storage.ts(4958,9): error TS2300: Duplicate identifier 'updateManufacturingOrder'.
../server/storage.ts(4988,9): error TS2300: Duplicate identifier 'getManufacturingBatches'.
../server/storage.ts(5005,9): error TS2300: Duplicate identifier 'createManufacturingBatch'.
../server/storage.ts(5033,9): error TS2300: Duplicate identifier 'getManufacturingBatchById'.
../server/storage.ts(5080,9): error TS2300: Duplicate identifier 'getQualityControlChecks'.
../server/storage.ts(5098,9): error TS2300: Duplicate identifier 'createQualityControlCheck'.
../server/storage.ts(5219,9): error TS2300: Duplicate identifier 'getRawMaterials'.
../server/storage.ts(5230,9): error TS2300: Duplicate identifier 'createRawMaterial'.
../server/storage.ts(5268,9): error TS2300: Duplicate identifier 'updateRawMaterial'.
../server/storage.ts(5308,7): error TS2322: Type '{ id: any; accountName: any; accountNumber: any; ifscCode: any; bankName: any; branchName: any; accountType: any; currency: any; currentBalance: any; availableBalance: any; minimumBalance: any; interestRate: any; ... 8 more ...; updatedAt: Date; }[]' is not assignable to type '{ id: number; status: string; description: string | null; updatedAt: string; createdAt: string; isDefault: boolean | null; createdBy: number | null; currency: string; accountName: string; ... 10 more ...; lastTransactionDate: string | null; }[]'.
  Type '{ id: any; accountName: any; accountNumber: any; ifscCode: any; bankName: any; branchName: any; accountType: any; currency: any; currentBalance: any; availableBalance: any; minimumBalance: any; interestRate: any; ... 8 more ...; updatedAt: Date; }' is not assignable to type '{ id: number; status: string; description: string | null; updatedAt: string; createdAt: string; isDefault: boolean | null; createdBy: number | null; currency: string; accountName: string; ... 10 more ...; lastTransactionDate: string | null; }'.
    Types of property 'updatedAt' are incompatible.
      Type 'Date' is not assignable to type 'string'.
../server/storage.ts(5309,13): error TS18046: 'account' is of type 'unknown'.
../server/storage.ts(5310,22): error TS18046: 'account' is of type 'unknown'.
../server/storage.ts(5311,24): error TS18046: 'account' is of type 'unknown'.
../server/storage.ts(5312,19): error TS18046: 'account' is of type 'unknown'.
../server/storage.ts(5313,19): error TS18046: 'account' is of type 'unknown'.
../server/storage.ts(5314,21): error TS18046: 'account' is of type 'unknown'.
../server/storage.ts(5315,22): error TS18046: 'account' is of type 'unknown'.
../server/storage.ts(5316,19): error TS18046: 'account' is of type 'unknown'.
../server/storage.ts(5317,25): error TS18046: 'account' is of type 'unknown'.
../server/storage.ts(5318,27): error TS18046: 'account' is of type 'unknown'.
../server/storage.ts(5319,25): error TS18046: 'account' is of type 'unknown'.
../server/storage.ts(5320,23): error TS18046: 'account' is of type 'unknown'.
../server/storage.ts(5321,17): error TS18046: 'account' is of type 'unknown'.
../server/storage.ts(5322,28): error TS18046: 'account' is of type 'unknown'.
../server/storage.ts(5323,22): error TS18046: 'account' is of type 'unknown'.
../server/storage.ts(5324,30): error TS18046: 'account' is of type 'unknown'.
../server/storage.ts(5325,22): error TS18046: 'account' is of type 'unknown'.
../server/storage.ts(5326,20): error TS18046: 'account' is of type 'unknown'.
../server/storage.ts(5327,24): error TS18046: 'account' is of type 'unknown'.
../server/storage.ts(5328,29): error TS18046: 'account' is of type 'unknown'.
../server/storage.ts(5329,29): error TS18046: 'account' is of type 'unknown'.
../server/storage.ts(5351,36): error TS2339: Property 'is_default' does not exist on type '{}'.
../server/storage.ts(5352,9): error TS2322: Type 'Date' is not assignable to type 'string'.
../server/storage.ts(5352,37): error TS2339: Property 'created_at' does not exist on type '{}'.
../server/storage.ts(5353,9): error TS2322: Type 'Date' is not assignable to type 'string'.
../server/storage.ts(5353,37): error TS2339: Property 'updated_at' does not exist on type '{}'.
../server/storage.ts(5398,13): error TS18046: 'account' is of type 'unknown'.
../server/storage.ts(5399,22): error TS18046: 'account' is of type 'unknown'.
../server/storage.ts(5400,24): error TS18046: 'account' is of type 'unknown'.
../server/storage.ts(5401,19): error TS18046: 'account' is of type 'unknown'.
../server/storage.ts(5402,19): error TS18046: 'account' is of type 'unknown'.
../server/storage.ts(5403,21): error TS18046: 'account' is of type 'unknown'.
../server/storage.ts(5404,22): error TS18046: 'account' is of type 'unknown'.
../server/storage.ts(5405,19): error TS18046: 'account' is of type 'unknown'.
../server/storage.ts(5406,25): error TS18046: 'account' is of type 'unknown'.
../server/storage.ts(5407,27): error TS18046: 'account' is of type 'unknown'.
../server/storage.ts(5408,25): error TS18046: 'account' is of type 'unknown'.
../server/storage.ts(5409,23): error TS18046: 'account' is of type 'unknown'.
../server/storage.ts(5410,17): error TS18046: 'account' is of type 'unknown'.
../server/storage.ts(5411,28): error TS18046: 'account' is of type 'unknown'.
../server/storage.ts(5412,22): error TS18046: 'account' is of type 'unknown'.
../server/storage.ts(5413,30): error TS18046: 'account' is of type 'unknown'.
../server/storage.ts(5414,22): error TS18046: 'account' is of type 'unknown'.
../server/storage.ts(5415,20): error TS18046: 'account' is of type 'unknown'.
../server/storage.ts(5416,9): error TS2322: Type 'Date' is not assignable to type 'string'.
../server/storage.ts(5416,29): error TS18046: 'account' is of type 'unknown'.
../server/storage.ts(5417,9): error TS2322: Type 'Date' is not assignable to type 'string'.
../server/storage.ts(5417,29): error TS18046: 'account' is of type 'unknown'.
../server/storage.ts(5490,11): error TS18046: 'transactionCount' is of type 'unknown'.
../server/storage.ts(5491,55): error TS18046: 'transactionCount' is of type 'unknown'.
../server/storage.ts(5496,11): error TS18046: 'categoryLinks' is of type 'unknown'.
../server/storage.ts(5556,7): error TS2322: Type '{ id: any; accountId: any; transactionId: any; transactionType: any; transactionMode: any; amount: any; balanceAfter: any; description: any; referenceNumber: any; beneficiaryName: any; beneficiaryAccount: any; ... 12 more ...; createdAt: Date; }[]' is not assignable to type '{ id: number; description: string; category: string | null; createdAt: string; notes: string | null; amount: number; tags: string | null; accountId: number; transactionId: string; transactionType: string; ... 10 more ...; transactionDate: string; }[]'.
  Type '{ id: any; accountId: any; transactionId: any; transactionType: any; transactionMode: any; amount: any; balanceAfter: any; description: any; referenceNumber: any; beneficiaryName: any; beneficiaryAccount: any; ... 12 more ...; createdAt: Date; }' is not assignable to type '{ id: number; description: string; category: string | null; createdAt: string; notes: string | null; amount: number; tags: string | null; accountId: number; transactionId: string; transactionType: string; ... 10 more ...; transactionDate: string; }'.
    Types of property 'createdAt' are incompatible.
      Type 'Date' is not assignable to type 'string'.
../server/storage.ts(5557,13): error TS18046: 'txn' is of type 'unknown'.
../server/storage.ts(5558,20): error TS18046: 'txn' is of type 'unknown'.
../server/storage.ts(5559,24): error TS18046: 'txn' is of type 'unknown'.
../server/storage.ts(5560,26): error TS18046: 'txn' is of type 'unknown'.
../server/storage.ts(5561,26): error TS18046: 'txn' is of type 'unknown'.
../server/storage.ts(5562,17): error TS18046: 'txn' is of type 'unknown'.
../server/storage.ts(5563,23): error TS18046: 'txn' is of type 'unknown'.
../server/storage.ts(5564,22): error TS18046: 'txn' is of type 'unknown'.
../server/storage.ts(5565,26): error TS18046: 'txn' is of type 'unknown'.
../server/storage.ts(5566,26): error TS18046: 'txn' is of type 'unknown'.
../server/storage.ts(5567,29): error TS18046: 'txn' is of type 'unknown'.
../server/storage.ts(5568,28): error TS18046: 'txn' is of type 'unknown'.
../server/storage.ts(5569,19): error TS18046: 'txn' is of type 'unknown'.
../server/storage.ts(5570,15): error TS18046: 'txn' is of type 'unknown'.
../server/storage.ts(5571,31): error TS18046: 'txn' is of type 'unknown'.
../server/storage.ts(5572,23): error TS18046: 'txn' is of type 'unknown'.
../server/storage.ts(5572,52): error TS18046: 'txn' is of type 'unknown'.
../server/storage.ts(5573,22): error TS18046: 'txn' is of type 'unknown'.
../server/storage.ts(5574,16): error TS18046: 'txn' is of type 'unknown'.
../server/storage.ts(5575,22): error TS18046: 'txn' is of type 'unknown'.
../server/storage.ts(5576,26): error TS18046: 'txn' is of type 'unknown'.
../server/storage.ts(5577,22): error TS18046: 'txn' is of type 'unknown'.
../server/storage.ts(5578,19): error TS18046: 'txn' is of type 'unknown'.
../server/storage.ts(5579,35): error TS18046: 'txn' is of type 'unknown'.
../server/storage.ts(5580,29): error TS18046: 'txn' is of type 'unknown'.
../server/storage.ts(5601,7): error TS2322: Type '{ id: any; accountId: any; transactionId: any; transactionType: any; transactionMode: any; amount: any; balanceAfter: any; description: any; referenceNumber: any; beneficiaryName: any; beneficiaryAccount: any; ... 12 more ...; createdAt: Date; }[]' is not assignable to type '{ id: number; description: string; category: string | null; createdAt: string; notes: string | null; amount: number; tags: string | null; accountId: number; transactionId: string; transactionType: string; ... 10 more ...; transactionDate: string; }[]'.
  Type '{ id: any; accountId: any; transactionId: any; transactionType: any; transactionMode: any; amount: any; balanceAfter: any; description: any; referenceNumber: any; beneficiaryName: any; beneficiaryAccount: any; ... 12 more ...; createdAt: Date; }' is not assignable to type '{ id: number; description: string; category: string | null; createdAt: string; notes: string | null; amount: number; tags: string | null; accountId: number; transactionId: string; transactionType: string; ... 10 more ...; transactionDate: string; }'.
    Types of property 'createdAt' are incompatible.
      Type 'Date' is not assignable to type 'string'.
../server/storage.ts(5602,13): error TS18046: 'txn' is of type 'unknown'.
../server/storage.ts(5603,20): error TS18046: 'txn' is of type 'unknown'.
../server/storage.ts(5604,24): error TS18046: 'txn' is of type 'unknown'.
../server/storage.ts(5605,26): error TS18046: 'txn' is of type 'unknown'.
../server/storage.ts(5606,26): error TS18046: 'txn' is of type 'unknown'.
../server/storage.ts(5607,17): error TS18046: 'txn' is of type 'unknown'.
../server/storage.ts(5608,23): error TS18046: 'txn' is of type 'unknown'.
../server/storage.ts(5609,22): error TS18046: 'txn' is of type 'unknown'.
../server/storage.ts(5610,26): error TS18046: 'txn' is of type 'unknown'.
../server/storage.ts(5611,26): error TS18046: 'txn' is of type 'unknown'.
../server/storage.ts(5612,29): error TS18046: 'txn' is of type 'unknown'.
../server/storage.ts(5613,28): error TS18046: 'txn' is of type 'unknown'.
../server/storage.ts(5614,19): error TS18046: 'txn' is of type 'unknown'.
../server/storage.ts(5615,15): error TS18046: 'txn' is of type 'unknown'.
../server/storage.ts(5616,31): error TS18046: 'txn' is of type 'unknown'.
../server/storage.ts(5617,23): error TS18046: 'txn' is of type 'unknown'.
../server/storage.ts(5617,52): error TS18046: 'txn' is of type 'unknown'.
../server/storage.ts(5618,22): error TS18046: 'txn' is of type 'unknown'.
../server/storage.ts(5619,16): error TS18046: 'txn' is of type 'unknown'.
../server/storage.ts(5620,22): error TS18046: 'txn' is of type 'unknown'.
../server/storage.ts(5621,26): error TS18046: 'txn' is of type 'unknown'.
../server/storage.ts(5622,22): error TS18046: 'txn' is of type 'unknown'.
../server/storage.ts(5623,19): error TS18046: 'txn' is of type 'unknown'.
../server/storage.ts(5624,35): error TS18046: 'txn' is of type 'unknown'.
../server/storage.ts(5625,29): error TS18046: 'txn' is of type 'unknown'.
../server/storage.ts(5639,59): error TS2339: Property 'current_balance' does not exist on type '{}'.
../server/storage.ts(5690,9): error TS2698: Spread types may only be created from object types.
../server/storage.ts(5691,31): error TS18046: 'transaction' is of type 'unknown'.
../server/storage.ts(5692,29): error TS18046: 'transaction' is of type 'unknown'.
../server/storage.ts(5693,35): error TS18046: 'transaction' is of type 'unknown'.
../server/storage.ts(5694,23): error TS18046: 'transaction' is of type 'unknown'.
../server/storage.ts(5694,60): error TS18046: 'transaction' is of type 'unknown'.
../server/storage.ts(5717,69): error TS18046: 'account' is of type 'unknown'.
../server/storage.ts(5718,57): error TS18046: 'account' is of type 'unknown'.
../server/storage.ts(5725,15): error TS18046: 'account' is of type 'unknown'.
../server/storage.ts(5726,17): error TS18046: 'account' is of type 'unknown'.
../server/storage.ts(5727,20): error TS18046: 'account' is of type 'unknown'.
../server/storage.ts(5728,17): error TS18046: 'account' is of type 'unknown'.
../server/storage.ts(5729,17): error TS18046: 'account' is of type 'unknown'.
../server/storage.ts(5730,19): error TS18046: 'account' is of type 'unknown'.
../server/storage.ts(5731,29): error TS18046: 'account' is of type 'unknown'.
../server/storage.ts(5732,25): error TS18046: 'account' is of type 'unknown'.
../server/storage.ts(5733,24): error TS18046: 'account' is of type 'unknown'.
../server/storage.ts(5734,30): error TS18046: 'account' is of type 'unknown'.
../server/storage.ts(5758,9): error TS2698: Spread types may only be created from object types.
../server/storage.ts(5759,27): error TS18046: 'category' is of type 'unknown'.
../server/storage.ts(5760,29): error TS18046: 'category' is of type 'unknown'.
../server/storage.ts(5771,36): error TS2304: Cannot find name 'Employee'.
../server/storage.ts(5782,13): error TS18046: 'emp' is of type 'unknown'.
../server/storage.ts(5783,21): error TS18046: 'emp' is of type 'unknown'.
../server/storage.ts(5784,20): error TS18046: 'emp' is of type 'unknown'.
../server/storage.ts(5785,19): error TS18046: 'emp' is of type 'unknown'.
../server/storage.ts(5786,16): error TS18046: 'emp' is of type 'unknown'.
../server/storage.ts(5787,16): error TS18046: 'emp' is of type 'unknown'.
../server/storage.ts(5788,19): error TS18046: 'emp' is of type 'unknown'.
../server/storage.ts(5789,21): error TS18046: 'emp' is of type 'unknown'.
../server/storage.ts(5790,19): error TS18046: 'emp' is of type 'unknown'.
../server/storage.ts(5791,25): error TS18046: 'emp' is of type 'unknown'.
../server/storage.ts(5792,17): error TS18046: 'emp' is of type 'unknown'.
../server/storage.ts(5793,18): error TS18046: 'emp' is of type 'unknown'.
../server/storage.ts(5794,31): error TS18046: 'emp' is of type 'unknown'.
../server/storage.ts(5795,32): error TS18046: 'emp' is of type 'unknown'.
../server/storage.ts(5796,28): error TS18046: 'emp' is of type 'unknown'.
../server/storage.ts(5797,19): error TS18046: 'emp' is of type 'unknown'.
../server/storage.ts(5798,19): error TS18046: 'emp' is of type 'unknown'.
../server/storage.ts(5799,20): error TS18046: 'emp' is of type 'unknown'.
../server/storage.ts(5800,23): error TS18046: 'emp' is of type 'unknown'.
../server/storage.ts(5801,29): error TS18046: 'emp' is of type 'unknown'.
../server/storage.ts(5802,29): error TS18046: 'emp' is of type 'unknown'.
../server/storage.ts(5810,38): error TS2304: Cannot find name 'EmployeeInsert'.
../server/storage.ts(5810,63): error TS2304: Cannot find name 'Employee'.
../server/storage.ts(5849,9): error TS2698: Spread types may only be created from object types.
../server/storage.ts(5850,27): error TS18046: 'employee' is of type 'unknown'.
../server/storage.ts(5851,29): error TS18046: 'employee' is of type 'unknown'.
../server/storage.ts(5852,29): error TS18046: 'employee' is of type 'unknown'.
../server/storage.ts(5860,58): error TS2304: Cannot find name 'EmployeeInsert'.
../server/storage.ts(5860,84): error TS2304: Cannot find name 'Employee'.
../server/storage.ts(5889,9): error TS2698: Spread types may only be created from object types.
../server/storage.ts(5890,27): error TS18046: 'employee' is of type 'unknown'.
../server/storage.ts(5891,29): error TS18046: 'employee' is of type 'unknown'.
../server/storage.ts(5892,29): error TS18046: 'employee' is of type 'unknown'.
../server/storage.ts(5901,43): error TS2304: Cannot find name 'SalaryStructureInsert'.
../server/storage.ts(5901,75): error TS2304: Cannot find name 'SalaryStructure'.
../server/storage.ts(5939,9): error TS2698: Spread types may only be created from object types.
../server/storage.ts(5940,27): error TS18046: 'salary' is of type 'unknown'.
../server/storage.ts(5941,29): error TS18046: 'salary' is of type 'unknown'.
../server/storage.ts(5942,29): error TS18046: 'salary' is of type 'unknown'.
../server/storage.ts(5950,69): error TS2304: Cannot find name 'SalaryStructure'.
../server/storage.ts(5966,12): error TS2304: Cannot find name 'SalaryStructure'.
../server/storage.ts(5974,40): error TS2304: Cannot find name 'AttendanceInsert'.
../server/storage.ts(5974,67): error TS2304: Cannot find name 'Attendance'.
../server/storage.ts(6004,12): error TS2304: Cannot find name 'Attendance'.
../server/storage.ts(6011,85): error TS2304: Cannot find name 'Attendance'.
../server/storage.ts(6021,9): error TS2698: Spread types may only be created from object types.
../server/storage.ts(6022,32): error TS18046: 'att' is of type 'unknown'.
../server/storage.ts(6023,29): error TS18046: 'att' is of type 'unknown'.
../server/storage.ts(6024,29): error TS18046: 'att' is of type 'unknown'.
../server/storage.ts(6033,31): error TS2304: Cannot find name 'LeaveApplicationInsert'.
../server/storage.ts(6033,64): error TS2304: Cannot find name 'LeaveApplication'.
../server/storage.ts(6058,9): error TS2698: Spread types may only be created from object types.
../server/storage.ts(6059,28): error TS18046: 'leave' is of type 'unknown'.
../server/storage.ts(6060,29): error TS18046: 'leave' is of type 'unknown'.
../server/storage.ts(6061,29): error TS18046: 'leave' is of type 'unknown'.
../server/storage.ts(6069,48): error TS2304: Cannot find name 'LeaveApplication'.
../server/storage.ts(6082,9): error TS2698: Spread types may only be created from object types.
../server/storage.ts(6083,23): error TS18046: 'leave' is of type 'unknown'.
../server/storage.ts(6084,20): error TS18046: 'leave' is of type 'unknown'.
../server/storage.ts(6085,20): error TS18046: 'leave' is of type 'unknown'.
../server/storage.ts(6086,18): error TS18046: 'leave' is of type 'unknown'.
../server/storage.ts(6087,20): error TS18046: 'leave' is of type 'unknown'.
../server/storage.ts(6088,29): error TS18046: 'leave' is of type 'unknown'.
../server/storage.ts(6097,38): error TS2304: Cannot find name 'PayrollRecordInsert'.
../server/storage.ts(6097,68): error TS2304: Cannot find name 'PayrollRecord'.
../server/storage.ts(6136,9): error TS2698: Spread types may only be created from object types.
../server/storage.ts(6137,29): error TS18046: 'payroll' is of type 'unknown'.
../server/storage.ts(6138,29): error TS18046: 'payroll' is of type 'unknown'.
../server/storage.ts(6146,51): error TS2304: Cannot find name 'PayrollRecord'.
../server/storage.ts(6159,9): error TS2698: Spread types may only be created from object types.
../server/storage.ts(6160,29): error TS18046: 'payroll' is of type 'unknown'.
../server/storage.ts(6161,29): error TS18046: 'payroll' is of type 'unknown'.
../server/storage.ts(6170,37): error TS2304: Cannot find name 'EmployeeAdvanceInsert'.
../server/storage.ts(6170,69): error TS2304: Cannot find name 'EmployeeAdvance'.
../server/storage.ts(6191,9): error TS2698: Spread types may only be created from object types.
../server/storage.ts(6192,29): error TS18046: 'advance' is of type 'unknown'.
../server/storage.ts(6193,29): error TS18046: 'advance' is of type 'unknown'.
../server/storage.ts(6201,39): error TS2304: Cannot find name 'EmployeeAdvance'.
../server/storage.ts(6214,9): error TS2698: Spread types may only be created from object types.
../server/storage.ts(6215,23): error TS18046: 'advance' is of type 'unknown'.
../server/storage.ts(6216,22): error TS18046: 'advance' is of type 'unknown'.
../server/storage.ts(6217,23): error TS18046: 'advance' is of type 'unknown'.
../server/storage.ts(6218,21): error TS18046: 'advance' is of type 'unknown'.
../server/storage.ts(6219,29): error TS18046: 'advance' is of type 'unknown'.
../server/storage.ts(6220,32): error TS18046: 'advance' is of type 'unknown'.
../server/storage.ts(6221,26): error TS18046: 'advance' is of type 'unknown'.
../server/storage.ts(6222,29): error TS18046: 'advance' is of type 'unknown'.
../server/storage.ts(6231,39): error TS2304: Cannot find name 'PayrollSettings'.
../server/storage.ts(6244,36): error TS2339: Property 'is_active' does not exist on type '{}'.
../server/storage.ts(6245,38): error TS2339: Property 'updated_at' does not exist on type '{}'.
../server/storage.ts(6253,53): error TS2304: Cannot find name 'PayrollSettingsInsert'.
../server/storage.ts(6253,86): error TS2304: Cannot find name 'PayrollSettings'.
../server/storage.ts(6327,9): error TS2300: Duplicate identifier 'getTaxCategoryById'.
../server/storage.ts(6329,7): error TS2322: Type '{ id: number; name: string; description: string | null; updatedAt: string; rate: number; hsnCodeRange: string | null; isActive: boolean | null; createdAt: string; } | undefined' is not assignable to type '{ id: number; name: string; description: string | null; updatedAt: string; rate: number; hsnCodeRange: string | null; isActive: boolean | null; createdAt: string; } | null'.
  Type 'undefined' is not assignable to type '{ id: number; name: string; description: string | null; updatedAt: string; rate: number; hsnCodeRange: string | null; isActive: boolean | null; createdAt: string; } | null'.
../server/storage.ts(6338,9): error TS2300: Duplicate identifier 'createTaxCategory'.
../server/storage.ts(6364,9): error TS2300: Duplicate identifier 'updateTaxCategory'.
../server/storage.ts(6394,9): error TS2300: Duplicate identifier 'deleteTaxCategory'.
../server/storage.ts(6418,9): error TS2300: Duplicate identifier 'getHsnCodeById'.
../server/storage.ts(6420,7): error TS2322: Type '{ id: number; description: string; updatedAt: string; isActive: boolean | null; createdAt: string; hsnCode: string; taxCategoryId: number; cgstRate: number | null; sgstRate: number | null; igstRate: number | null; cessRate: number | null; taxCategory: never; } | undefined' is not assignable to type '{ id: number; description: string; updatedAt: string; isActive: boolean | null; createdAt: string; hsnCode: string; taxCategoryId: number; cgstRate: number | null; sgstRate: number | null; igstRate: number | null; cessRate: number | null; } | null'.
  Type 'undefined' is not assignable to type '{ id: number; description: string; updatedAt: string; isActive: boolean | null; createdAt: string; hsnCode: string; taxCategoryId: number; cgstRate: number | null; sgstRate: number | null; igstRate: number | null; cessRate: number | null; } | null'.
../server/storage.ts(6430,9): error TS2300: Duplicate identifier 'getHsnCodeByCode'.
../server/storage.ts(6432,7): error TS2322: Type '{ id: number; description: string; updatedAt: string; isActive: boolean | null; createdAt: string; hsnCode: string; taxCategoryId: number; cgstRate: number | null; sgstRate: number | null; igstRate: number | null; cessRate: number | null; taxCategory: never; } | undefined' is not assignable to type '{ id: number; description: string; updatedAt: string; isActive: boolean | null; createdAt: string; hsnCode: string; taxCategoryId: number; cgstRate: number | null; sgstRate: number | null; igstRate: number | null; cessRate: number | null; } | null'.
  Type 'undefined' is not assignable to type '{ id: number; description: string; updatedAt: string; isActive: boolean | null; createdAt: string; hsnCode: string; taxCategoryId: number; cgstRate: number | null; sgstRate: number | null; igstRate: number | null; cessRate: number | null; } | null'.
../server/storage.ts(6442,9): error TS2300: Duplicate identifier 'createHsnCode'.
../server/storage.ts(6473,9): error TS2300: Duplicate identifier 'updateHsnCode'.
../server/storage.ts(6509,9): error TS2300: Duplicate identifier 'deleteHsnCode'.
../server/vite.ts(39,5): error TS2322: Type '{ middlewareMode: boolean; hmr: { server: Server<typeof IncomingMessage, typeof ServerResponse>; }; allowedHosts: boolean; }' is not assignable to type 'ServerOptions'.
  Types of property 'allowedHosts' are incompatible.
    Type 'boolean' is not assignable to type 'true | string[] | undefined'.
../shared/schema.ts(514,13): error TS2300: Duplicate identifier 'BomItem'.
../shared/schema.ts(515,13): error TS2300: Duplicate identifier 'BomItemInsert'.
../shared/schema.ts(516,13): error TS2300: Duplicate identifier 'ProductionOrder'.
../shared/schema.ts(517,13): error TS2300: Duplicate identifier 'ProductionOrderInsert'.
../shared/schema.ts(518,13): error TS2300: Duplicate identifier 'ProductionOrderItem'.
../shared/schema.ts(519,13): error TS2300: Duplicate identifier 'ProductionOrderItemInsert'.
../shared/schema.ts(520,13): error TS2300: Duplicate identifier 'WasteRecord'.
../shared/schema.ts(521,13): error TS2300: Duplicate identifier 'WasteRecordInsert'.
../shared/schema.ts(796,13): error TS2300: Duplicate identifier 'TaxCategory'.
../shared/schema.ts(824,13): error TS2300: Duplicate identifier 'HsnCode'.
../shared/schema.ts(850,13): error TS2300: Duplicate identifier 'BomItemInsert'.
../shared/schema.ts(852,13): error TS2300: Duplicate identifier 'BomItem'.
../shared/schema.ts(867,13): error TS2300: Duplicate identifier 'ProductionOrderInsert'.
../shared/schema.ts(869,13): error TS2300: Duplicate identifier 'ProductionOrder'.
../shared/schema.ts(880,13): error TS2300: Duplicate identifier 'ProductionOrderItemInsert'.
../shared/schema.ts(882,13): error TS2300: Duplicate identifier 'ProductionOrderItem'.
../shared/schema.ts(893,13): error TS2300: Duplicate identifier 'WasteRecordInsert'.
../shared/schema.ts(895,13): error TS2300: Duplicate identifier 'WasteRecord'.
../shared/schema.ts(1472,13): error TS2300: Duplicate identifier 'TaxCategory'.
../shared/schema.ts(1478,13): error TS2300: Duplicate identifier 'HsnCode'.
